
Optional file libmchp_peripheral.a not found

Optional file libmchp_peripheral_32MX250F128B.a not found
Archive member included because of file (symbol)

f:/program files (x86)/microchip/xc32/v1.42/bin/bin/../../lib/gcc/pic32mx/4.8.3/../../../../pic32mx/lib\libpic32.a(memcmp.o)
                              build/default/production/_ext/1360937237/app.o (memcmp)
f:/program files (x86)/microchip/xc32/v1.42/bin/bin/../../lib/gcc/pic32mx/4.8.3/../../../../pic32mx/lib\libpic32.a(memcpy.o)
                              build/default/production/_ext/240043509/usb_device.o (memcpy)
f:/program files (x86)/microchip/xc32/v1.42/bin/bin/../../lib/gcc/pic32mx/4.8.3/../../../../pic32mx/lib\libpic32.a(default-bootstrap-exception-handler.o)
                              f:/program files (x86)/microchip/xc32/v1.42/bin/bin/../../lib/gcc/pic32mx/4.8.3/../../../../pic32mx/lib/./proc/32MX250F128B/crt0_mips32r2.o (_bootstrap_exception_handler)
f:/program files (x86)/microchip/xc32/v1.42/bin/bin/../../lib/gcc/pic32mx/4.8.3/../../../../pic32mx/lib\libpic32.a(default-on-reset.o)
                              f:/program files (x86)/microchip/xc32/v1.42/bin/bin/../../lib/gcc/pic32mx/4.8.3/../../../../pic32mx/lib/./proc/32MX250F128B/crt0_mips32r2.o (_on_reset)
f:/program files (x86)/microchip/xc32/v1.42/bin/bin/../../lib/gcc/pic32mx/4.8.3/../../../../pic32mx/lib\libpic32.a(default-on-bootstrap.o)
                              f:/program files (x86)/microchip/xc32/v1.42/bin/bin/../../lib/gcc/pic32mx/4.8.3/../../../../pic32mx/lib/./proc/32MX250F128B/crt0_mips32r2.o (_on_bootstrap)
f:/program files (x86)/microchip/xc32/v1.42/bin/bin/../../lib/gcc/pic32mx/4.8.3/../../../../pic32mx/lib\libpic32.a(default-nmi-handler.o)
                              f:/program files (x86)/microchip/xc32/v1.42/bin/bin/../../lib/gcc/pic32mx/4.8.3/../../../../pic32mx/lib/./proc/32MX250F128B/crt0_mips32r2.o (_nmi_handler)
f:/program files (x86)/microchip/xc32/v1.42/bin/bin/../../lib/gcc/pic32mx/4.8.3/../../../../pic32mx/lib\libpic32.a(general-exception.o)
                              f:/program files (x86)/microchip/xc32/v1.42/bin/bin/../../lib/gcc/pic32mx/4.8.3/../../../../pic32mx/lib/./proc/32MX250F128B/crt0_mips32r2.o (_general_exception_context)
f:/program files (x86)/microchip/xc32/v1.42/bin/bin/../../lib/gcc/pic32mx/4.8.3/../../../../pic32mx/lib\libpic32.a(vector0.o)
                              f:/program files (x86)/microchip/xc32/v1.42/bin/bin/../../lib/gcc/pic32mx/4.8.3/../../../../pic32mx/lib/./proc/32MX250F128B\default_isr_vectors.o (__vector_dispatch_0)
f:/program files (x86)/microchip/xc32/v1.42/bin/bin/../../lib/gcc/pic32mx/4.8.3/../../../../pic32mx/lib\libpic32.a(vector1.o)
                              f:/program files (x86)/microchip/xc32/v1.42/bin/bin/../../lib/gcc/pic32mx/4.8.3/../../../../pic32mx/lib/./proc/32MX250F128B\default_isr_vectors.o (__vector_dispatch_1)
f:/program files (x86)/microchip/xc32/v1.42/bin/bin/../../lib/gcc/pic32mx/4.8.3/../../../../pic32mx/lib\libpic32.a(vector2.o)
                              f:/program files (x86)/microchip/xc32/v1.42/bin/bin/../../lib/gcc/pic32mx/4.8.3/../../../../pic32mx/lib/./proc/32MX250F128B\default_isr_vectors.o (__vector_dispatch_2)
f:/program files (x86)/microchip/xc32/v1.42/bin/bin/../../lib/gcc/pic32mx/4.8.3/../../../../pic32mx/lib\libpic32.a(vector3.o)
                              f:/program files (x86)/microchip/xc32/v1.42/bin/bin/../../lib/gcc/pic32mx/4.8.3/../../../../pic32mx/lib/./proc/32MX250F128B\default_isr_vectors.o (__vector_dispatch_3)
f:/program files (x86)/microchip/xc32/v1.42/bin/bin/../../lib/gcc/pic32mx/4.8.3/../../../../pic32mx/lib\libpic32.a(vector4.o)
                              f:/program files (x86)/microchip/xc32/v1.42/bin/bin/../../lib/gcc/pic32mx/4.8.3/../../../../pic32mx/lib/./proc/32MX250F128B\default_isr_vectors.o (__vector_dispatch_4)
f:/program files (x86)/microchip/xc32/v1.42/bin/bin/../../lib/gcc/pic32mx/4.8.3/../../../../pic32mx/lib\libpic32.a(vector5.o)
                              f:/program files (x86)/microchip/xc32/v1.42/bin/bin/../../lib/gcc/pic32mx/4.8.3/../../../../pic32mx/lib/./proc/32MX250F128B\default_isr_vectors.o (__vector_dispatch_5)
f:/program files (x86)/microchip/xc32/v1.42/bin/bin/../../lib/gcc/pic32mx/4.8.3/../../../../pic32mx/lib\libpic32.a(vector6.o)
                              f:/program files (x86)/microchip/xc32/v1.42/bin/bin/../../lib/gcc/pic32mx/4.8.3/../../../../pic32mx/lib/./proc/32MX250F128B\default_isr_vectors.o (__vector_dispatch_6)
f:/program files (x86)/microchip/xc32/v1.42/bin/bin/../../lib/gcc/pic32mx/4.8.3/../../../../pic32mx/lib\libpic32.a(vector7.o)
                              f:/program files (x86)/microchip/xc32/v1.42/bin/bin/../../lib/gcc/pic32mx/4.8.3/../../../../pic32mx/lib/./proc/32MX250F128B\default_isr_vectors.o (__vector_dispatch_7)
f:/program files (x86)/microchip/xc32/v1.42/bin/bin/../../lib/gcc/pic32mx/4.8.3/../../../../pic32mx/lib\libpic32.a(vector8.o)
[...]
Memory Configuration

Name             Origin             Length             Attributes
kseg0_program_mem 0x9d000000         0x0001f000         xr
exception_mem    0x9d01f000         0x00001000
debug_exec_mem   0x9fc00490         0x00000760
kseg0_boot_mem   0x9fc00490         0x00000000
kseg1_boot_mem   0xbfc00000         0x00000490
config3          0xbfc00bf0         0x00000004
config2          0xbfc00bf4         0x00000004
config1          0xbfc00bf8         0x00000004
config0          0xbfc00bfc         0x00000004
kseg1_data_mem   0xa0000000         0x00008000         w !x
sfrs             0xbf800000         0x00100000
configsfrs       0xbfc00bf0         0x00000010
*default*        0x00000000         0xffffffff

Linker script and memory map

LOAD f:/program files (x86)/microchip/xc32/v1.42/bin/bin/../../lib/gcc/pic32mx/4.8.3/../../../../pic32mx/lib/./proc/32MX250F128B/crt0_mips32r2.o
LOAD f:/program files (x86)/microchip/xc32/v1.42/bin/bin/../../lib/gcc/pic32mx/4.8.3/../../../../pic32mx/lib\debug-exception-return.o
LOAD build/default/production/_ext/639803181/sys_clk_static.o
LOAD build/default/production/_ext/822048611/sys_ports_static.o
LOAD build/default/production/_ext/1688732426/system_init.o
LOAD build/default/production/_ext/1688732426/system_interrupt.o
LOAD build/default/production/_ext/1688732426/system_exceptions.o
LOAD build/default/production/_ext/1688732426/system_tasks.o
LOAD build/default/production/_ext/1360937237/app.o
LOAD build/default/production/_ext/1360937237/main.o
LOAD build/default/production/_ext/1360937237/mouse.o
LOAD build/default/production/i2c_master_noint.o
LOAD build/default/production/ILI9163C.o
LOAD build/default/production/_ext/1820355960/drv_usbfs.o
LOAD build/default/production/_ext/1820355960/drv_usbfs_device.o
LOAD build/default/production/_ext/2015905298/sys_devcon.o
LOAD build/default/production/_ext/2015905298/sys_devcon_pic32mx.o
LOAD build/default/production/_ext/1235250312/sys_int_pic32.o
LOAD build/default/production/_ext/240043509/usb_device.o
LOAD build/default/production/_ext/240043509/usb_device_hid.o
LOAD ..\..\..\..\..\microchip\harmony\v1_10\bin\framework\peripheral\PIC32MX250F128B_peripherals.a
                0x00000001                __MPLAB_BUILD = 0x1
                0x00000000                _min_heap_size = 0x0
LOAD f:/program files (x86)/microchip/xc32/v1.42/bin/bin/../../lib/gcc/pic32mx/4.8.3/../../../../pic32mx/lib/./proc/32MX250F128B\default_isr_vectors.o
LOAD f:/program files (x86)/microchip/xc32/v1.42/bin/bin/../../lib/gcc/pic32mx/4.8.3/../../../../pic32mx/lib\pic32_software_reset.o
                0x00000400                PROVIDE (_min_stack_size, 0x400)
LOAD f:/program files (x86)/microchip/xc32/v1.42/bin/bin/../../lib/gcc/pic32mx/4.8.3/../../../../pic32mx/lib/./proc/32MX250F128B\processor.o
START GROUP
LOAD libmchp_peripheral.a
END GROUP
START GROUP
LOAD libmchp_peripheral_32MX250F128B.a
END GROUP
                0x00000001                PROVIDE (_vector_spacing, 0x1)
                0x9d01f000                PROVIDE (_ebase_address, 0x9d01f000)
                0xbfc00000                _RESET_ADDR = 0xbfc00000
                0xbfc00380                _BEV_EXCPT_ADDR = 0xbfc00380
                0xbfc00480                _DBG_EXCPT_ADDR = 0xbfc00480
                0x9fc00490                _DBG_CODE_ADDR = 0x9fc00490
                0x00000760                _DBG_CODE_SIZE = 0x760
                0x9d01f180                _GEN_EXCPT_ADDR = (_ebase_address + 0x180)

.config_BFC00BF0
                0xbfc00bf0        0x4
 *(.config_BFC00BF0)
 .config_BFC00BF0
                0xbfc00bf0        0x4 build/default/production/_ext/1688732426/system_init.o

.config_BFC00BF4
                0xbfc00bf4        0x4
 *(.config_BFC00BF4)
 .config_BFC00BF4
                0xbfc00bf4        0x4 build/default/production/_ext/1688732426/system_init.o

.config_BFC00BF8
                0xbfc00bf8        0x4
 *(.config_BFC00BF8)
 .config_BFC00BF8
                0xbfc00bf8        0x4 build/default/production/_ext/1688732426/system_init.o

.config_BFC00BFC
                0xbfc00bfc        0x4
 *(.config_BFC00BFC)
 .config_BFC00BFC
                0xbfc00bfc        0x4 build/default/production/_ext/1688732426/system_init.o
                0xbfc02000                PROVIDE (_DBG_CODE_ADDR, 0xbfc02000)
                0x00000ff0                PROVIDE (_DBG_CODE_SIZE, 0xff0)

.reset          0xbfc00000      0x1e4
 *(.reset)
 .reset         0xbfc00000        0x8 f:/program files (x86)/microchip/xc32/v1.42/bin/bin/../../lib/gcc/pic32mx/4.8.3/../../../../pic32mx/lib/./proc/32MX250F128B/crt0_mips32r2.o
                0xbfc00000                _reset
 *(.reset.startup)
 .reset.startup
                0xbfc00008      0x1dc f:/program files (x86)/microchip/xc32/v1.42/bin/bin/../../lib/gcc/pic32mx/4.8.3/../../../../pic32mx/lib/./proc/32MX250F128B/crt0_mips32r2.o

.bev_excpt      0xbfc00380       0x10
 *(.bev_handler)
 .bev_handler   0xbfc00380       0x10 f:/program files (x86)/microchip/xc32/v1.42/bin/bin/../../lib/gcc/pic32mx/4.8.3/../../../../pic32mx/lib/./proc/32MX250F128B/crt0_mips32r2.o

.dbg_excpt      0xbfc00480        0x0
                0xbfc00480                . = (. + DEFINED (_DEBUGGER)?0x8:0x0)

.dbg_code       0x9fc00490        0x0
                0x9fc00490                . = (. + DEFINED (_DEBUGGER)?_DBG_CODE_SIZE:0x0)

.app_excpt      0x9d01f180       0x10
 *(.gen_handler)
 .gen_handler   0x9d01f180       0x10 f:/program files (x86)/microchip/xc32/v1.42/bin/bin/../../lib/gcc/pic32mx/4.8.3/../../../../pic32mx/lib/./proc/32MX250F128B/crt0_mips32r2.o

.vector_0       0x9d01f200        0x8
 *(.vector_0)
 .vector_0      0x9d01f200        0x8 f:/program files (x86)/microchip/xc32/v1.42/bin/bin/../../lib/gcc/pic32mx/4.8.3/../../../../pic32mx/lib\libpic32.a(vector0.o)
                0x9d01f200                __vector_dispatch_0
                0x00000001                ASSERT (((_vector_spacing == 0x0) || (SIZEOF (.vector_0) <= (_vector_spacing << 0x5))), function at exception vector 0 too large)

.vector_1       0x9d01f220        0x8
 *(.vector_1)
 .vector_1      0x9d01f220        0x8 f:/program files (x86)/microchip/xc32/v1.42/bin/bin/../../lib/gcc/pic32mx/4.8.3/../../../../pic32mx/lib\libpic32.a(vector1.o)
                0x9d01f220                __vector_dispatch_1
                0x00000001                ASSERT (((_vector_spacing == 0x0) || (SIZEOF (.vector_1) <= (_vector_spacing << 0x5))), function at exception vector 1 too large)

.vector_2       0x9d01f240        0x8
 *(.vector_2)
 .vector_2      0x9d01f240        0x8 f:/program files (x86)/microchip/xc32/v1.42/bin/bin/../../lib/gcc/pic32mx/4.8.3/../../../../pic32mx/lib\libpic32.a(vector2.o)
                0x9d01f240                __vector_dispatch_2
                0x00000001                ASSERT (((_vector_spacing == 0x0) || (SIZEOF (.vector_2) <= (_vector_spacing << 0x5))), function at exception vector 2 too large)

.vector_3       0x9d01f260        0x8
 *(.vector_3)
 .vector_3      0x9d01f260        0x8 f:/program files (x86)/microchip/xc32/v1.42/bin/bin/../../lib/gcc/pic32mx/4.8.3/../../../../pic32mx/lib\libpic32.a(vector3.o)
                0x9d01f260                __vector_dispatch_3
                0x00000001                ASSERT (((_vector_spacing == 0x0) || (SIZEOF (.vector_3) <= (_vector_spacing << 0x5))), function at exception vector 3 too large)

.vector_4       0x9d01f280        0x8
 *(.vector_4)
 .vector_4      0x9d01f280        0x8 f:/program files (x86)/microchip/xc32/v1.42/bin/bin/../../lib/gcc/pic32mx/4.8.3/../../../../pic32mx/lib\libpic32.a(vector4.o)
                0x9d01f280                __vector_dispatch_4
                0x00000001                ASSERT (((_vector_spacing == 0x0) || (SIZEOF (.vector_4) <= (_vector_spacing << 0x5))), function at exception vector 4 too large)

.vector_5       0x9d01f2a0        0x8
 *(.vector_5)
 .vector_5      0x9d01f2a0        0x8 f:/program files (x86)/microchip/xc32/v1.42/bin/bin/../../lib/gcc/pic32mx/4.8.3/../../../../pic32mx/lib\libpic32.a(vector5.o)
                0x9d01f2a0                __vector_dispatch_5
                0x00000001                ASSERT (((_vector_spacing == 0x0) || (SIZEOF (.vector_5) <= (_vector_spacing << 0x5))), function at exception vector 5 too large)

.vector_6       0x9d01f2c0        0x8
 *(.vector_6)
 .vector_6      0x9d01f2c0        0x8 f:/program files (x86)/microchip/xc32/v1.42/bin/bin/../../lib/gcc/pic32mx/4.8.3/../../../../pic32mx/lib\libpic32.a(vector6.o)
                0x9d01f2c0                __vector_dispatch_6
                0x00000001                ASSERT (((_vector_spacing == 0x0) || (SIZEOF (.vector_6) <= (_vector_spacing << 0x5))), function at exception vector 6 too large)

.vector_7       0x9d01f2e0        0x8
 *(.vector_7)
 .vector_7      0x9d01f2e0        0x8 f:/program files (x86)/microchip/xc32/v1.42/bin/bin/../../lib/gcc/pic32mx/4.8.3/../../../../pic32mx/lib\libpic32.a(vector7.o)
                0x9d01f2e0                __vector_dispatch_7
                0x00000001                ASSERT (((_vector_spacing == 0x0) || (SIZEOF (.vector_7) <= (_vector_spacing << 0x5))), function at exception vector 7 too large)

.vector_8       0x9d01f300        0x8
 *(.vector_8)
 .vector_8      0x9d01f300        0x8 f:/program files (x86)/microchip/xc32/v1.42/bin/bin/../../lib/gcc/pic32mx/4.8.3/../../../../pic32mx/lib\libpic32.a(vector8.o)
                0x9d01f300                __vector_dispatch_8
                0x00000001                ASSERT (((_vector_spacing == 0x0) || (SIZEOF (.vector_8) <= (_vector_spacing << 0x5))), function at exception vector 8 too large)

.vector_9       0x9d01f320        0x8
 *(.vector_9)
 .vector_9      0x9d01f320        0x8 f:/program files (x86)/microchip/xc32/v1.42/bin/bin/../../lib/gcc/pic32mx/4.8.3/../../../../pic32mx/lib\libpic32.a(vector9.o)
                0x9d01f320                __vector_dispatch_9
                0x00000001                ASSERT (((_vector_spacing == 0x0) || (SIZEOF (.vector_9) <= (_vector_spacing << 0x5))), function at exception vector 9 too large)

.vector_10      0x9d01f340        0x8
 *(.vector_10)
 .vector_10     0x9d01f340        0x8 f:/program files (x86)/microchip/xc32/v1.42/bin/bin/../../lib/gcc/pic32mx/4.8.3/../../../../pic32mx/lib\libpic32.a(vector10.o)
                0x9d01f340                __vector_dispatch_10
                0x00000001                ASSERT (((_vector_spacing == 0x0) || (SIZEOF (.vector_10) <= (_vector_spacing << 0x5))), function at exception vector 10 too large)

.vector_11      0x9d01f360        0x8
 *(.vector_11)
 .vector_11     0x9d01f360        0x8 f:/program files (x86)/microchip/xc32/v1.42/bin/bin/../../lib/gcc/pic32mx/4.8.3/../../../../pic32mx/lib\libpic32.a(vector11.o)
                0x9d01f360                __vector_dispatch_11
                0x00000001                ASSERT (((_vector_spacing == 0x0) || (SIZEOF (.vector_11) <= (_vector_spacing << 0x5))), function at exception vector 11 too large)

.vector_12      0x9d01f380        0x8
 *(.vector_12)
 .vector_12     0x9d01f380        0x8 f:/program files (x86)/microchip/xc32/v1.42/bin/bin/../../lib/gcc/pic32mx/4.8.3/../../../../pic32mx/lib\libpic32.a(vector12.o)
                0x9d01f380                __vector_dispatch_12
                0x00000001                ASSERT (((_vector_spacing == 0x0) || (SIZEOF (.vector_12) <= (_vector_spacing << 0x5))), function at exception vector 12 too large)

.vector_13      0x9d01f3a0        0x8
 *(.vector_13)
 .vector_13     0x9d01f3a0        0x8 f:/program files (x86)/microchip/xc32/v1.42/bin/bin/../../lib/gcc/pic32mx/4.8.3/../../../../pic32mx/lib\libpic32.a(vector13.o)
                0x9d01f3a0                __vector_dispatch_13
                0x00000001                ASSERT (((_vector_spacing == 0x0) || (SIZEOF (.vector_13) <= (_vector_spacing << 0x5))), function at exception vector 13 too large)

.vector_14      0x9d01f3c0        0x8
 *(.vector_14)
 .vector_14     0x9d01f3c0        0x8 f:/program files (x86)/microchip/xc32/v1.42/bin/bin/../../lib/gcc/pic32mx/4.8.3/../../../../pic32mx/lib\libpic32.a(vector14.o)
                0x9d01f3c0                __vector_dispatch_14
                0x00000001                ASSERT (((_vector_spacing == 0x0) || (SIZEOF (.vector_14) <= (_vector_spacing << 0x5))), function at exception vector 14 too large)

.vector_15      0x9d01f3e0        0x8
 *(.vector_15)
 .vector_15     0x9d01f3e0        0x8 f:/program files (x86)/microchip/xc32/v1.42/bin/bin/../../lib/gcc/pic32mx/4.8.3/../../../../pic32mx/lib\libpic32.a(vector15.o)
                0x9d01f3e0                __vector_dispatch_15
                0x00000001                ASSERT (((_vector_spacing == 0x0) || (SIZEOF (.vector_15) <= (_vector_spacing << 0x5))), function at exception vector 15 too large)

.vector_16      0x9d01f400        0x8
 *(.vector_16)
 .vector_16     0x9d01f400        0x8 f:/program files (x86)/microchip/xc32/v1.42/bin/bin/../../lib/gcc/pic32mx/4.8.3/../../../../pic32mx/lib\libpic32.a(vector16.o)
                0x9d01f400                __vector_dispatch_16
                0x00000001                ASSERT (((_vector_spacing == 0x0) || (SIZEOF (.vector_16) <= (_vector_spacing << 0x5))), function at exception vector 16 too large)

.vector_17      0x9d01f420        0x8
 *(.vector_17)
 .vector_17     0x9d01f420        0x8 f:/program files (x86)/microchip/xc32/v1.42/bin/bin/../../lib/gcc/pic32mx/4.8.3/../../../../pic32mx/lib\libpic32.a(vector17.o)
                0x9d01f420                __vector_dispatch_17
                0x00000001                ASSERT (((_vector_spacing == 0x0) || (SIZEOF (.vector_17) <= (_vector_spacing << 0x5))), function at exception vector 17 too large)

.vector_18      0x9d01f440        0x8
 *(.vector_18)
 .vector_18     0x9d01f440        0x8 f:/program files (x86)/microchip/xc32/v1.42/bin/bin/../../lib/gcc/pic32mx/4.8.3/../../../../pic32mx/lib\libpic32.a(vector18.o)
                0x9d01f440                __vector_dispatch_18
                0x00000001                ASSERT (((_vector_spacing == 0x0) || (SIZEOF (.vector_18) <= (_vector_spacing << 0x5))), function at exception vector 18 too large)

.vector_19      0x9d01f460        0x8
 *(.vector_19)
 .vector_19     0x9d01f460        0x8 f:/program files (x86)/microchip/xc32/v1.42/bin/bin/../../lib/gcc/pic32mx/4.8.3/../../../../pic32mx/lib\libpic32.a(vector19.o)
                0x9d01f460                __vector_dispatch_19
                0x00000001                ASSERT (((_vector_spacing == 0x0) || (SIZEOF (.vector_19) <= (_vector_spacing << 0x5))), function at exception vector 19 too large)

.vector_20      0x9d01f480        0x8
 *(.vector_20)
 .vector_20     0x9d01f480        0x8 f:/program files (x86)/microchip/xc32/v1.42/bin/bin/../../lib/gcc/pic32mx/4.8.3/../../../../pic32mx/lib\libpic32.a(vector20.o)
                0x9d01f480                __vector_dispatch_20
                0x00000001                ASSERT (((_vector_spacing == 0x0) || (SIZEOF (.vector_20) <= (_vector_spacing << 0x5))), function at exception vector 20 too large)

.vector_21      0x9d01f4a0        0x8
 *(.vector_21)
 .vector_21     0x9d01f4a0        0x8 f:/program files (x86)/microchip/xc32/v1.42/bin/bin/../../lib/gcc/pic32mx/4.8.3/../../../../pic32mx/lib\libpic32.a(vector21.o)
                0x9d01f4a0                __vector_dispatch_21
                0x00000001                ASSERT (((_vector_spacing == 0x0) || (SIZEOF (.vector_21) <= (_vector_spacing << 0x5))), function at exception vector 21 too large)

.vector_22      0x9d01f4c0        0x8
 *(.vector_22)
 .vector_22     0x9d01f4c0        0x8 f:/program files (x86)/microchip/xc32/v1.42/bin/bin/../../lib/gcc/pic32mx/4.8.3/../../../../pic32mx/lib\libpic32.a(vector22.o)
                0x9d01f4c0                __vector_dispatch_22
                0x00000001                ASSERT (((_vector_spacing == 0x0) || (SIZEOF (.vector_22) <= (_vector_spacing << 0x5))), function at exception vector 22 too large)

.vector_23      0x9d01f4e0        0x8
 *(.vector_23)
 .vector_23     0x9d01f4e0        0x8 f:/program files (x86)/microchip/xc32/v1.42/bin/bin/../../lib/gcc/pic32mx/4.8.3/../../../../pic32mx/lib\libpic32.a(vector23.o)
                0x9d01f4e0                __vector_dispatch_23
                0x00000001                ASSERT (((_vector_spacing == 0x0) || (SIZEOF (.vector_23) <= (_vector_spacing << 0x5))), function at exception vector 23 too large)

.vector_24      0x9d01f500        0x8
 *(.vector_24)
 .vector_24     0x9d01f500        0x8 f:/program files (x86)/microchip/xc32/v1.42/bin/bin/../../lib/gcc/pic32mx/4.8.3/../../../../pic32mx/lib\libpic32.a(vector24.o)
                0x9d01f500                __vector_dispatch_24
                0x00000001                ASSERT (((_vector_spacing == 0x0) || (SIZEOF (.vector_24) <= (_vector_spacing << 0x5))), function at exception vector 24 too large)

.vector_25      0x9d01f520        0x8
 *(.vector_25)
 .vector_25     0x9d01f520        0x8 f:/program files (x86)/microchip/xc32/v1.42/bin/bin/../../lib/gcc/pic32mx/4.8.3/../../../../pic32mx/lib\libpic32.a(vector25.o)
                0x9d01f520                __vector_dispatch_25
                0x00000001                ASSERT (((_vector_spacing == 0x0) || (SIZEOF (.vector_25) <= (_vector_spacing << 0x5))), function at exception vector 25 too large)

.vector_26      0x9d01f540        0x8
 *(.vector_26)
 .vector_26     0x9d01f540        0x8 f:/program files (x86)/microchip/xc32/v1.42/bin/bin/../../lib/gcc/pic32mx/4.8.3/../../../../pic32mx/lib\libpic32.a(vector26.o)
                0x9d01f540                __vector_dispatch_26
                0x00000001                ASSERT (((_vector_spacing == 0x0) || (SIZEOF (.vector_26) <= (_vector_spacing << 0x5))), function at exception vector 26 too large)

.vector_27      0x9d01f560        0x8
 *(.vector_27)
 .vector_27     0x9d01f560        0x8 f:/program files (x86)/microchip/xc32/v1.42/bin/bin/../../lib/gcc/pic32mx/4.8.3/../../../../pic32mx/lib\libpic32.a(vector27.o)
                0x9d01f560                __vector_dispatch_27
                0x00000001                ASSERT (((_vector_spacing == 0x0) || (SIZEOF (.vector_27) <= (_vector_spacing << 0x5))), function at exception vector 27 too large)

.vector_28      0x9d01f580        0x8
 *(.vector_28)
 .vector_28     0x9d01f580        0x8 f:/program files (x86)/microchip/xc32/v1.42/bin/bin/../../lib/gcc/pic32mx/4.8.3/../../../../pic32mx/lib\libpic32.a(vector28.o)
                0x9d01f580                __vector_dispatch_28
                0x00000001                ASSERT (((_vector_spacing == 0x0) || (SIZEOF (.vector_28) <= (_vector_spacing << 0x5))), function at exception vector 28 too large)

.vector_29      0x9d01f5a0        0x8
 *(.vector_29)
 .vector_29     0x9d01f5a0        0x8 f:/program files (x86)/microchip/xc32/v1.42/bin/bin/../../lib/gcc/pic32mx/4.8.3/../../../../pic32mx/lib\libpic32.a(vector29.o)
                0x9d01f5a0                __vector_dispatch_29
                0x00000001                ASSERT (((_vector_spacing == 0x0) || (SIZEOF (.vector_29) <= (_vector_spacing << 0x5))), function at exception vector 29 too large)

.vector_30      0x9d01f5c0        0x8
 *(.vector_30)
 .vector_30     0x9d01f5c0        0x8 build/default/production/_ext/1688732426/system_interrupt.o
                0x9d01f5c0                __vector_dispatch_30
                0x00000001                ASSERT (((_vector_spacing == 0x0) || (SIZEOF (.vector_30) <= (_vector_spacing << 0x5))), function at exception vector 30 too large)

.vector_31      0x9d01f5e0        0x8
 *(.vector_31)
 .vector_31     0x9d01f5e0        0x8 f:/program files (x86)/microchip/xc32/v1.42/bin/bin/../../lib/gcc/pic32mx/4.8.3/../../../../pic32mx/lib\libpic32.a(vector31.o)
                0x9d01f5e0                __vector_dispatch_31
                0x00000001                ASSERT (((_vector_spacing == 0x0) || (SIZEOF (.vector_31) <= (_vector_spacing << 0x5))), function at exception vector 31 too large)

.vector_32      0x9d01f600        0x8
 *(.vector_32)
 .vector_32     0x9d01f600        0x8 f:/program files (x86)/microchip/xc32/v1.42/bin/bin/../../lib/gcc/pic32mx/4.8.3/../../../../pic32mx/lib\libpic32.a(vector32.o)
                0x9d01f600                __vector_dispatch_32
                0x00000001                ASSERT (((_vector_spacing == 0x0) || (SIZEOF (.vector_32) <= (_vector_spacing << 0x5))), function at exception vector 32 too large)

.vector_33      0x9d01f620        0x8
 *(.vector_33)
 .vector_33     0x9d01f620        0x8 f:/program files (x86)/microchip/xc32/v1.42/bin/bin/../../lib/gcc/pic32mx/4.8.3/../../../../pic32mx/lib\libpic32.a(vector33.o)
                0x9d01f620                __vector_dispatch_33
                0x00000001                ASSERT (((_vector_spacing == 0x0) || (SIZEOF (.vector_33) <= (_vector_spacing << 0x5))), function at exception vector 33 too large)

.vector_34      0x9d01f640        0x8
 *(.vector_34)
 .vector_34     0x9d01f640        0x8 f:/program files (x86)/microchip/xc32/v1.42/bin/bin/../../lib/gcc/pic32mx/4.8.3/../../../../pic32mx/lib\libpic32.a(vector34.o)
                0x9d01f640                __vector_dispatch_34
                0x00000001                ASSERT (((_vector_spacing == 0x0) || (SIZEOF (.vector_34) <= (_vector_spacing << 0x5))), function at exception vector 34 too large)

.vector_35      0x9d01f660        0x8
 *(.vector_35)
 .vector_35     0x9d01f660        0x8 f:/program files (x86)/microchip/xc32/v1.42/bin/bin/../../lib/gcc/pic32mx/4.8.3/../../../../pic32mx/lib\libpic32.a(vector35.o)
                0x9d01f660                __vector_dispatch_35
                0x00000001                ASSERT (((_vector_spacing == 0x0) || (SIZEOF (.vector_35) <= (_vector_spacing << 0x5))), function at exception vector 35 too large)

.vector_36      0x9d01f680        0x8
 *(.vector_36)
 .vector_36     0x9d01f680        0x8 f:/program files (x86)/microchip/xc32/v1.42/bin/bin/../../lib/gcc/pic32mx/4.8.3/../../../../pic32mx/lib\libpic32.a(vector36.o)
                0x9d01f680                __vector_dispatch_36
                0x00000001                ASSERT (((_vector_spacing == 0x0) || (SIZEOF (.vector_36) <= (_vector_spacing << 0x5))), function at exception vector 36 too large)

.vector_37      0x9d01f6a0        0x8
 *(.vector_37)
 .vector_37     0x9d01f6a0        0x8 f:/program files (x86)/microchip/xc32/v1.42/bin/bin/../../lib/gcc/pic32mx/4.8.3/../../../../pic32mx/lib\libpic32.a(vector37.o)
                0x9d01f6a0                __vector_dispatch_37
                0x00000001                ASSERT (((_vector_spacing == 0x0) || (SIZEOF (.vector_37) <= (_vector_spacing << 0x5))), function at exception vector 37 too large)

.vector_38      0x9d01f6c0        0x8
 *(.vector_38)
 .vector_38     0x9d01f6c0        0x8 f:/program files (x86)/microchip/xc32/v1.42/bin/bin/../../lib/gcc/pic32mx/4.8.3/../../../../pic32mx/lib\libpic32.a(vector38.o)
                0x9d01f6c0                __vector_dispatch_38
                0x00000001                ASSERT (((_vector_spacing == 0x0) || (SIZEOF (.vector_38) <= (_vector_spacing << 0x5))), function at exception vector 38 too large)

.vector_39      0x9d01f6e0        0x8
 *(.vector_39)
 .vector_39     0x9d01f6e0        0x8 f:/program files (x86)/microchip/xc32/v1.42/bin/bin/../../lib/gcc/pic32mx/4.8.3/../../../../pic32mx/lib\libpic32.a(vector39.o)
                0x9d01f6e0                __vector_dispatch_39
                0x00000001                ASSERT (((_vector_spacing == 0x0) || (SIZEOF (.vector_39) <= (_vector_spacing << 0x5))), function at exception vector 39 too large)

.vector_40      0x9d01f700        0x8
 *(.vector_40)
 .vector_40     0x9d01f700        0x8 f:/program files (x86)/microchip/xc32/v1.42/bin/bin/../../lib/gcc/pic32mx/4.8.3/../../../../pic32mx/lib\libpic32.a(vector40.o)
                0x9d01f700                __vector_dispatch_40
                0x00000001                ASSERT (((_vector_spacing == 0x0) || (SIZEOF (.vector_40) <= (_vector_spacing << 0x5))), function at exception vector 40 too large)

.vector_41      0x9d01f720        0x8
 *(.vector_41)
 .vector_41     0x9d01f720        0x8 f:/program files (x86)/microchip/xc32/v1.42/bin/bin/../../lib/gcc/pic32mx/4.8.3/../../../../pic32mx/lib\libpic32.a(vector41.o)
                0x9d01f720                __vector_dispatch_41
                0x00000001                ASSERT (((_vector_spacing == 0x0) || (SIZEOF (.vector_41) <= (_vector_spacing << 0x5))), function at exception vector 41 too large)

.vector_42      0x9d01f740        0x8
 *(.vector_42)
 .vector_42     0x9d01f740        0x8 f:/program files (x86)/microchip/xc32/v1.42/bin/bin/../../lib/gcc/pic32mx/4.8.3/../../../../pic32mx/lib\libpic32.a(vector42.o)
                0x9d01f740                __vector_dispatch_42
                0x00000001                ASSERT (((_vector_spacing == 0x0) || (SIZEOF (.vector_42) <= (_vector_spacing << 0x5))), function at exception vector 42 too large)

.vector_43      0x9d01f760        0x8
 *(.vector_43)
 .vector_43     0x9d01f760        0x8 f:/program files (x86)/microchip/xc32/v1.42/bin/bin/../../lib/gcc/pic32mx/4.8.3/../../../../pic32mx/lib\libpic32.a(vector43.o)
                0x9d01f760                __vector_dispatch_43
                0x00000001                ASSERT (((_vector_spacing == 0x0) || (SIZEOF (.vector_43) <= (_vector_spacing << 0x5))), function at exception vector 43 too large)

.vector_44      0x9d01f780        0x0
 *(.vector_44)
                0x00000001                ASSERT (((_vector_spacing == 0x0) || (SIZEOF (.vector_44) <= (_vector_spacing << 0x5))), function at exception vector 44 too large)

.vector_45      0x9d01f7a0        0x0
 *(.vector_45)
                0x00000001                ASSERT (((_vector_spacing == 0x0) || (SIZEOF (.vector_45) <= (_vector_spacing << 0x5))), function at exception vector 45 too large)

.vector_46      0x9d01f7c0        0x0
 *(.vector_46)
                0x00000001                ASSERT (((_vector_spacing == 0x0) || (SIZEOF (.vector_46) <= (_vector_spacing << 0x5))), function at exception vector 46 too large)

.vector_47      0x9d01f7e0        0x0
 *(.vector_47)
                0x00000001                ASSERT (((_vector_spacing == 0x0) || (SIZEOF (.vector_47) <= (_vector_spacing << 0x5))), function at exception vector 47 too large)

.vector_48      0x9d01f800        0x0
 *(.vector_48)
                0x00000001                ASSERT (((_vector_spacing == 0x0) || (SIZEOF (.vector_48) <= (_vector_spacing << 0x5))), function at exception vector 48 too large)

.vector_49      0x9d01f820        0x0
 *(.vector_49)
                0x00000001                ASSERT (((_vector_spacing == 0x0) || (SIZEOF (.vector_49) <= (_vector_spacing << 0x5))), function at exception vector 49 too large)

.vector_50      0x9d01f840        0x0
 *(.vector_50)
                0x00000001                ASSERT (((_vector_spacing == 0x0) || (SIZEOF (.vector_50) <= (_vector_spacing << 0x5))), function at exception vector 50 too large)

.vector_51      0x9d01f860        0x0
 *(.vector_51)
                0x00000001                ASSERT (((_vector_spacing == 0x0) || (SIZEOF (.vector_51) <= (_vector_spacing << 0x5))), function at exception vector 51 too large)

.vector_52      0x9d01f880        0x0
 *(.vector_52)
                0x00000001                ASSERT (((_vector_spacing == 0x0) || (SIZEOF (.vector_52) <= (_vector_spacing << 0x5))), function at exception vector 52 too large)

.vector_53      0x9d01f8a0        0x0
 *(.vector_53)
                0x00000001                ASSERT (((_vector_spacing == 0x0) || (SIZEOF (.vector_53) <= (_vector_spacing << 0x5))), function at exception vector 53 too large)

.vector_54      0x9d01f8c0        0x0
 *(.vector_54)
                0x00000001                ASSERT (((_vector_spacing == 0x0) || (SIZEOF (.vector_54) <= (_vector_spacing << 0x5))), function at exception vector 54 too large)

.vector_55      0x9d01f8e0        0x0
 *(.vector_55)
                0x00000001                ASSERT (((_vector_spacing == 0x0) || (SIZEOF (.vector_55) <= (_vector_spacing << 0x5))), function at exception vector 55 too large)

.vector_56      0x9d01f900        0x0
 *(.vector_56)
                0x00000001                ASSERT (((_vector_spacing == 0x0) || (SIZEOF (.vector_56) <= (_vector_spacing << 0x5))), function at exception vector 56 too large)

.vector_57      0x9d01f920        0x0
 *(.vector_57)
                0x00000001                ASSERT (((_vector_spacing == 0x0) || (SIZEOF (.vector_57) <= (_vector_spacing << 0x5))), function at exception vector 57 too large)

.vector_58      0x9d01f940        0x0
 *(.vector_58)
                0x00000001                ASSERT (((_vector_spacing == 0x0) || (SIZEOF (.vector_58) <= (_vector_spacing << 0x5))), function at exception vector 58 too large)

.vector_59      0x9d01f960        0x0
 *(.vector_59)
                0x00000001                ASSERT (((_vector_spacing == 0x0) || (SIZEOF (.vector_59) <= (_vector_spacing << 0x5))), function at exception vector 59 too large)

.vector_60      0x9d01f980        0x0
 *(.vector_60)
                0x00000001                ASSERT (((_vector_spacing == 0x0) || (SIZEOF (.vector_60) <= (_vector_spacing << 0x5))), function at exception vector 60 too large)

.vector_61      0x9d01f9a0        0x0
 *(.vector_61)
                0x00000001                ASSERT (((_vector_spacing == 0x0) || (SIZEOF (.vector_61) <= (_vector_spacing << 0x5))), function at exception vector 61 too large)

.vector_62      0x9d01f9c0        0x0
 *(.vector_62)
                0x00000001                ASSERT (((_vector_spacing == 0x0) || (SIZEOF (.vector_62) <= (_vector_spacing << 0x5))), function at exception vector 62 too large)

.vector_63      0x9d01f9e0        0x0
 *(.vector_63)
                0x00000001                ASSERT (((_vector_spacing == 0x0) || (SIZEOF (.vector_63) <= (_vector_spacing << 0x5))), function at exception vector 63 too large)

.startup
 *(.startup)

.text           0x9d000000        0x0
 *(.stub .gnu.linkonce.t.*)
 *(.text.*personality*)
 *(.mips16.fn.*)
 *(.mips16.call.*)
 *(.gnu.warning)
                0x9d000000                . = ALIGN (0x4)

.init           0x9d000000        0x0
 *crti.o(.init)
 *crtbegin.o(.init)
 *(EXCLUDE_FILE(*crtn.o *crtend?.o *crtend.o) .init)
 *crtend.o(.init)
 *crtn.o(.init)
                0x9d000000                . = ALIGN (0x4)

.fini           0x9d000000        0x0
 *(.fini)
                0x9d000000                . = ALIGN (0x4)

.preinit_array  0x9d000000        0x0
                0x9d000000                PROVIDE (__preinit_array_start, .)
 *(.preinit_array)
                0x9d000000                PROVIDE (__preinit_array_end, .)
                0x9d000000                . = ALIGN (0x4)

.init_array     0x9d000000        0x0
                0x9d000000                PROVIDE (__init_array_start, .)
 *(SORT(.init_array.*))
 *(.init_array)
                0x9d000000                PROVIDE (__init_array_end, .)
                0x9d000000                . = ALIGN (0x4)

.fini_array     0x9d000000        0x0
                0x9d000000                PROVIDE (__fini_array_start, .)
 *(SORT(.fini_array.*))
 *(.fini_array)
                0x9d000000                PROVIDE (__fini_array_end, .)
                0x9d000000                . = ALIGN (0x4)

.ctors          0x9d000000        0x0
 *crtbegin.o(.ctors)
 *crtbegin?.o(.ctors)
 *(EXCLUDE_FILE(*crtend?.o *crtend.o) .ctors)
 *(SORT(.ctors.*))
 *(.ctors)
                0x9d000000                . = ALIGN (0x4)

.dtors          0x9d000000        0x0
 *crtbegin.o(.dtors)
 *crtbegin?.o(.dtors)
 *(EXCLUDE_FILE(*crtend?.o *crtend.o) .dtors)
 *(SORT(.dtors.*))
 *(.dtors)
                0x9d000000                . = ALIGN (0x4)

.rodata         0x9d000000        0x0
 *(.gnu.linkonce.r.*)
 *(.rodata1)
                0x9d000000                . = ALIGN (0x4)

.sdata2         0x9fc00490        0x0
 *(.sdata2 .sdata2.* .gnu.linkonce.s2.*)
                0x9fc00490                . = ALIGN (0x4)

.sbss2          0x9fc00490        0x0
 *(.sbss2 .sbss2.* .gnu.linkonce.sb2.*)
                0x9fc00490                . = ALIGN (0x4)

.eh_frame_hdr
 *(.eh_frame_hdr)
                0x9fc00490                . = ALIGN (0x4)

.eh_frame
 *(.eh_frame)
                0x9fc00490                . = ALIGN (0x4)

.gcc_except_table
 *(.gcc_except_table .gcc_except_table.*)
                0x9fc00490                . = ALIGN (0x4)

.dbg_data       0xa0000000        0x0
                0xa0000000                . = (. + DEFINED (_DEBUGGER)?0x200:0x0)

.jcr            0xa0000000        0x0
 *(.jcr)
                0xa0000000                . = ALIGN (0x4)

.eh_frame
 *(.eh_frame)
                0xa0000000                . = ALIGN (0x4)

.gcc_except_table
 *(.gcc_except_table .gcc_except_table.*)
                0xa0000000                . = ALIGN (0x4)

.persist        0xa0000000        0x0
                0xa0000000                _persist_begin = .
 *(.persist .persist.*)
 *(.pbss .pbss.*)
                0xa0000000                . = ALIGN (0x4)
                0xa0000000                _persist_end = .

.data           0xa0000000        0x0
 *(.gnu.linkonce.d.*)
 *(.data1)
                0xa0000000                . = ALIGN (0x4)
                0xa0000000                . = .
                0xa0007ff0                _gp = (ALIGN (0x10) + 0x7ff0)

.got            0xa0000000        0x0
 *(.got.plt)
 *(.got)
                0xa0000000                . = ALIGN (0x4)

.sdata          0xa0000000        0x0
                0xa0000000                _sdata_begin = .
 *(.sdata .sdata.* .gnu.linkonce.s.*)
                0xa0000000                . = ALIGN (0x4)
                0xa0000000                _sdata_end = .

.lit8
 *(.lit8)

.lit4
 *(.lit4)
                0xa0000000                . = ALIGN (0x4)
                0xa0000000                _data_end = .
                0xa0000000                _bss_begin = .

.sbss           0xa0000000       0x24
                0xa0000000                _sbss_begin = .
 *(.dynsbss)
 *(.sbss .sbss.* .gnu.linkonce.sb.*)
 .sbss          0xa0000000        0xc build/default/production/_ext/1688732426/system_exceptions.o
 .sbss          0xa000000c        0x1 build/default/production/_ext/1360937237/app.o
 .sbss          0xa000000d        0x1 build/default/production/_ext/240043509/usb_device_hid.o
 *(.scommon)
 *fill*         0xa000000e        0x2 
 .scommon       0xa0000010        0x7 build/default/production/_ext/1360937237/app.o
                0xa0000010                mouseReportPrevious
                0xa0000014                mouseReport
 *fill*         0xa0000017        0x1 
 .scommon       0xa0000018        0x8 build/default/production/_ext/2015905298/sys_devcon.o
                0xa0000018                sysDevconObj
 .scommon       0xa0000020        0x2 build/default/production/_ext/240043509/usb_device_hid.o
                0xa0000020                gUSBDeviceHidCommonDataObj
                0xa0000022                _sbss_end = .
                0xa0000024                . = ALIGN (0x4)
 *fill*         0xa0000022        0x2 

.bss            0xa0000200      0x17c
 *(.dynbss)
 *(COMMON)
 COMMON         0xa0000200       0x4c build/default/production/_ext/1688732426/system_init.o
                0xa0000200                endPointTable
                0xa0000240                sysObj
 COMMON         0xa000024c       0x28 build/default/production/_ext/1360937237/app.o
                0xa000024c                appData
 COMMON         0xa0000274       0x98 build/default/production/_ext/1820355960/drv_usbfs.o
                0xa0000274                gDrvUSBGroup
 COMMON         0xa000030c       0x70 build/default/production/_ext/240043509/usb_device_hid.o
                0xa000030c                gUsbDeviceHidInstance
                0xa0000334                gUSBDeviceHIDIRP
                0xa000037c                . = ALIGN ((. != 0x0)?0x4:0x1)
                0xa000037c                . = ALIGN (0x4)
                0xa000037c                _end = .
                0xa000037c                _bss_end = .
                0x00008000                _bmxdudba_address = 0x8000
                0x00008000                _bmxdupba_address = 0x8000

/DISCARD/
 *(.pdr)
 *(.rel.dyn)
 *(.note.GNU-stack)
 *(.note.GNU-stack)
 *(.gnu_debuglink)
 *(.gnu.lto_*)
 *(.discard)

.gptab.sdata
 *(.gptab.data)
 *(.gptab.sdata)

.gptab.sbss
 *(.gptab.bss)
 *(.gptab.sbss)

.mdebug.abi32   0xa000037c        0x0
 *(.mdebug.abi32)
 .mdebug.abi32  0xa000037c        0x0 build/default/production/_ext/639803181/sys_clk_static.o
 .mdebug.abi32  0xa000037c        0x0 build/default/production/_ext/822048611/sys_ports_static.o
 .mdebug.abi32  0xa000037c        0x0 build/default/production/_ext/1688732426/system_init.o
 .mdebug.abi32  0xa000037c        0x0 build/default/production/_ext/1688732426/system_interrupt.o
 .mdebug.abi32  0xa000037c        0x0 build/default/production/_ext/1688732426/system_exceptions.o
 .mdebug.abi32  0xa000037c        0x0 build/default/production/_ext/1688732426/system_tasks.o
 .mdebug.abi32  0xa000037c        0x0 build/default/production/_ext/1360937237/app.o
 .mdebug.abi32  0xa000037c        0x0 build/default/production/_ext/1360937237/main.o
 .mdebug.abi32  0xa000037c        0x0 build/default/production/_ext/1360937237/mouse.o
 .mdebug.abi32  0xa000037c        0x0 build/default/production/i2c_master_noint.o
 .mdebug.abi32  0xa000037c        0x0 build/default/production/ILI9163C.o
 .mdebug.abi32  0xa000037c        0x0 build/default/production/_ext/1820355960/drv_usbfs.o
 .mdebug.abi32  0xa000037c        0x0 build/default/production/_ext/1820355960/drv_usbfs_device.o
 .mdebug.abi32  0xa000037c        0x0 build/default/production/_ext/2015905298/sys_devcon.o
 .mdebug.abi32  0xa000037c        0x0 build/default/production/_ext/2015905298/sys_devcon_pic32mx.o
 .mdebug.abi32  0xa000037c        0x0 build/default/production/_ext/1235250312/sys_int_pic32.o
 .mdebug.abi32  0xa000037c        0x0 build/default/production/_ext/240043509/usb_device.o
 .mdebug.abi32  0xa000037c        0x0 build/default/production/_ext/240043509/usb_device_hid.o
 .mdebug.abi32  0xa000037c        0x0 f:/program files (x86)/microchip/xc32/v1.42/bin/bin/../../lib/gcc/pic32mx/4.8.3/../../../../pic32mx/lib\libpic32.a(default-bootstrap-exception-handler.o)
 .mdebug.abi32  0xa000037c        0x0 f:/program files (x86)/microchip/xc32/v1.42/bin/bin/../../lib/gcc/pic32mx/4.8.3/../../../../pic32mx/lib\libpic32.a(default-on-reset.o)
 .mdebug.abi32  0xa000037c        0x0 f:/program files (x86)/microchip/xc32/v1.42/bin/bin/../../lib/gcc/pic32mx/4.8.3/../../../../pic32mx/lib\libpic32.a(default-on-bootstrap.o)
 .mdebug.abi32  0xa000037c        0x0 f:/program files (x86)/microchip/xc32/v1.42/bin/bin/../../lib/gcc/pic32mx/4.8.3/../../../../pic32mx/lib\libpic32.a(defaultinterrupt.o)

.mdebug.abiN32
 *(.mdebug.abiN32)

.mdebug.abi64
 *(.mdebug.abi64)

.mdebug.abiO64
 *(.mdebug.abiO64)

.mdebug.eabi32
 *(.mdebug.eabi32)

.mdebug.eabi64
 *(.mdebug.eabi64)

.gcc_compiled_long32
 *(.gcc_compiled_long32)

.gcc_compiled_long64
 *(.gcc_compiled_long64)

.stab
 *(.stab)

.stabstr
 *(.stabstr)

.stab.excl
 *(.stab.excl)

.stab.exclstr
 *(.stab.exclstr)

.stab.index
 *(.stab.index)

.stab.indexstr
 *(.stab.indexstr)

.comment        0x00000000       0x54
 *(.comment)
 .comment       0x00000000       0x3c build/default/production/_ext/639803181/sys_clk_static.o
                                 0x3d (size before relaxing)
 .comment       0x00000000       0x3d build/default/production/_ext/822048611/sys_ports_static.o
 .comment       0x00000000       0x3d build/default/production/_ext/1688732426/system_init.o
 .comment       0x00000000       0x3d build/default/production/_ext/1688732426/system_interrupt.o
 .comment       0x00000000       0x3d build/default/production/_ext/1688732426/system_exceptions.o
 .comment       0x00000000       0x3d build/default/production/_ext/1688732426/system_tasks.o
 .comment       0x00000000       0x3d build/default/production/_ext/1360937237/app.o
 .comment       0x00000000       0x3d build/default/production/_ext/1360937237/main.o
 .comment       0x00000000       0x3d build/default/production/_ext/1360937237/mouse.o
 .comment       0x00000000       0x3d build/default/production/i2c_master_noint.o
 .comment       0x00000000       0x3d build/default/production/ILI9163C.o
 .comment       0x00000000       0x3d build/default/production/_ext/1820355960/drv_usbfs.o
 .comment       0x00000000       0x3d build/default/production/_ext/1820355960/drv_usbfs_device.o
 .comment       0x00000000       0x3d build/default/production/_ext/2015905298/sys_devcon.o
 .comment       0x00000000       0x3d build/default/production/_ext/2015905298/sys_devcon_pic32mx.o
 .comment       0x00000000       0x3d build/default/production/_ext/1235250312/sys_int_pic32.o
 .comment       0x00000000       0x3d build/default/production/_ext/240043509/usb_device.o
 .comment       0x00000000       0x3d build/default/production/_ext/240043509/usb_device_hid.o
 .comment       0x0000003c       0x18 f:/program files (x86)/microchip/xc32/v1.42/bin/bin/../../lib/gcc/pic32mx/4.8.3/../../../../pic32mx/lib\libpic32.a(memcmp.o)
                                 0x19 (size before relaxing)
 .comment       0x00000000       0x3d f:/program files (x86)/microchip/xc32/v1.42/bin/bin/../../lib/gcc/pic32mx/4.8.3/../../../../pic32mx/lib\libpic32.a(default-bootstrap-exception-handler.o)
 .comment       0x00000000       0x3d f:/program files (x86)/microchip/xc32/v1.42/bin/bin/../../lib/gcc/pic32mx/4.8.3/../../../../pic32mx/lib\libpic32.a(default-on-reset.o)
 .comment       0x00000000       0x3d f:/program files (x86)/microchip/xc32/v1.42/bin/bin/../../lib/gcc/pic32mx/4.8.3/../../../../pic32mx/lib\libpic32.a(default-on-bootstrap.o)
 .comment       0x00000000       0x3d f:/program files (x86)/microchip/xc32/v1.42/bin/bin/../../lib/gcc/pic32mx/4.8.3/../../../../pic32mx/lib\libpic32.a(defaultinterrupt.o)

.debug
 *(.debug)

.line
 *(.line)

.debug_srcinfo
 *(.debug_srcinfo)

.debug_sfnames
 *(.debug_sfnames)

.debug_aranges  0x00000000      0x758
 *(.debug_aranges)
 .debug_aranges
                0x00000000       0x50 build/default/production/_ext/639803181/sys_clk_static.o
 .debug_aranges
                0x00000050      0x108 build/default/production/_ext/822048611/sys_ports_static.o
 .debug_aranges
                0x00000158       0x20 build/default/production/_ext/1688732426/system_init.o
 .debug_aranges
                0x00000178       0x20 build/default/production/_ext/1688732426/system_interrupt.o
 .debug_aranges
                0x00000198       0x20 build/default/production/_ext/1688732426/system_exceptions.o
 .debug_aranges
                0x000001b8       0x20 build/default/production/_ext/1688732426/system_tasks.o
 .debug_aranges
                0x000001d8       0x48 build/default/production/_ext/1360937237/app.o
 .debug_aranges
                0x00000220       0x20 build/default/production/_ext/1360937237/main.o
 .debug_aranges
                0x00000240       0x20 build/default/production/_ext/1360937237/mouse.o
 .debug_aranges
                0x00000260       0x50 build/default/production/i2c_master_noint.o
 .debug_aranges
                0x000002b0       0x60 build/default/production/ILI9163C.o
 .debug_aranges
                0x00000310       0x70 build/default/production/_ext/1820355960/drv_usbfs.o
 .debug_aranges
                0x00000380       0xc0 build/default/production/_ext/1820355960/drv_usbfs_device.o
 .debug_aranges
                0x00000440       0x78 build/default/production/_ext/2015905298/sys_devcon.o
 .debug_aranges
                0x000004b8       0x20 build/default/production/_ext/2015905298/sys_devcon_pic32mx.o
 .debug_aranges
                0x000004d8       0x48 build/default/production/_ext/1235250312/sys_int_pic32.o
 .debug_aranges
                0x00000520      0x150 build/default/production/_ext/240043509/usb_device.o
 .debug_aranges
                0x00000670       0x68 build/default/production/_ext/240043509/usb_device_hid.o
 .debug_aranges
                0x000006d8       0x20 f:/program files (x86)/microchip/xc32/v1.42/bin/bin/../../lib/gcc/pic32mx/4.8.3/../../../../pic32mx/lib\libpic32.a(default-bootstrap-exception-handler.o)
 .debug_aranges
                0x000006f8       0x20 f:/program files (x86)/microchip/xc32/v1.42/bin/bin/../../lib/gcc/pic32mx/4.8.3/../../../../pic32mx/lib\libpic32.a(default-on-reset.o)
 .debug_aranges
                0x00000718       0x20 f:/program files (x86)/microchip/xc32/v1.42/bin/bin/../../lib/gcc/pic32mx/4.8.3/../../../../pic32mx/lib\libpic32.a(default-on-bootstrap.o)
 .debug_aranges
                0x00000738       0x20 f:/program files (x86)/microchip/xc32/v1.42/bin/bin/../../lib/gcc/pic32mx/4.8.3/../../../../pic32mx/lib\libpic32.a(defaultinterrupt.o)

.debug_pubnames
 *(.debug_pubnames)

.debug_info     0x00000000    0x28000
 *(.debug_info .gnu.linkonce.wi.*)
 .debug_info    0x00000000     0x1928 build/default/production/_ext/639803181/sys_clk_static.o
 .debug_info    0x00001928     0x3fe2 build/default/production/_ext/822048611/sys_ports_static.o
 .debug_info    0x0000590a     0x45f5 build/default/production/_ext/1688732426/system_init.o
 .debug_info    0x00009eff      0xa5d build/default/production/_ext/1688732426/system_interrupt.o
 .debug_info    0x0000a95c     0x1318 build/default/production/_ext/1688732426/system_exceptions.o
 .debug_info    0x0000bc74      0xaba build/default/production/_ext/1688732426/system_tasks.o
 .debug_info    0x0000c72e     0x4039 build/default/production/_ext/1360937237/app.o
 .debug_info    0x00010767      0x196 build/default/production/_ext/1360937237/main.o
 .debug_info    0x000108fd      0x31a build/default/production/_ext/1360937237/mouse.o
 .debug_info    0x00010c17      0x58e build/default/production/i2c_master_noint.o
 .debug_info    0x000111a5     0x10a2 build/default/production/ILI9163C.o
 .debug_info    0x00012247     0x35e3 build/default/production/_ext/1820355960/drv_usbfs.o
 .debug_info    0x0001582a     0x65a8 build/default/production/_ext/1820355960/drv_usbfs_device.o
 .debug_info    0x0001bdd2      0xf34 build/default/production/_ext/2015905298/sys_devcon.o
 .debug_info    0x0001cd06      0x744 build/default/production/_ext/2015905298/sys_devcon_pic32mx.o
 .debug_info    0x0001d44a     0x1288 build/default/production/_ext/1235250312/sys_int_pic32.o
 .debug_info    0x0001e6d2     0x52c9 build/default/production/_ext/240043509/usb_device.o
 .debug_info    0x0002399b     0x42e1 build/default/production/_ext/240043509/usb_device_hid.o
 .debug_info    0x00027c7c       0xf5 f:/program files (x86)/microchip/xc32/v1.42/bin/bin/../../lib/gcc/pic32mx/4.8.3/../../../../pic32mx/lib\libpic32.a(default-bootstrap-exception-handler.o)
 .debug_info    0x00027d71       0xcf f:/program files (x86)/microchip/xc32/v1.42/bin/bin/../../lib/gcc/pic32mx/4.8.3/../../../../pic32mx/lib\libpic32.a(default-on-reset.o)
 .debug_info    0x00027e40       0xd7 f:/program files (x86)/microchip/xc32/v1.42/bin/bin/../../lib/gcc/pic32mx/4.8.3/../../../../pic32mx/lib\libpic32.a(default-on-bootstrap.o)
 .debug_info    0x00027f17       0xe9 f:/program files (x86)/microchip/xc32/v1.42/bin/bin/../../lib/gcc/pic32mx/4.8.3/../../../../pic32mx/lib\libpic32.a(defaultinterrupt.o)

.debug_abbrev   0x00000000     0x2884
 *(.debug_abbrev)
 .debug_abbrev  0x00000000      0x27b build/default/production/_ext/639803181/sys_clk_static.o
 .debug_abbrev  0x0000027b      0x241 build/default/production/_ext/822048611/sys_ports_static.o
 .debug_abbrev  0x000004bc      0x363 build/default/production/_ext/1688732426/system_init.o
 .debug_abbrev  0x0000081f       0xb0 build/default/production/_ext/1688732426/system_interrupt.o
 .debug_abbrev  0x000008cf       0xb6 build/default/production/_ext/1688732426/system_exceptions.o
 .debug_abbrev  0x00000985       0xc3 build/default/production/_ext/1688732426/system_tasks.o
 .debug_abbrev  0x00000a48      0x337 build/default/production/_ext/1360937237/app.o
 .debug_abbrev  0x00000d7f       0x93 build/default/production/_ext/1360937237/main.o
 .debug_abbrev  0x00000e12       0xcb build/default/production/_ext/1360937237/mouse.o
 .debug_abbrev  0x00000edd       0xfa build/default/production/i2c_master_noint.o
 .debug_abbrev  0x00000fd7      0x16d build/default/production/ILI9163C.o
 .debug_abbrev  0x00001144      0x436 build/default/production/_ext/1820355960/drv_usbfs.o
 .debug_abbrev  0x0000157a      0x46b build/default/production/_ext/1820355960/drv_usbfs_device.o
 .debug_abbrev  0x000019e5      0x285 build/default/production/_ext/2015905298/sys_devcon.o
 .debug_abbrev  0x00001c6a      0x162 build/default/production/_ext/2015905298/sys_devcon_pic32mx.o
 .debug_abbrev  0x00001dcc      0x1d0 build/default/production/_ext/1235250312/sys_int_pic32.o
 .debug_abbrev  0x00001f9c      0x40c build/default/production/_ext/240043509/usb_device.o
 .debug_abbrev  0x000023a8      0x43c build/default/production/_ext/240043509/usb_device_hid.o
 .debug_abbrev  0x000027e4       0x28 f:/program files (x86)/microchip/xc32/v1.42/bin/bin/../../lib/gcc/pic32mx/4.8.3/../../../../pic32mx/lib\libpic32.a(default-bootstrap-exception-handler.o)
 .debug_abbrev  0x0000280c       0x28 f:/program files (x86)/microchip/xc32/v1.42/bin/bin/../../lib/gcc/pic32mx/4.8.3/../../../../pic32mx/lib\libpic32.a(default-on-reset.o)
 .debug_abbrev  0x00002834       0x28 f:/program files (x86)/microchip/xc32/v1.42/bin/bin/../../lib/gcc/pic32mx/4.8.3/../../../../pic32mx/lib\libpic32.a(default-on-bootstrap.o)
 .debug_abbrev  0x0000285c       0x28 f:/program files (x86)/microchip/xc32/v1.42/bin/bin/../../lib/gcc/pic32mx/4.8.3/../../../../pic32mx/lib\libpic32.a(defaultinterrupt.o)

.debug_line     0x00000000     0x5750
 *(.debug_line)
 .debug_line    0x00000000      0x450 build/default/production/_ext/639803181/sys_clk_static.o
 .debug_line    0x00000450      0x8cc build/default/production/_ext/822048611/sys_ports_static.o
 .debug_line    0x00000d1c      0x67d build/default/production/_ext/1688732426/system_init.o
 .debug_line    0x00001399      0x1d6 build/default/production/_ext/1688732426/system_interrupt.o
 .debug_line    0x0000156f      0x1a4 build/default/production/_ext/1688732426/system_exceptions.o
 .debug_line    0x00001713      0x282 build/default/production/_ext/1688732426/system_tasks.o
 .debug_line    0x00001995      0x404 build/default/production/_ext/1360937237/app.o
 .debug_line    0x00001d99       0xaa build/default/production/_ext/1360937237/main.o
 .debug_line    0x00001e43      0x11d build/default/production/_ext/1360937237/mouse.o
 .debug_line    0x00001f60      0x13f build/default/production/i2c_master_noint.o
 .debug_line    0x0000209f      0x1dd build/default/production/ILI9163C.o
 .debug_line    0x0000227c      0x870 build/default/production/_ext/1820355960/drv_usbfs.o
 .debug_line    0x00002aec      0xed9 build/default/production/_ext/1820355960/drv_usbfs_device.o
 .debug_line    0x000039c5      0x59b build/default/production/_ext/2015905298/sys_devcon.o
 .debug_line    0x00003f60      0x379 build/default/production/_ext/2015905298/sys_devcon_pic32mx.o
 .debug_line    0x000042d9      0x38c build/default/production/_ext/1235250312/sys_int_pic32.o
 .debug_line    0x00004665      0x8d9 build/default/production/_ext/240043509/usb_device.o
 .debug_line    0x00004f3e      0x591 build/default/production/_ext/240043509/usb_device_hid.o
 .debug_line    0x000054cf       0xa9 f:/program files (x86)/microchip/xc32/v1.42/bin/bin/../../lib/gcc/pic32mx/4.8.3/../../../../pic32mx/lib\libpic32.a(default-bootstrap-exception-handler.o)
 .debug_line    0x00005578       0x96 f:/program files (x86)/microchip/xc32/v1.42/bin/bin/../../lib/gcc/pic32mx/4.8.3/../../../../pic32mx/lib\libpic32.a(default-on-reset.o)
 .debug_line    0x0000560e       0x9a f:/program files (x86)/microchip/xc32/v1.42/bin/bin/../../lib/gcc/pic32mx/4.8.3/../../../../pic32mx/lib\libpic32.a(default-on-bootstrap.o)
 .debug_line    0x000056a8       0xa8 f:/program files (x86)/microchip/xc32/v1.42/bin/bin/../../lib/gcc/pic32mx/4.8.3/../../../../pic32mx/lib\libpic32.a(defaultinterrupt.o)

.debug_frame    0x00000000      0xfbc
 *(.debug_frame)
 .debug_frame   0x00000000       0xa0 build/default/production/_ext/639803181/sys_clk_static.o
 .debug_frame   0x000000a0      0x1f0 build/default/production/_ext/822048611/sys_ports_static.o
 .debug_frame   0x00000290       0x28 build/default/production/_ext/1688732426/system_init.o
 .debug_frame   0x000002b8       0x64 build/default/production/_ext/1688732426/system_interrupt.o
 .debug_frame   0x0000031c       0x28 build/default/production/_ext/1688732426/system_exceptions.o
 .debug_frame   0x00000344       0x28 build/default/production/_ext/1688732426/system_tasks.o
 .debug_frame   0x0000036c       0xb8 build/default/production/_ext/1360937237/app.o
 .debug_frame   0x00000424       0x28 build/default/production/_ext/1360937237/main.o
 .debug_frame   0x0000044c       0x20 build/default/production/_ext/1360937237/mouse.o
 .debug_frame   0x0000046c       0x80 build/default/production/i2c_master_noint.o
 .debug_frame   0x000004ec       0xf0 build/default/production/ILI9163C.o
 .debug_frame   0x000005dc       0xe8 build/default/production/_ext/1820355960/drv_usbfs.o
 .debug_frame   0x000006c4      0x1f4 build/default/production/_ext/1820355960/drv_usbfs_device.o
 .debug_frame   0x000008b8       0xe8 build/default/production/_ext/2015905298/sys_devcon.o
 .debug_frame   0x000009a0       0x28 build/default/production/_ext/2015905298/sys_devcon_pic32mx.o
 .debug_frame   0x000009c8       0x90 build/default/production/_ext/1235250312/sys_int_pic32.o
 .debug_frame   0x00000a58      0x3d8 build/default/production/_ext/240043509/usb_device.o
 .debug_frame   0x00000e30      0x100 build/default/production/_ext/240043509/usb_device_hid.o
 .debug_frame   0x00000f30       0x2c f:/program files (x86)/microchip/xc32/v1.42/bin/bin/../../lib/gcc/pic32mx/4.8.3/../../../../pic32mx/lib\libpic32.a(default-bootstrap-exception-handler.o)
 .debug_frame   0x00000f5c       0x20 f:/program files (x86)/microchip/xc32/v1.42/bin/bin/../../lib/gcc/pic32mx/4.8.3/../../../../pic32mx/lib\libpic32.a(default-on-reset.o)
 .debug_frame   0x00000f7c       0x20 f:/program files (x86)/microchip/xc32/v1.42/bin/bin/../../lib/gcc/pic32mx/4.8.3/../../../../pic32mx/lib\libpic32.a(default-on-bootstrap.o)
 .debug_frame   0x00000f9c       0x20 f:/program files (x86)/microchip/xc32/v1.42/bin/bin/../../lib/gcc/pic32mx/4.8.3/../../../../pic32mx/lib\libpic32.a(defaultinterrupt.o)

.debug_str      0x00000000      0x8e9
 *(.debug_str)
 .debug_str     0x00000000       0x46 build/default/production/_ext/639803181/sys_clk_static.o
 .debug_str     0x00000046       0xa1 build/default/production/_ext/822048611/sys_ports_static.o
 .debug_str     0x000000e7      0x119 build/default/production/_ext/1688732426/system_init.o
 .debug_str     0x00000200        0x0 build/default/production/_ext/1688732426/system_interrupt.o
 .debug_str     0x00000200        0x0 build/default/production/_ext/1688732426/system_exceptions.o
 .debug_str     0x00000200        0x0 build/default/production/_ext/1688732426/system_tasks.o
 .debug_str     0x00000200       0xa5 build/default/production/_ext/1360937237/app.o
 .debug_str     0x000002a5        0x0 build/default/production/_ext/1360937237/main.o
 .debug_str     0x000002a5        0x0 build/default/production/_ext/1360937237/mouse.o
 .debug_str     0x000002a5        0x0 build/default/production/i2c_master_noint.o
 .debug_str     0x000002a5        0x0 build/default/production/ILI9163C.o
 .debug_str     0x000002a5       0xa2 build/default/production/_ext/1820355960/drv_usbfs.o
 .debug_str     0x00000347      0x179 build/default/production/_ext/1820355960/drv_usbfs_device.o
 .debug_str     0x000004c0       0x16 build/default/production/_ext/2015905298/sys_devcon.o
 .debug_str     0x000004d6        0x6 build/default/production/_ext/2015905298/sys_devcon_pic32mx.o
 .debug_str     0x000004dc       0x2d build/default/production/_ext/1235250312/sys_int_pic32.o
 .debug_str     0x00000509      0x29f build/default/production/_ext/240043509/usb_device.o
 .debug_str     0x000007a8      0x141 build/default/production/_ext/240043509/usb_device_hid.o
 .debug_str     0x000008e9        0x0 f:/program files (x86)/microchip/xc32/v1.42/bin/bin/../../lib/gcc/pic32mx/4.8.3/../../../../pic32mx/lib\libpic32.a(default-bootstrap-exception-handler.o)
 .debug_str     0x000008e9        0x0 f:/program files (x86)/microchip/xc32/v1.42/bin/bin/../../lib/gcc/pic32mx/4.8.3/../../../../pic32mx/lib\libpic32.a(default-on-reset.o)
 .debug_str     0x000008e9        0x0 f:/program files (x86)/microchip/xc32/v1.42/bin/bin/../../lib/gcc/pic32mx/4.8.3/../../../../pic32mx/lib\libpic32.a(default-on-bootstrap.o)
 .debug_str     0x000008e9        0x0 f:/program files (x86)/microchip/xc32/v1.42/bin/bin/../../lib/gcc/pic32mx/4.8.3/../../../../pic32mx/lib\libpic32.a(defaultinterrupt.o)

.debug_loc      0x00000000     0x7247
 *(.debug_loc)
 .debug_loc     0x00000000       0x49 build/default/production/_ext/639803181/sys_clk_static.o
 .debug_loc     0x00000049      0xe83 build/default/production/_ext/822048611/sys_ports_static.o
 .debug_loc     0x00000ecc       0x21 build/default/production/_ext/1688732426/system_init.o
 .debug_loc     0x00000eed      0x479 build/default/production/_ext/1360937237/app.o
 .debug_loc     0x00001366       0x2c build/default/production/_ext/1360937237/mouse.o
 .debug_loc     0x00001392       0x21 build/default/production/i2c_master_noint.o
 .debug_loc     0x000013b3      0x3de build/default/production/ILI9163C.o
 .debug_loc     0x00001791      0x624 build/default/production/_ext/1820355960/drv_usbfs.o
 .debug_loc     0x00001db5     0x2ada build/default/production/_ext/1820355960/drv_usbfs_device.o
 .debug_loc     0x0000488f       0xf0 build/default/production/_ext/2015905298/sys_devcon.o
 .debug_loc     0x0000497f       0x91 build/default/production/_ext/2015905298/sys_devcon_pic32mx.o
 .debug_loc     0x00004a10       0x8d build/default/production/_ext/1235250312/sys_int_pic32.o
 .debug_loc     0x00004a9d     0x1af3 build/default/production/_ext/240043509/usb_device.o
 .debug_loc     0x00006590      0xcb7 build/default/production/_ext/240043509/usb_device_hid.o

.debug_macinfo
 *(.debug_macinfo)

.debug_weaknames
 *(.debug_weaknames)

.debug_funcnames
 *(.debug_funcnames)

.debug_typenames
 *(.debug_typenames)

.debug_varnames
 *(.debug_varnames)

.debug_pubtypes
 *(.debug_pubtypes)

.debug_ranges   0x00000000      0x778
 *(.debug_ranges)
 .debug_ranges  0x00000000       0x40 build/default/production/_ext/639803181/sys_clk_static.o
 .debug_ranges  0x00000040       0xf8 build/default/production/_ext/822048611/sys_ports_static.o
 .debug_ranges  0x00000138       0x10 build/default/production/_ext/1688732426/system_init.o
 .debug_ranges  0x00000148       0x10 build/default/production/_ext/1688732426/system_interrupt.o
 .debug_ranges  0x00000158       0x10 build/default/production/_ext/1688732426/system_exceptions.o
 .debug_ranges  0x00000168       0x10 build/default/production/_ext/1688732426/system_tasks.o
 .debug_ranges  0x00000178       0x38 build/default/production/_ext/1360937237/app.o
 .debug_ranges  0x000001b0       0x10 build/default/production/_ext/1360937237/main.o
 .debug_ranges  0x000001c0       0x10 build/default/production/_ext/1360937237/mouse.o
 .debug_ranges  0x000001d0       0x40 build/default/production/i2c_master_noint.o
 .debug_ranges  0x00000210       0x50 build/default/production/ILI9163C.o
 .debug_ranges  0x00000260       0x78 build/default/production/_ext/1820355960/drv_usbfs.o
 .debug_ranges  0x000002d8      0x200 build/default/production/_ext/1820355960/drv_usbfs_device.o
 .debug_ranges  0x000004d8       0x68 build/default/production/_ext/2015905298/sys_devcon.o
 .debug_ranges  0x00000540       0x10 build/default/production/_ext/2015905298/sys_devcon_pic32mx.o
 .debug_ranges  0x00000550       0x50 build/default/production/_ext/1235250312/sys_int_pic32.o
 .debug_ranges  0x000005a0      0x140 build/default/production/_ext/240043509/usb_device.o
 .debug_ranges  0x000006e0       0x58 build/default/production/_ext/240043509/usb_device_hid.o
 .debug_ranges  0x00000738       0x10 f:/program files (x86)/microchip/xc32/v1.42/bin/bin/../../lib/gcc/pic32mx/4.8.3/../../../../pic32mx/lib\libpic32.a(default-bootstrap-exception-handler.o)
 .debug_ranges  0x00000748       0x10 f:/program files (x86)/microchip/xc32/v1.42/bin/bin/../../lib/gcc/pic32mx/4.8.3/../../../../pic32mx/lib\libpic32.a(default-on-reset.o)
 .debug_ranges  0x00000758       0x10 f:/program files (x86)/microchip/xc32/v1.42/bin/bin/../../lib/gcc/pic32mx/4.8.3/../../../../pic32mx/lib\libpic32.a(default-on-bootstrap.o)
 .debug_ranges  0x00000768       0x10 f:/program files (x86)/microchip/xc32/v1.42/bin/bin/../../lib/gcc/pic32mx/4.8.3/../../../../pic32mx/lib\libpic32.a(defaultinterrupt.o)

.gnu.attributes
                0x00000000       0x10
 *(.gnu.attributes)
 .gnu.attributes
                0x00000000       0x10 build/default/production/_ext/639803181/sys_clk_static.o
 .gnu.attributes
                0x00000010       0x10 build/default/production/_ext/822048611/sys_ports_static.o
 .gnu.attributes
                0x00000020       0x10 build/default/production/_ext/1688732426/system_init.o
 .gnu.attributes
                0x00000030       0x10 build/default/production/_ext/1688732426/system_interrupt.o
 .gnu.attributes
                0x00000040       0x10 build/default/production/_ext/1688732426/system_exceptions.o
 .gnu.attributes
                0x00000050       0x10 build/default/production/_ext/1688732426/system_tasks.o
 .gnu.attributes
                0x00000060       0x10 build/default/production/_ext/1360937237/app.o
 .gnu.attributes
                0x00000070       0x10 build/default/production/_ext/1360937237/main.o
 .gnu.attributes
                0x00000080       0x10 build/default/production/_ext/1360937237/mouse.o
 .gnu.attributes
                0x00000090       0x10 build/default/production/i2c_master_noint.o
 .gnu.attributes
                0x000000a0       0x10 build/default/production/ILI9163C.o
 .gnu.attributes
                0x000000b0       0x10 build/default/production/_ext/1820355960/drv_usbfs.o
 .gnu.attributes
                0x000000c0       0x10 build/default/production/_ext/1820355960/drv_usbfs_device.o
 .gnu.attributes
                0x000000d0       0x10 build/default/production/_ext/2015905298/sys_devcon.o
 .gnu.attributes
                0x000000e0       0x10 build/default/production/_ext/2015905298/sys_devcon_pic32mx.o
 .gnu.attributes
                0x000000f0       0x10 build/default/production/_ext/1235250312/sys_int_pic32.o
 .gnu.attributes
                0x00000100       0x10 build/default/production/_ext/240043509/usb_device.o
 .gnu.attributes
                0x00000110       0x10 build/default/production/_ext/240043509/usb_device_hid.o
 .gnu.attributes
                0x00000120       0x10 f:/program files (x86)/microchip/xc32/v1.42/bin/bin/../../lib/gcc/pic32mx/4.8.3/../../../../pic32mx/lib\libpic32.a(default-bootstrap-exception-handler.o)
 .gnu.attributes
                0x00000130       0x10 f:/program files (x86)/microchip/xc32/v1.42/bin/bin/../../lib/gcc/pic32mx/4.8.3/../../../../pic32mx/lib\libpic32.a(default-on-reset.o)
 .gnu.attributes
                0x00000140       0x10 f:/program files (x86)/microchip/xc32/v1.42/bin/bin/../../lib/gcc/pic32mx/4.8.3/../../../../pic32mx/lib\libpic32.a(default-on-bootstrap.o)
 .gnu.attributes
                0x00000150       0x10 f:/program files (x86)/microchip/xc32/v1.42/bin/bin/../../lib/gcc/pic32mx/4.8.3/../../../../pic32mx/lib\libpic32.a(defaultinterrupt.o)
LOAD f:/program files (x86)/microchip/xc32/v1.42/bin/bin/../../lib/gcc/pic32mx/4.8.3\libgcc.a
START GROUP
LOAD f:/program files (x86)/microchip/xc32/v1.42/bin/bin/../../lib/gcc/pic32mx/4.8.3/../../../../pic32mx/lib\libpic32.a
LOAD f:/program files (x86)/microchip/xc32/v1.42/bin/bin/../../lib/gcc/pic32mx/4.8.3/../../../../pic32mx/lib\libdebug.a
LOAD f:/program files (x86)/microchip/xc32/v1.42/bin/bin/../../lib/gcc/pic32mx/4.8.3/../../../../pic32mx/lib\libpic32.a
LOAD f:/program files (x86)/microchip/xc32/v1.42/bin/bin/../../lib/gcc/pic32mx/4.8.3/../../../../pic32mx/lib\libm.a
LOAD f:/program files (x86)/microchip/xc32/v1.42/bin/bin/../../lib/gcc/pic32mx/4.8.3/../../../../pic32mx/lib\libe.a
LOAD f:/program files (x86)/microchip/xc32/v1.42/bin/bin/../../lib/gcc/pic32mx/4.8.3/../../../../pic32mx/lib\libdsp.a
LOAD f:/program files (x86)/microchip/xc32/v1.42/bin/bin/../../lib/gcc/pic32mx/4.8.3\libgcc.a
LOAD f:/program files (x86)/microchip/xc32/v1.42/bin/bin/../../lib/gcc/pic32mx/4.8.3/../../../../pic32mx/lib\libc.a
LOAD f:/program files (x86)/microchip/xc32/v1.42/bin/bin/../../lib/gcc/pic32mx/4.8.3/../../../../pic32mx/lib\libc.a
LOAD f:/program files (x86)/microchip/xc32/v1.42/bin/bin/../../lib/gcc/pic32mx/4.8.3/../../../../pic32mx/lib\libpic32.a
END GROUP
LOAD f:/program files (x86)/microchip/xc32/v1.42/bin/bin/../../lib/gcc/pic32mx/4.8.3\libgcc.a
OUTPUT(dist/default/production/HW11.X.production.elf elf32-tradlittlemips)
LOAD stack
LOAD data_init

.reginfo        0x00000000       0x18
 .reginfo       0x00000000       0x18 f:/program files (x86)/microchip/xc32/v1.42/bin/bin/../../lib/gcc/pic32mx/4.8.3/../../../../pic32mx/lib/./proc/32MX250F128B/crt0_mips32r2.o

.stack          0xa0000398      0x400
 .stack         0xa0000398      0x400 stack

.bss            0xa0000024       0xb8
 .bss           0xa0000024       0xb8 build/default/production/_ext/240043509/usb_device.o

.data           0xa00000dc       0x50
 .data          0xa00000dc       0x50 build/default/production/_ext/1820355960/drv_usbfs_device.o
                0xa00000dc                gDrvUSBFSDeviceInterface

._debug_exception
                0xbfc00480       0x2c
 ._debug_exception
                0xbfc00480       0x2c f:/program files (x86)/microchip/xc32/v1.42/bin/bin/../../lib/gcc/pic32mx/4.8.3/../../../../pic32mx/lib\debug-exception-return.o
                0xbfc00480                __DbgExecReturn

.text._DRV_USBFS_DEVICE_Tasks_ISR
                0x9d000000      0x7e0
 .text._DRV_USBFS_DEVICE_Tasks_ISR
                0x9d000000      0x7e0 build/default/production/_ext/1820355960/drv_usbfs_device.o
                0x9d000000                _DRV_USBFS_DEVICE_Tasks_ISR

.text._USB_DEVICE_HID_ControlTransferHandler
                0x9d0007e0      0x300
 .text._USB_DEVICE_HID_ControlTransferHandler
                0x9d0007e0      0x300 build/default/production/_ext/240043509/usb_device_hid.o
                0x9d0007e0                _USB_DEVICE_HID_ControlTransferHandler

.text._USB_DEVICE_ProcessStandardDeviceGetRequests
                0x9d000ae0      0x268
 .text._USB_DEVICE_ProcessStandardDeviceGetRequests
                0x9d000ae0      0x268 build/default/production/_ext/240043509/usb_device.o
                0x9d000ae0                _USB_DEVICE_ProcessStandardDeviceGetRequests

.text.APP_Tasks
                0x9d000d48      0x25c
 .text.APP_Tasks
                0x9d000d48      0x25c build/default/production/_ext/1360937237/app.o
                0x9d000d48                APP_Tasks

.text.DRV_USBFS_DEVICE_IRPSubmit
                0x9d000fa4      0x21c
 .text.DRV_USBFS_DEVICE_IRPSubmit
                0x9d000fa4      0x21c build/default/production/_ext/1820355960/drv_usbfs_device.o
                0x9d000fa4                DRV_USBFS_DEVICE_IRPSubmit

.text._USB_DEVICE_EventHandler
                0x9d0011c0      0x214
 .text._USB_DEVICE_EventHandler
                0x9d0011c0      0x214 build/default/production/_ext/240043509/usb_device.o
                0x9d0011c0                _USB_DEVICE_EventHandler

.text._USB_DEVICE_ProcessStandardDeviceSetRequests
                0x9d0013d4      0x214
 .text._USB_DEVICE_ProcessStandardDeviceSetRequests
                0x9d0013d4      0x214 build/default/production/_ext/240043509/usb_device.o
                0x9d0013d4                _USB_DEVICE_ProcessStandardDeviceSetRequests

.text.DRV_USBFS_DEVICE_EndpointEnable
                0x9d0015e8      0x208
 .text.DRV_USBFS_DEVICE_EndpointEnable
                0x9d0015e8      0x208 build/default/production/_ext/1820355960/drv_usbfs_device.o
                0x9d0015e8                DRV_USBFS_DEVICE_EndpointEnable

.text._USB_DEVICE_ControlTransferHandler
                0x9d0017f0      0x204
 .text._USB_DEVICE_ControlTransferHandler
                0x9d0017f0      0x204 build/default/production/_ext/240043509/usb_device.o
                0x9d0017f0                _USB_DEVICE_ControlTransferHandler

.text.DRV_USBFS_Initialize
                0x9d0019f4      0x1d8
 .text.DRV_USBFS_Initialize
                0x9d0019f4      0x1d8 build/default/production/_ext/1820355960/drv_usbfs.o
                0x9d0019f4                DRV_USBFS_Initialize

.text.DRV_USBFS_DEVICE_EndpointStallClear
                0x9d001bcc      0x1b8
 .text.DRV_USBFS_DEVICE_EndpointStallClear
                0x9d001bcc      0x1b8 build/default/production/_ext/1820355960/drv_usbfs_device.o
                0x9d001bcc                DRV_USBFS_DEVICE_EndpointStallClear

.text.DRV_USBFS_DEVICE_EndpointStall
                0x9d001d84      0x1ac
 .text.DRV_USBFS_DEVICE_EndpointStall
                0x9d001d84      0x1ac build/default/production/_ext/1820355960/drv_usbfs_device.o
                0x9d001d84                DRV_USBFS_DEVICE_EndpointStall

.rodata         0x9d001f30      0x190
 .rodata        0x9d001f30      0x190 build/default/production/_ext/1688732426/system_init.o
                0x9d001f30                usbDevInitData
                0x9d001f64                usbMasterDescriptor
                0x9d001f90                stringDescriptors
                0x9d001f9c                sd002
                0x9d001fbc                sd001
                0x9d001ff0                sd000
                0x9d001ff4                fullSpeedConfigDescSet
                0x9d001ff8                fullSpeedConfigurationDescriptor
                0x9d002024                deviceDescriptor
                0x9d002038                funcRegistrationTable
                0x9d00204c                hidInit0
                0x9d00205c                hid_rpt0
                0x9d002090                sysDevconInit
                0x9d002094                drvUSBInit

.text.DRV_USBFS_DEVICE_EndpointDisable
                0x9d0020c0      0x184
 .text.DRV_USBFS_DEVICE_EndpointDisable
                0x9d0020c0      0x184 build/default/production/_ext/1820355960/drv_usbfs_device.o
                0x9d0020c0                DRV_USBFS_DEVICE_EndpointDisable

.text._USB_DEVICE_Ep0ReceiveCompleteCallback
                0x9d002244      0x184
 .text._USB_DEVICE_Ep0ReceiveCompleteCallback
                0x9d002244      0x184 build/default/production/_ext/240043509/usb_device.o
                0x9d002244                _USB_DEVICE_Ep0ReceiveCompleteCallback

.text.USB_DEVICE_HID_ReportSend
                0x9d0023c8      0x17c
 .text.USB_DEVICE_HID_ReportSend
                0x9d0023c8      0x17c build/default/production/_ext/240043509/usb_device_hid.o
                0x9d0023c8                USB_DEVICE_HID_ReportSend

.text.USB_DEVICE_Tasks
                0x9d002544      0x170
 .text.USB_DEVICE_Tasks
                0x9d002544      0x170 build/default/production/_ext/240043509/usb_device.o
                0x9d002544                USB_DEVICE_Tasks

.text           0x9d0026b4      0x168
 .text          0x9d0026b4      0x168 f:/program files (x86)/microchip/xc32/v1.42/bin/bin/../../lib/gcc/pic32mx/4.8.3/../../../../pic32mx/lib\libpic32.a(memcpy.o)
                0x9d0026b4                memcpy

.text.USB_DEVICE_Initialize
                0x9d00281c      0x158
 .text.USB_DEVICE_Initialize
                0x9d00281c      0x158 build/default/production/_ext/240043509/usb_device.o
                0x9d00281c                USB_DEVICE_Initialize

.text._USB_DEVICE_HID_InitializeByDescriptorType
                0x9d002974      0x14c
 .text._USB_DEVICE_HID_InitializeByDescriptorType
                0x9d002974      0x14c build/default/production/_ext/240043509/usb_device_hid.o
                0x9d002974                _USB_DEVICE_HID_InitializeByDescriptorType

.text.DRV_USBFS_DEVICE_IRPCancel
                0x9d002ac0      0x140
 .text.DRV_USBFS_DEVICE_IRPCancel
                0x9d002ac0      0x140 build/default/production/_ext/1820355960/drv_usbfs_device.o
                0x9d002ac0                DRV_USBFS_DEVICE_IRPCancel

.text.DRV_USBFS_DEVICE_IRPCancelAll
                0x9d002c00      0x13c
 .text.DRV_USBFS_DEVICE_IRPCancelAll
                0x9d002c00      0x13c build/default/production/_ext/1820355960/drv_usbfs_device.o
                0x9d002c00                DRV_USBFS_DEVICE_IRPCancelAll

.text._IntHandlerUSBInstance0
                0x9d002d3c      0x134
 .text._IntHandlerUSBInstance0
                0x9d002d3c      0x134 build/default/production/_ext/1688732426/system_interrupt.o
                0x9d002d3c                _IntHandlerUSBInstance0

.rodata         0x9d002e70      0x128
 .rodata        0x9d002e70      0x128 build/default/production/_ext/1688732426/system_exceptions.o

.text.APP_USBDeviceEventHandler
                0x9d002f98      0x10c
 .text.APP_USBDeviceEventHandler
                0x9d002f98      0x10c build/default/production/_ext/1360937237/app.o
                0x9d002f98                APP_USBDeviceEventHandler

.text._USB_DEVICE_ConfigureDevice
                0x9d0030a4      0x100
 .text._USB_DEVICE_ConfigureDevice
                0x9d0030a4      0x100 build/default/production/_ext/240043509/usb_device.o
                0x9d0030a4                _USB_DEVICE_ConfigureDevice

.text._USB_DEVICE_ProcessStandardEndpointRequest
                0x9d0031a4      0x100
 .text._USB_DEVICE_ProcessStandardEndpointRequest
                0x9d0031a4      0x100 build/default/production/_ext/240043509/usb_device.o
                0x9d0031a4                _USB_DEVICE_ProcessStandardEndpointRequest

.text.general_exception
                0x9d0032a4       0xdc
 .text.general_exception
                0x9d0032a4       0xdc f:/program files (x86)/microchip/xc32/v1.42/bin/bin/../../lib/gcc/pic32mx/4.8.3/../../../../pic32mx/lib\libpic32.a(general-exception.o)
                0x9d0032a4                _general_exception_context

.text._DRV_USBFS_DEVICE_EndpointBDTEntryArm
                0x9d003380       0xd8
 .text._DRV_USBFS_DEVICE_EndpointBDTEntryArm
                0x9d003380       0xd8 build/default/production/_ext/1820355960/drv_usbfs_device.o
                0x9d003380                _DRV_USBFS_DEVICE_EndpointBDTEntryArm

.text._USB_DEVICE_GetStringDescriptorRequestProcess
                0x9d003458       0xd4
 .text._USB_DEVICE_GetStringDescriptorRequestProcess
                0x9d003458       0xd4 build/default/production/_ext/240043509/usb_device.o
                0x9d003458                _USB_DEVICE_GetStringDescriptorRequestProcess

.text.APP_USBDeviceHIDEventHandler
                0x9d00352c       0xd0
 .text.APP_USBDeviceHIDEventHandler
                0x9d00352c       0xd0 build/default/production/_ext/1360937237/app.o
                0x9d00352c                APP_USBDeviceHIDEventHandler

.text.SYS_Initialize
                0x9d0035fc       0xcc
 .text.SYS_Initialize
                0x9d0035fc       0xcc build/default/production/_ext/1688732426/system_init.o
                0x9d0035fc                SYS_Initialize

.dinit          0x9d0036c8       0xc0
 .dinit         0x9d0036c8       0xc0 data_init

.text.I2C_read_multiple
                0x9d003788       0xbc
 .text.I2C_read_multiple
                0x9d003788       0xbc build/default/production/_ext/1360937237/app.o
                0x9d003788                I2C_read_multiple

.text._USB_DEVICE_HID_DeInitialize
                0x9d003844       0xbc
 .text._USB_DEVICE_HID_DeInitialize
                0x9d003844       0xbc build/default/production/_ext/240043509/usb_device_hid.o
                0x9d003844                _USB_DEVICE_HID_DeInitialize

.text._USB_DEVICE_Ep0TransmitCompleteCallback
                0x9d003900       0xb0
 .text._USB_DEVICE_Ep0TransmitCompleteCallback
                0x9d003900       0xb0 build/default/production/_ext/240043509/usb_device.o
                0x9d003900                _USB_DEVICE_Ep0TransmitCompleteCallback

.text._USB_DEVICE_HID_ReportSendCallBack
                0x9d0039b0       0xb0
 .text._USB_DEVICE_HID_ReportSendCallBack
                0x9d0039b0       0xb0 build/default/production/_ext/240043509/usb_device_hid.o
                0x9d0039b0                _USB_DEVICE_HID_ReportSendCallBack

.text._USB_DEVICE_DeInitializeAllFunctionDrivers
                0x9d003a60       0xa8
 .text._USB_DEVICE_DeInitializeAllFunctionDrivers
                0x9d003a60       0xa8 build/default/production/_ext/240043509/usb_device.o
                0x9d003a60                _USB_DEVICE_DeInitializeAllFunctionDrivers

.text._USB_DEVICE_ForwardControlXfrToFunction
                0x9d003b08       0xa0
 .text._USB_DEVICE_ForwardControlXfrToFunction
                0x9d003b08       0xa0 build/default/production/_ext/240043509/usb_device.o
                0x9d003b08                _USB_DEVICE_ForwardControlXfrToFunction

.text           0x9d003ba8       0x98
 .text          0x9d003ba8       0x98 f:/program files (x86)/microchip/xc32/v1.42/bin/bin/../../lib/gcc/pic32mx/4.8.3/../../../../pic32mx/lib\libpic32.a(memcmp.o)
                0x9d003ba8                memcmp

.text.APP_Initialize
                0x9d003c40       0x94
 .text.APP_Initialize
                0x9d003c40       0x94 build/default/production/_ext/1360937237/app.o
                0x9d003c40                APP_Initialize

.text.IMU_init  0x9d003cd4       0x8c
 .text.IMU_init
                0x9d003cd4       0x8c build/default/production/_ext/1360937237/app.o
                0x9d003cd4                IMU_init

.text._USB_DEVICE_GetFunctionDriverEntryByInterface
                0x9d003d60       0x88
 .text._USB_DEVICE_GetFunctionDriverEntryByInterface
                0x9d003d60       0x88 build/default/production/_ext/240043509/usb_device.o
                0x9d003d60                _USB_DEVICE_GetFunctionDriverEntryByInterface

.text._USB_DEVICE_FindEndpoint
                0x9d003de8       0x88
 .text._USB_DEVICE_FindEndpoint
                0x9d003de8       0x88 build/default/production/_ext/240043509/usb_device.o
                0x9d003de8                _USB_DEVICE_FindEndpoint

.text.DRV_USBFS_Tasks_ISR
                0x9d003e70       0x84
 .text.DRV_USBFS_Tasks_ISR
                0x9d003e70       0x84 build/default/production/_ext/1820355960/drv_usbfs.o
                0x9d003e70                DRV_USBFS_Tasks_ISR

.text.DRV_USBFS_DEVICE_Attach
                0x9d003ef4       0x84
 .text.DRV_USBFS_DEVICE_Attach
                0x9d003ef4       0x84 build/default/production/_ext/1820355960/drv_usbfs_device.o
                0x9d003ef4                DRV_USBFS_DEVICE_Attach

.text.USB_DEVICE_ControlSend
                0x9d003f78       0x84
 .text.USB_DEVICE_ControlSend
                0x9d003f78       0x84 build/default/production/_ext/240043509/usb_device.o
                0x9d003f78                USB_DEVICE_ControlSend

.text.USB_DEVICE_ControlStatus
                0x9d003ffc       0x7c
 .text.USB_DEVICE_ControlStatus
                0x9d003ffc       0x7c build/default/production/_ext/240043509/usb_device.o
                0x9d003ffc                USB_DEVICE_ControlStatus

.text.DRV_USBFS_ClientEventCallBackSet
                0x9d004078       0x78
 .text.DRV_USBFS_ClientEventCallBackSet
                0x9d004078       0x78 build/default/production/_ext/1820355960/drv_usbfs.o
                0x9d004078                DRV_USBFS_ClientEventCallBackSet

.text.SYS_CLK_Initialize
                0x9d0040f0       0x70
 .text.SYS_CLK_Initialize
                0x9d0040f0       0x70 build/default/production/_ext/639803181/sys_clk_static.o
                0x9d0040f0                SYS_CLK_Initialize

.text.SYS_PORTS_Initialize
                0x9d004160       0x70
 .text.SYS_PORTS_Initialize
                0x9d004160       0x70 build/default/production/_ext/822048611/sys_ports_static.o
                0x9d004160                SYS_PORTS_Initialize

.text.DRV_USBFS_DEVICE_Detach
                0x9d0041d0       0x6c
 .text.DRV_USBFS_DEVICE_Detach
                0x9d0041d0       0x6c build/default/production/_ext/1820355960/drv_usbfs_device.o
                0x9d0041d0                DRV_USBFS_DEVICE_Detach

.text._DRV_USBFS_DEVICE_IRPQueueFlush
                0x9d00423c       0x68
 .text._DRV_USBFS_DEVICE_IRPQueueFlush
                0x9d00423c       0x68 build/default/production/_ext/1820355960/drv_usbfs_device.o
                0x9d00423c                _DRV_USBFS_DEVICE_IRPQueueFlush

.text.SYS_DEVCON_PerformanceConfig
                0x9d0042a4       0x60
 .text.SYS_DEVCON_PerformanceConfig
                0x9d0042a4       0x60 build/default/production/_ext/2015905298/sys_devcon_pic32mx.o
                0x9d0042a4                SYS_DEVCON_PerformanceConfig

.text.SYS_DEVCON_SystemUnlock
                0x9d004304       0x58
 .text.SYS_DEVCON_SystemUnlock
                0x9d004304       0x58 build/default/production/_ext/2015905298/sys_devcon.o
                0x9d004304                SYS_DEVCON_SystemUnlock

.text.SYS_INT_SourceDisable
                0x9d00435c       0x58
 .text.SYS_INT_SourceDisable
                0x9d00435c       0x58 build/default/production/_ext/1235250312/sys_int_pic32.o
                0x9d00435c                SYS_INT_SourceDisable

.text.USB_DEVICE_EventHandlerSet
                0x9d0043b4       0x58
 .text.USB_DEVICE_EventHandlerSet
                0x9d0043b4       0x58 build/default/production/_ext/240043509/usb_device.o
                0x9d0043b4                USB_DEVICE_EventHandlerSet

.text.main_entry
                0x9d00440c       0x54
 .text.main_entry
                0x9d00440c       0x54 f:/program files (x86)/microchip/xc32/v1.42/bin/bin/../../lib/gcc/pic32mx/4.8.3/../../../../pic32mx/lib/./proc/32MX250F128B/crt0_mips32r2.o
                0x9d004440                __crt0_exit

.text.DRV_USBFS_Open
                0x9d004460       0x54
 .text.DRV_USBFS_Open
                0x9d004460       0x54 build/default/production/_ext/1820355960/drv_usbfs.o
                0x9d004460                DRV_USBFS_Open

.text.USB_DEVICE_Open
                0x9d0044b4       0x50
 .text.USB_DEVICE_Open
                0x9d0044b4       0x50 build/default/production/_ext/240043509/usb_device.o
                0x9d0044b4                USB_DEVICE_Open

.text.DRV_USBFS_DEVICE_SOFNumberGet
                0x9d004504       0x4c
 .text.DRV_USBFS_DEVICE_SOFNumberGet
                0x9d004504       0x4c build/default/production/_ext/1820355960/drv_usbfs_device.o
                0x9d004504                DRV_USBFS_DEVICE_SOFNumberGet

.text._USB_DEVICE_RedirectControlXfrToClient
                0x9d004550       0x4c
 .text._USB_DEVICE_RedirectControlXfrToClient
                0x9d004550       0x4c build/default/production/_ext/240043509/usb_device.o
                0x9d004550                _USB_DEVICE_RedirectControlXfrToClient

.text.USB_DEVICE_HID_EventHandlerSet
                0x9d00459c       0x4c
 .text.USB_DEVICE_HID_EventHandlerSet
                0x9d00459c       0x4c build/default/production/_ext/240043509/usb_device_hid.o
                0x9d00459c                USB_DEVICE_HID_EventHandlerSet

.text.SYS_DEVCON_SystemLock
                0x9d0045e8       0x48
 .text.SYS_DEVCON_SystemLock
                0x9d0045e8       0x48 build/default/production/_ext/2015905298/sys_devcon.o
                0x9d0045e8                SYS_DEVCON_SystemLock

.text._bootstrap_exception_handler
                0x9d004630       0x48
 .text._bootstrap_exception_handler
                0x9d004630       0x48 f:/program files (x86)/microchip/xc32/v1.42/bin/bin/../../lib/gcc/pic32mx/4.8.3/../../../../pic32mx/lib\libpic32.a(default-bootstrap-exception-handler.o)
                0x9d004630                _bootstrap_exception_handler

.vector_default
                0x9d004678       0x48
 .vector_default
                0x9d004678       0x48 f:/program files (x86)/microchip/xc32/v1.42/bin/bin/../../lib/gcc/pic32mx/4.8.3/../../../../pic32mx/lib\libpic32.a(defaultinterrupt.o)
                0x9d004678                _DefaultInterrupt

.text.SYS_Tasks
                0x9d0046c0       0x44
 .text.SYS_Tasks
                0x9d0046c0       0x44 build/default/production/_ext/1688732426/system_tasks.o
                0x9d0046c0                SYS_Tasks

.text.DRV_USBFS_DEVICE_EndpointIsEnabled
                0x9d004704       0x44
 .text.DRV_USBFS_DEVICE_EndpointIsEnabled
                0x9d004704       0x44 build/default/production/_ext/1820355960/drv_usbfs_device.o
                0x9d004704                DRV_USBFS_DEVICE_EndpointIsEnabled

.text.DRV_USBFS_DEVICE_EndpointIsStalled
                0x9d004748       0x44
 .text.DRV_USBFS_DEVICE_EndpointIsStalled
                0x9d004748       0x44 build/default/production/_ext/1820355960/drv_usbfs_device.o
                0x9d004748                DRV_USBFS_DEVICE_EndpointIsStalled

.text           0x9d00478c       0x44
 .text          0x9d00478c       0x44 f:/program files (x86)/microchip/xc32/v1.42/bin/bin/../../lib/gcc/pic32mx/4.8.3/../../../../pic32mx/lib\pic32_software_reset.o
                0x9d00478c                __pic32_software_reset

.text._general_exception_handler
                0x9d0047d0       0x40
 .text._general_exception_handler
                0x9d0047d0       0x40 build/default/production/_ext/1688732426/system_exceptions.o
                0x9d0047d0                _general_exception_handler

.text.i2c_master_ack
                0x9d004810       0x3c
 .text.i2c_master_ack
                0x9d004810       0x3c build/default/production/i2c_master_noint.o
                0x9d004810                i2c_master_ack

.text._DRV_USBFS_DEVICE_Initialize
                0x9d00484c       0x3c
 .text._DRV_USBFS_DEVICE_Initialize
                0x9d00484c       0x3c build/default/production/_ext/1820355960/drv_usbfs_device.o
                0x9d00484c                _DRV_USBFS_DEVICE_Initialize

.text.DRV_USBFS_DEVICE_AddressSet
                0x9d004888       0x38
 .text.DRV_USBFS_DEVICE_AddressSet
                0x9d004888       0x38 build/default/production/_ext/1820355960/drv_usbfs_device.o
                0x9d004888                DRV_USBFS_DEVICE_AddressSet

.text.i2c_master_recv
                0x9d0048c0       0x34
 .text.i2c_master_recv
                0x9d0048c0       0x34 build/default/production/i2c_master_noint.o
                0x9d0048c0                i2c_master_recv

.text.i2c_master_start
                0x9d0048f4       0x30
 .text.i2c_master_start
                0x9d0048f4       0x30 build/default/production/i2c_master_noint.o
                0x9d0048f4                i2c_master_start

.text.i2c_master_restart
                0x9d004924       0x30
 .text.i2c_master_restart
                0x9d004924       0x30 build/default/production/i2c_master_noint.o
                0x9d004924                i2c_master_restart

.text.i2c_master_stop
                0x9d004954       0x30
 .text.i2c_master_stop
                0x9d004954       0x30 build/default/production/i2c_master_noint.o
                0x9d004954                i2c_master_stop

.text.i2c_master_send
                0x9d004984       0x2c
 .text.i2c_master_send
                0x9d004984       0x2c build/default/production/i2c_master_noint.o
                0x9d004984                i2c_master_send

.text.DRV_USBFS_DEVICE_RemoteWakeupStart
                0x9d0049b0       0x2c
 .text.DRV_USBFS_DEVICE_RemoteWakeupStart
                0x9d0049b0       0x2c build/default/production/_ext/1820355960/drv_usbfs_device.o
                0x9d0049b0                DRV_USBFS_DEVICE_RemoteWakeupStart

.text.DRV_USBFS_DEVICE_RemoteWakeupStop
                0x9d0049dc       0x2c
 .text.DRV_USBFS_DEVICE_RemoteWakeupStop
                0x9d0049dc       0x2c build/default/production/_ext/1820355960/drv_usbfs_device.o
                0x9d0049dc                DRV_USBFS_DEVICE_RemoteWakeupStop

.text.i2c_master_setup
                0x9d004a08       0x28
 .text.i2c_master_setup
                0x9d004a08       0x28 build/default/production/i2c_master_noint.o
                0x9d004a08                i2c_master_setup

.text.DRV_USBFS_Close
                0x9d004a30       0x28
 .text.DRV_USBFS_Close
                0x9d004a30       0x28 build/default/production/_ext/1820355960/drv_usbfs.o
                0x9d004a30                DRV_USBFS_Close

.text._USB_DEVICE_ClientHandleValidate
                0x9d004a58       0x28
 .text._USB_DEVICE_ClientHandleValidate
                0x9d004a58       0x28 build/default/production/_ext/240043509/usb_device.o
                0x9d004a58                _USB_DEVICE_ClientHandleValidate

.text.MOUSE_ReportCreate
                0x9d004a80       0x24
 .text.MOUSE_ReportCreate
                0x9d004a80       0x24 build/default/production/_ext/1360937237/mouse.o
                0x9d004a80                MOUSE_ReportCreate

.text.main      0x9d004aa4       0x20
 .text.main     0x9d004aa4       0x20 build/default/production/_ext/1360937237/main.o
                0x9d004aa4                main

.text._USB_DEVICE_HID_GlobalInitialize
                0x9d004ac4       0x20
 .text._USB_DEVICE_HID_GlobalInitialize
                0x9d004ac4       0x20 build/default/production/_ext/240043509/usb_device_hid.o
                0x9d004ac4                _USB_DEVICE_HID_GlobalInitialize

.text.SYS_INT_Initialize
                0x9d004ae4       0x18
 .text.SYS_INT_Initialize
                0x9d004ae4       0x18 build/default/production/_ext/1235250312/sys_int_pic32.o
                0x9d004ae4                SYS_INT_Initialize

.text           0x9d004afc       0x18
 .text          0x9d004afc       0x18 f:/program files (x86)/microchip/xc32/v1.42/bin/bin/../../lib/gcc/pic32mx/4.8.3/../../../../pic32mx/lib\libpic32.a(default-nmi-handler.o)
                0x9d004afc                _nmi_handler

.text.SYS_DEVCON_Initialize
                0x9d004b14       0x14
 .text.SYS_DEVCON_Initialize
                0x9d004b14       0x14 build/default/production/_ext/2015905298/sys_devcon.o
                0x9d004b14                SYS_DEVCON_Initialize

.rodata         0x9d004b28       0x14
 .rodata        0x9d004b28       0x14 build/default/production/_ext/240043509/usb_device_hid.o
                0x9d004b28                hidFuncDriver

.text.DRV_USBFS_DEVICE_CurrentSpeedGet
                0x9d004b3c       0x10
 .text.DRV_USBFS_DEVICE_CurrentSpeedGet
                0x9d004b3c       0x10 build/default/production/_ext/1820355960/drv_usbfs_device.o
                0x9d004b3c                DRV_USBFS_DEVICE_CurrentSpeedGet

.text.SYS_CLK_SystemFrequencyGet
                0x9d004b4c        0xc
 .text.SYS_CLK_SystemFrequencyGet
                0x9d004b4c        0xc build/default/production/_ext/639803181/sys_clk_static.o
                0x9d004b4c                SYS_CLK_SystemFrequencyGet

.text.DRV_USBFS_Tasks
                0x9d004b58        0x8
 .text.DRV_USBFS_Tasks
                0x9d004b58        0x8 build/default/production/_ext/1820355960/drv_usbfs.o
                0x9d004b58                DRV_USBFS_Tasks

.text.SYS_DEVCON_Tasks
                0x9d004b60        0x8
 .text.SYS_DEVCON_Tasks
                0x9d004b60        0x8 build/default/production/_ext/2015905298/sys_devcon.o
                0x9d004b60                SYS_DEVCON_Tasks

.text._on_reset
                0x9d004b68        0x8
 .text._on_reset
                0x9d004b68        0x8 f:/program files (x86)/microchip/xc32/v1.42/bin/bin/../../lib/gcc/pic32mx/4.8.3/../../../../pic32mx/lib\libpic32.a(default-on-reset.o)
                0x9d004b68                _on_reset

.text._on_bootstrap
                0x9d004b70        0x8
 .text._on_bootstrap
                0x9d004b70        0x8 f:/program files (x86)/microchip/xc32/v1.42/bin/bin/../../lib/gcc/pic32mx/4.8.3/../../../../pic32mx/lib\libpic32.a(default-on-bootstrap.o)
                0x9d004b70                _on_bootstrap
