
Optional file libmchp_peripheral.a not found

Optional file libmchp_peripheral_32MX250F128B.a not found
Archive member included because of file (symbol)

f:/program files (x86)/microchip/xc32/v1.42/bin/bin/../../lib/gcc/pic32mx/4.8.3/../../../../pic32mx/lib\libpic32.a(memcpy.o)
                              build/default/production/_ext/240043509/usb_device.o (memcpy)
f:/program files (x86)/microchip/xc32/v1.42/bin/bin/../../lib/gcc/pic32mx/4.8.3/../../../../pic32mx/lib\libpic32.a(default-bootstrap-exception-handler.o)
                              f:/program files (x86)/microchip/xc32/v1.42/bin/bin/../../lib/gcc/pic32mx/4.8.3/../../../../pic32mx/lib/./proc/32MX250F128B/crt0_mips32r2.o (_bootstrap_exception_handler)
f:/program files (x86)/microchip/xc32/v1.42/bin/bin/../../lib/gcc/pic32mx/4.8.3/../../../../pic32mx/lib\libpic32.a(default-on-reset.o)
                              f:/program files (x86)/microchip/xc32/v1.42/bin/bin/../../lib/gcc/pic32mx/4.8.3/../../../../pic32mx/lib/./proc/32MX250F128B/crt0_mips32r2.o (_on_reset)
f:/program files (x86)/microchip/xc32/v1.42/bin/bin/../../lib/gcc/pic32mx/4.8.3/../../../../pic32mx/lib\libpic32.a(default-on-bootstrap.o)
                              f:/program files (x86)/microchip/xc32/v1.42/bin/bin/../../lib/gcc/pic32mx/4.8.3/../../../../pic32mx/lib/./proc/32MX250F128B/crt0_mips32r2.o (_on_bootstrap)
f:/program files (x86)/microchip/xc32/v1.42/bin/bin/../../lib/gcc/pic32mx/4.8.3/../../../../pic32mx/lib\libpic32.a(default-nmi-handler.o)
                              f:/program files (x86)/microchip/xc32/v1.42/bin/bin/../../lib/gcc/pic32mx/4.8.3/../../../../pic32mx/lib/./proc/32MX250F128B/crt0_mips32r2.o (_nmi_handler)
f:/program files (x86)/microchip/xc32/v1.42/bin/bin/../../lib/gcc/pic32mx/4.8.3/../../../../pic32mx/lib\libpic32.a(general-exception.o)
                              f:/program files (x86)/microchip/xc32/v1.42/bin/bin/../../lib/gcc/pic32mx/4.8.3/../../../../pic32mx/lib/./proc/32MX250F128B/crt0_mips32r2.o (_general_exception_context)
f:/program files (x86)/microchip/xc32/v1.42/bin/bin/../../lib/gcc/pic32mx/4.8.3/../../../../pic32mx/lib\libpic32.a(vector0.o)
                              f:/program files (x86)/microchip/xc32/v1.42/bin/bin/../../lib/gcc/pic32mx/4.8.3/../../../../pic32mx/lib/./proc/32MX250F128B\default_isr_vectors.o (__vector_dispatch_0)
f:/program files (x86)/microchip/xc32/v1.42/bin/bin/../../lib/gcc/pic32mx/4.8.3/../../../../pic32mx/lib\libpic32.a(vector1.o)
                              f:/program files (x86)/microchip/xc32/v1.42/bin/bin/../../lib/gcc/pic32mx/4.8.3/../../../../pic32mx/lib/./proc/32MX250F128B\default_isr_vectors.o (__vector_dispatch_1)
f:/program files (x86)/microchip/xc32/v1.42/bin/bin/../../lib/gcc/pic32mx/4.8.3/../../../../pic32mx/lib\libpic32.a(vector2.o)
                              f:/program files (x86)/microchip/xc32/v1.42/bin/bin/../../lib/gcc/pic32mx/4.8.3/../../../../pic32mx/lib/./proc/32MX250F128B\default_isr_vectors.o (__vector_dispatch_2)
f:/program files (x86)/microchip/xc32/v1.42/bin/bin/../../lib/gcc/pic32mx/4.8.3/../../../../pic32mx/lib\libpic32.a(vector3.o)
                              f:/program files (x86)/microchip/xc32/v1.42/bin/bin/../../lib/gcc/pic32mx/4.8.3/../../../../pic32mx/lib/./proc/32MX250F128B\default_isr_vectors.o (__vector_dispatch_3)
f:/program files (x86)/microchip/xc32/v1.42/bin/bin/../../lib/gcc/pic32mx/4.8.3/../../../../pic32mx/lib\libpic32.a(vector4.o)
                              f:/program files (x86)/microchip/xc32/v1.42/bin/bin/../../lib/gcc/pic32mx/4.8.3/../../../../pic32mx/lib/./proc/32MX250F128B\default_isr_vectors.o (__vector_dispatch_4)
f:/program files (x86)/microchip/xc32/v1.42/bin/bin/../../lib/gcc/pic32mx/4.8.3/../../../../pic32mx/lib\libpic32.a(vector5.o)
                              f:/program files (x86)/microchip/xc32/v1.42/bin/bin/../../lib/gcc/pic32mx/4.8.3/../../../../pic32mx/lib/./proc/32MX250F128B\default_isr_vectors.o (__vector_dispatch_5)
f:/program files (x86)/microchip/xc32/v1.42/bin/bin/../../lib/gcc/pic32mx/4.8.3/../../../../pic32mx/lib\libpic32.a(vector6.o)
                              f:/program files (x86)/microchip/xc32/v1.42/bin/bin/../../lib/gcc/pic32mx/4.8.3/../../../../pic32mx/lib/./proc/32MX250F128B\default_isr_vectors.o (__vector_dispatch_6)
f:/program files (x86)/microchip/xc32/v1.42/bin/bin/../../lib/gcc/pic32mx/4.8.3/../../../../pic32mx/lib\libpic32.a(vector7.o)
                              f:/program files (x86)/microchip/xc32/v1.42/bin/bin/../../lib/gcc/pic32mx/4.8.3/../../../../pic32mx/lib/./proc/32MX250F128B\default_isr_vectors.o (__vector_dispatch_7)
f:/program files (x86)/microchip/xc32/v1.42/bin/bin/../../lib/gcc/pic32mx/4.8.3/../../../../pic32mx/lib\libpic32.a(vector8.o)
                              f:/program files (x86)/microchip/xc32/v1.42/bin/bin/../../lib/gcc/pic32mx/4.8.3/../../../../pic32mx/lib/./proc/32MX250F128B\default_isr_vectors.o (__vector_dispatch_8)
[...]
Memory Configuration

Name             Origin             Length             Attributes
kseg0_program_mem 0x9d000000         0x0001f000         xr
exception_mem    0x9d01f000         0x00001000
debug_exec_mem   0x9fc00490         0x00000760
kseg0_boot_mem   0x9fc00490         0x00000000
kseg1_boot_mem   0xbfc00000         0x00000490
config3          0xbfc00bf0         0x00000004
config2          0xbfc00bf4         0x00000004
config1          0xbfc00bf8         0x00000004
config0          0xbfc00bfc         0x00000004
kseg1_data_mem   0xa0000000         0x00008000         w !x
sfrs             0xbf800000         0x00100000
configsfrs       0xbfc00bf0         0x00000010
*default*        0x00000000         0xffffffff

Linker script and memory map

LOAD f:/program files (x86)/microchip/xc32/v1.42/bin/bin/../../lib/gcc/pic32mx/4.8.3/../../../../pic32mx/lib/./proc/32MX250F128B/crt0_mips32r2.o
LOAD f:/program files (x86)/microchip/xc32/v1.42/bin/bin/../../lib/gcc/pic32mx/4.8.3/../../../../pic32mx/lib\debug-exception-return.o
LOAD build/default/production/_ext/639803181/sys_clk_static.o
LOAD build/default/production/_ext/822048611/sys_ports_static.o
LOAD build/default/production/_ext/1688732426/system_init.o
LOAD build/default/production/_ext/1688732426/system_interrupt.o
LOAD build/default/production/_ext/1688732426/system_exceptions.o
LOAD build/default/production/_ext/1688732426/system_tasks.o
LOAD build/default/production/_ext/1360937237/app.o
LOAD build/default/production/_ext/1360937237/main.o
LOAD build/default/production/i2c_master_noint.o
LOAD build/default/production/ILI9163C.o
LOAD build/default/production/_ext/1820355960/drv_usbfs.o
LOAD build/default/production/_ext/1820355960/drv_usbfs_device.o
LOAD build/default/production/_ext/2015905298/sys_devcon.o
LOAD build/default/production/_ext/2015905298/sys_devcon_pic32mx.o
LOAD build/default/production/_ext/1235250312/sys_int_pic32.o
LOAD build/default/production/_ext/240043509/usb_device.o
LOAD build/default/production/_ext/240043509/usb_device_cdc.o
LOAD build/default/production/_ext/240043509/usb_device_cdc_acm.o
LOAD ..\..\..\..\..\microchip\harmony\v1_10\bin\framework\peripheral\PIC32MX250F128B_peripherals.a
                0x00000001                __MPLAB_BUILD = 0x1
                0x00000000                _min_heap_size = 0x0
LOAD f:/program files (x86)/microchip/xc32/v1.42/bin/bin/../../lib/gcc/pic32mx/4.8.3/../../../../pic32mx/lib/./proc/32MX250F128B\default_isr_vectors.o
LOAD f:/program files (x86)/microchip/xc32/v1.42/bin/bin/../../lib/gcc/pic32mx/4.8.3/../../../../pic32mx/lib\pic32_software_reset.o
                0x00000400                PROVIDE (_min_stack_size, 0x400)
LOAD f:/program files (x86)/microchip/xc32/v1.42/bin/bin/../../lib/gcc/pic32mx/4.8.3/../../../../pic32mx/lib/./proc/32MX250F128B\processor.o
START GROUP
LOAD libmchp_peripheral.a
END GROUP
START GROUP
LOAD libmchp_peripheral_32MX250F128B.a
END GROUP
                0x00000001                PROVIDE (_vector_spacing, 0x1)
                0x9d01f000                PROVIDE (_ebase_address, 0x9d01f000)
                0xbfc00000                _RESET_ADDR = 0xbfc00000
                0xbfc00380                _BEV_EXCPT_ADDR = 0xbfc00380
                0xbfc00480                _DBG_EXCPT_ADDR = 0xbfc00480
                0x9fc00490                _DBG_CODE_ADDR = 0x9fc00490
                0x00000760                _DBG_CODE_SIZE = 0x760
                0x9d01f180                _GEN_EXCPT_ADDR = (_ebase_address + 0x180)

.config_BFC00BF0
                0xbfc00bf0        0x4
 *(.config_BFC00BF0)
 .config_BFC00BF0
                0xbfc00bf0        0x4 build/default/production/_ext/1688732426/system_init.o

.config_BFC00BF4
                0xbfc00bf4        0x4
 *(.config_BFC00BF4)
 .config_BFC00BF4
                0xbfc00bf4        0x4 build/default/production/_ext/1688732426/system_init.o

.config_BFC00BF8
                0xbfc00bf8        0x4
 *(.config_BFC00BF8)
 .config_BFC00BF8
                0xbfc00bf8        0x4 build/default/production/_ext/1688732426/system_init.o

.config_BFC00BFC
                0xbfc00bfc        0x4
 *(.config_BFC00BFC)
 .config_BFC00BFC
                0xbfc00bfc        0x4 build/default/production/_ext/1688732426/system_init.o
                0xbfc02000                PROVIDE (_DBG_CODE_ADDR, 0xbfc02000)
                0x00000ff0                PROVIDE (_DBG_CODE_SIZE, 0xff0)

.reset          0xbfc00000      0x1e4
 *(.reset)
 .reset         0xbfc00000        0x8 f:/program files (x86)/microchip/xc32/v1.42/bin/bin/../../lib/gcc/pic32mx/4.8.3/../../../../pic32mx/lib/./proc/32MX250F128B/crt0_mips32r2.o
                0xbfc00000                _reset
 *(.reset.startup)
 .reset.startup
                0xbfc00008      0x1dc f:/program files (x86)/microchip/xc32/v1.42/bin/bin/../../lib/gcc/pic32mx/4.8.3/../../../../pic32mx/lib/./proc/32MX250F128B/crt0_mips32r2.o

.bev_excpt      0xbfc00380       0x10
 *(.bev_handler)
 .bev_handler   0xbfc00380       0x10 f:/program files (x86)/microchip/xc32/v1.42/bin/bin/../../lib/gcc/pic32mx/4.8.3/../../../../pic32mx/lib/./proc/32MX250F128B/crt0_mips32r2.o

.dbg_excpt      0xbfc00480        0x0
                0xbfc00480                . = (. + DEFINED (_DEBUGGER)?0x8:0x0)

.dbg_code       0x9fc00490        0x0
                0x9fc00490                . = (. + DEFINED (_DEBUGGER)?_DBG_CODE_SIZE:0x0)

.app_excpt      0x9d01f180       0x10
 *(.gen_handler)
 .gen_handler   0x9d01f180       0x10 f:/program files (x86)/microchip/xc32/v1.42/bin/bin/../../lib/gcc/pic32mx/4.8.3/../../../../pic32mx/lib/./proc/32MX250F128B/crt0_mips32r2.o

.vector_0       0x9d01f200        0x8
 *(.vector_0)
 .vector_0      0x9d01f200        0x8 f:/program files (x86)/microchip/xc32/v1.42/bin/bin/../../lib/gcc/pic32mx/4.8.3/../../../../pic32mx/lib\libpic32.a(vector0.o)
                0x9d01f200                __vector_dispatch_0
                0x00000001                ASSERT (((_vector_spacing == 0x0) || (SIZEOF (.vector_0) <= (_vector_spacing << 0x5))), function at exception vector 0 too large)

.vector_1       0x9d01f220        0x8
 *(.vector_1)
 .vector_1      0x9d01f220        0x8 f:/program files (x86)/microchip/xc32/v1.42/bin/bin/../../lib/gcc/pic32mx/4.8.3/../../../../pic32mx/lib\libpic32.a(vector1.o)
                0x9d01f220                __vector_dispatch_1
                0x00000001                ASSERT (((_vector_spacing == 0x0) || (SIZEOF (.vector_1) <= (_vector_spacing << 0x5))), function at exception vector 1 too large)

.vector_2       0x9d01f240        0x8
 *(.vector_2)
 .vector_2      0x9d01f240        0x8 f:/program files (x86)/microchip/xc32/v1.42/bin/bin/../../lib/gcc/pic32mx/4.8.3/../../../../pic32mx/lib\libpic32.a(vector2.o)
                0x9d01f240                __vector_dispatch_2
                0x00000001                ASSERT (((_vector_spacing == 0x0) || (SIZEOF (.vector_2) <= (_vector_spacing << 0x5))), function at exception vector 2 too large)

.vector_3       0x9d01f260        0x8
 *(.vector_3)
 .vector_3      0x9d01f260        0x8 f:/program files (x86)/microchip/xc32/v1.42/bin/bin/../../lib/gcc/pic32mx/4.8.3/../../../../pic32mx/lib\libpic32.a(vector3.o)
                0x9d01f260                __vector_dispatch_3
                0x00000001                ASSERT (((_vector_spacing == 0x0) || (SIZEOF (.vector_3) <= (_vector_spacing << 0x5))), function at exception vector 3 too large)

.vector_4       0x9d01f280        0x8
 *(.vector_4)
 .vector_4      0x9d01f280        0x8 f:/program files (x86)/microchip/xc32/v1.42/bin/bin/../../lib/gcc/pic32mx/4.8.3/../../../../pic32mx/lib\libpic32.a(vector4.o)
                0x9d01f280                __vector_dispatch_4
                0x00000001                ASSERT (((_vector_spacing == 0x0) || (SIZEOF (.vector_4) <= (_vector_spacing << 0x5))), function at exception vector 4 too large)

.vector_5       0x9d01f2a0        0x8
 *(.vector_5)
 .vector_5      0x9d01f2a0        0x8 f:/program files (x86)/microchip/xc32/v1.42/bin/bin/../../lib/gcc/pic32mx/4.8.3/../../../../pic32mx/lib\libpic32.a(vector5.o)
                0x9d01f2a0                __vector_dispatch_5
                0x00000001                ASSERT (((_vector_spacing == 0x0) || (SIZEOF (.vector_5) <= (_vector_spacing << 0x5))), function at exception vector 5 too large)

.vector_6       0x9d01f2c0        0x8
 *(.vector_6)
 .vector_6      0x9d01f2c0        0x8 f:/program files (x86)/microchip/xc32/v1.42/bin/bin/../../lib/gcc/pic32mx/4.8.3/../../../../pic32mx/lib\libpic32.a(vector6.o)
                0x9d01f2c0                __vector_dispatch_6
                0x00000001                ASSERT (((_vector_spacing == 0x0) || (SIZEOF (.vector_6) <= (_vector_spacing << 0x5))), function at exception vector 6 too large)

.vector_7       0x9d01f2e0        0x8
 *(.vector_7)
 .vector_7      0x9d01f2e0        0x8 f:/program files (x86)/microchip/xc32/v1.42/bin/bin/../../lib/gcc/pic32mx/4.8.3/../../../../pic32mx/lib\libpic32.a(vector7.o)
                0x9d01f2e0                __vector_dispatch_7
                0x00000001                ASSERT (((_vector_spacing == 0x0) || (SIZEOF (.vector_7) <= (_vector_spacing << 0x5))), function at exception vector 7 too large)

.vector_8       0x9d01f300        0x8
 *(.vector_8)
 .vector_8      0x9d01f300        0x8 f:/program files (x86)/microchip/xc32/v1.42/bin/bin/../../lib/gcc/pic32mx/4.8.3/../../../../pic32mx/lib\libpic32.a(vector8.o)
                0x9d01f300                __vector_dispatch_8
                0x00000001                ASSERT (((_vector_spacing == 0x0) || (SIZEOF (.vector_8) <= (_vector_spacing << 0x5))), function at exception vector 8 too large)

.vector_9       0x9d01f320        0x8
 *(.vector_9)
 .vector_9      0x9d01f320        0x8 f:/program files (x86)/microchip/xc32/v1.42/bin/bin/../../lib/gcc/pic32mx/4.8.3/../../../../pic32mx/lib\libpic32.a(vector9.o)
                0x9d01f320                __vector_dispatch_9
                0x00000001                ASSERT (((_vector_spacing == 0x0) || (SIZEOF (.vector_9) <= (_vector_spacing << 0x5))), function at exception vector 9 too large)

.vector_10      0x9d01f340        0x8
 *(.vector_10)
 .vector_10     0x9d01f340        0x8 f:/program files (x86)/microchip/xc32/v1.42/bin/bin/../../lib/gcc/pic32mx/4.8.3/../../../../pic32mx/lib\libpic32.a(vector10.o)
                0x9d01f340                __vector_dispatch_10
                0x00000001                ASSERT (((_vector_spacing == 0x0) || (SIZEOF (.vector_10) <= (_vector_spacing << 0x5))), function at exception vector 10 too large)

.vector_11      0x9d01f360        0x8
 *(.vector_11)
 .vector_11     0x9d01f360        0x8 f:/program files (x86)/microchip/xc32/v1.42/bin/bin/../../lib/gcc/pic32mx/4.8.3/../../../../pic32mx/lib\libpic32.a(vector11.o)
                0x9d01f360                __vector_dispatch_11
                0x00000001                ASSERT (((_vector_spacing == 0x0) || (SIZEOF (.vector_11) <= (_vector_spacing << 0x5))), function at exception vector 11 too large)

.vector_12      0x9d01f380        0x8
 *(.vector_12)
 .vector_12     0x9d01f380        0x8 f:/program files (x86)/microchip/xc32/v1.42/bin/bin/../../lib/gcc/pic32mx/4.8.3/../../../../pic32mx/lib\libpic32.a(vector12.o)
                0x9d01f380                __vector_dispatch_12
                0x00000001                ASSERT (((_vector_spacing == 0x0) || (SIZEOF (.vector_12) <= (_vector_spacing << 0x5))), function at exception vector 12 too large)

.vector_13      0x9d01f3a0        0x8
 *(.vector_13)
 .vector_13     0x9d01f3a0        0x8 f:/program files (x86)/microchip/xc32/v1.42/bin/bin/../../lib/gcc/pic32mx/4.8.3/../../../../pic32mx/lib\libpic32.a(vector13.o)
                0x9d01f3a0                __vector_dispatch_13
                0x00000001                ASSERT (((_vector_spacing == 0x0) || (SIZEOF (.vector_13) <= (_vector_spacing << 0x5))), function at exception vector 13 too large)

.vector_14      0x9d01f3c0        0x8
 *(.vector_14)
 .vector_14     0x9d01f3c0        0x8 f:/program files (x86)/microchip/xc32/v1.42/bin/bin/../../lib/gcc/pic32mx/4.8.3/../../../../pic32mx/lib\libpic32.a(vector14.o)
                0x9d01f3c0                __vector_dispatch_14
                0x00000001                ASSERT (((_vector_spacing == 0x0) || (SIZEOF (.vector_14) <= (_vector_spacing << 0x5))), function at exception vector 14 too large)

.vector_15      0x9d01f3e0        0x8
 *(.vector_15)
 .vector_15     0x9d01f3e0        0x8 f:/program files (x86)/microchip/xc32/v1.42/bin/bin/../../lib/gcc/pic32mx/4.8.3/../../../../pic32mx/lib\libpic32.a(vector15.o)
                0x9d01f3e0                __vector_dispatch_15
                0x00000001                ASSERT (((_vector_spacing == 0x0) || (SIZEOF (.vector_15) <= (_vector_spacing << 0x5))), function at exception vector 15 too large)

.vector_16      0x9d01f400        0x8
 *(.vector_16)
 .vector_16     0x9d01f400        0x8 f:/program files (x86)/microchip/xc32/v1.42/bin/bin/../../lib/gcc/pic32mx/4.8.3/../../../../pic32mx/lib\libpic32.a(vector16.o)
                0x9d01f400                __vector_dispatch_16
                0x00000001                ASSERT (((_vector_spacing == 0x0) || (SIZEOF (.vector_16) <= (_vector_spacing << 0x5))), function at exception vector 16 too large)

.vector_17      0x9d01f420        0x8
 *(.vector_17)
 .vector_17     0x9d01f420        0x8 f:/program files (x86)/microchip/xc32/v1.42/bin/bin/../../lib/gcc/pic32mx/4.8.3/../../../../pic32mx/lib\libpic32.a(vector17.o)
                0x9d01f420                __vector_dispatch_17
                0x00000001                ASSERT (((_vector_spacing == 0x0) || (SIZEOF (.vector_17) <= (_vector_spacing << 0x5))), function at exception vector 17 too large)

.vector_18      0x9d01f440        0x8
 *(.vector_18)
 .vector_18     0x9d01f440        0x8 f:/program files (x86)/microchip/xc32/v1.42/bin/bin/../../lib/gcc/pic32mx/4.8.3/../../../../pic32mx/lib\libpic32.a(vector18.o)
                0x9d01f440                __vector_dispatch_18
                0x00000001                ASSERT (((_vector_spacing == 0x0) || (SIZEOF (.vector_18) <= (_vector_spacing << 0x5))), function at exception vector 18 too large)

.vector_19      0x9d01f460        0x8
 *(.vector_19)
 .vector_19     0x9d01f460        0x8 f:/program files (x86)/microchip/xc32/v1.42/bin/bin/../../lib/gcc/pic32mx/4.8.3/../../../../pic32mx/lib\libpic32.a(vector19.o)
                0x9d01f460                __vector_dispatch_19
                0x00000001                ASSERT (((_vector_spacing == 0x0) || (SIZEOF (.vector_19) <= (_vector_spacing << 0x5))), function at exception vector 19 too large)

.vector_20      0x9d01f480        0x8
 *(.vector_20)
 .vector_20     0x9d01f480        0x8 f:/program files (x86)/microchip/xc32/v1.42/bin/bin/../../lib/gcc/pic32mx/4.8.3/../../../../pic32mx/lib\libpic32.a(vector20.o)
                0x9d01f480                __vector_dispatch_20
                0x00000001                ASSERT (((_vector_spacing == 0x0) || (SIZEOF (.vector_20) <= (_vector_spacing << 0x5))), function at exception vector 20 too large)

.vector_21      0x9d01f4a0        0x8
 *(.vector_21)
 .vector_21     0x9d01f4a0        0x8 f:/program files (x86)/microchip/xc32/v1.42/bin/bin/../../lib/gcc/pic32mx/4.8.3/../../../../pic32mx/lib\libpic32.a(vector21.o)
                0x9d01f4a0                __vector_dispatch_21
                0x00000001                ASSERT (((_vector_spacing == 0x0) || (SIZEOF (.vector_21) <= (_vector_spacing << 0x5))), function at exception vector 21 too large)

.vector_22      0x9d01f4c0        0x8
 *(.vector_22)
 .vector_22     0x9d01f4c0        0x8 f:/program files (x86)/microchip/xc32/v1.42/bin/bin/../../lib/gcc/pic32mx/4.8.3/../../../../pic32mx/lib\libpic32.a(vector22.o)
                0x9d01f4c0                __vector_dispatch_22
                0x00000001                ASSERT (((_vector_spacing == 0x0) || (SIZEOF (.vector_22) <= (_vector_spacing << 0x5))), function at exception vector 22 too large)

.vector_23      0x9d01f4e0        0x8
 *(.vector_23)
 .vector_23     0x9d01f4e0        0x8 f:/program files (x86)/microchip/xc32/v1.42/bin/bin/../../lib/gcc/pic32mx/4.8.3/../../../../pic32mx/lib\libpic32.a(vector23.o)
                0x9d01f4e0                __vector_dispatch_23
                0x00000001                ASSERT (((_vector_spacing == 0x0) || (SIZEOF (.vector_23) <= (_vector_spacing << 0x5))), function at exception vector 23 too large)

.vector_24      0x9d01f500        0x8
 *(.vector_24)
 .vector_24     0x9d01f500        0x8 f:/program files (x86)/microchip/xc32/v1.42/bin/bin/../../lib/gcc/pic32mx/4.8.3/../../../../pic32mx/lib\libpic32.a(vector24.o)
                0x9d01f500                __vector_dispatch_24
                0x00000001                ASSERT (((_vector_spacing == 0x0) || (SIZEOF (.vector_24) <= (_vector_spacing << 0x5))), function at exception vector 24 too large)

.vector_25      0x9d01f520        0x8
 *(.vector_25)
 .vector_25     0x9d01f520        0x8 f:/program files (x86)/microchip/xc32/v1.42/bin/bin/../../lib/gcc/pic32mx/4.8.3/../../../../pic32mx/lib\libpic32.a(vector25.o)
                0x9d01f520                __vector_dispatch_25
                0x00000001                ASSERT (((_vector_spacing == 0x0) || (SIZEOF (.vector_25) <= (_vector_spacing << 0x5))), function at exception vector 25 too large)

.vector_26      0x9d01f540        0x8
 *(.vector_26)
 .vector_26     0x9d01f540        0x8 f:/program files (x86)/microchip/xc32/v1.42/bin/bin/../../lib/gcc/pic32mx/4.8.3/../../../../pic32mx/lib\libpic32.a(vector26.o)
                0x9d01f540                __vector_dispatch_26
                0x00000001                ASSERT (((_vector_spacing == 0x0) || (SIZEOF (.vector_26) <= (_vector_spacing << 0x5))), function at exception vector 26 too large)

.vector_27      0x9d01f560        0x8
 *(.vector_27)
 .vector_27     0x9d01f560        0x8 f:/program files (x86)/microchip/xc32/v1.42/bin/bin/../../lib/gcc/pic32mx/4.8.3/../../../../pic32mx/lib\libpic32.a(vector27.o)
                0x9d01f560                __vector_dispatch_27
                0x00000001                ASSERT (((_vector_spacing == 0x0) || (SIZEOF (.vector_27) <= (_vector_spacing << 0x5))), function at exception vector 27 too large)

.vector_28      0x9d01f580        0x8
 *(.vector_28)
 .vector_28     0x9d01f580        0x8 f:/program files (x86)/microchip/xc32/v1.42/bin/bin/../../lib/gcc/pic32mx/4.8.3/../../../../pic32mx/lib\libpic32.a(vector28.o)
                0x9d01f580                __vector_dispatch_28
                0x00000001                ASSERT (((_vector_spacing == 0x0) || (SIZEOF (.vector_28) <= (_vector_spacing << 0x5))), function at exception vector 28 too large)

.vector_29      0x9d01f5a0        0x8
 *(.vector_29)
 .vector_29     0x9d01f5a0        0x8 f:/program files (x86)/microchip/xc32/v1.42/bin/bin/../../lib/gcc/pic32mx/4.8.3/../../../../pic32mx/lib\libpic32.a(vector29.o)
                0x9d01f5a0                __vector_dispatch_29
                0x00000001                ASSERT (((_vector_spacing == 0x0) || (SIZEOF (.vector_29) <= (_vector_spacing << 0x5))), function at exception vector 29 too large)

.vector_30      0x9d01f5c0        0x8
 *(.vector_30)
 .vector_30     0x9d01f5c0        0x8 build/default/production/_ext/1688732426/system_interrupt.o
                0x9d01f5c0                __vector_dispatch_30
                0x00000001                ASSERT (((_vector_spacing == 0x0) || (SIZEOF (.vector_30) <= (_vector_spacing << 0x5))), function at exception vector 30 too large)

.vector_31      0x9d01f5e0        0x8
 *(.vector_31)
 .vector_31     0x9d01f5e0        0x8 f:/program files (x86)/microchip/xc32/v1.42/bin/bin/../../lib/gcc/pic32mx/4.8.3/../../../../pic32mx/lib\libpic32.a(vector31.o)
                0x9d01f5e0                __vector_dispatch_31
                0x00000001                ASSERT (((_vector_spacing == 0x0) || (SIZEOF (.vector_31) <= (_vector_spacing << 0x5))), function at exception vector 31 too large)

.vector_32      0x9d01f600        0x8
 *(.vector_32)
 .vector_32     0x9d01f600        0x8 f:/program files (x86)/microchip/xc32/v1.42/bin/bin/../../lib/gcc/pic32mx/4.8.3/../../../../pic32mx/lib\libpic32.a(vector32.o)
                0x9d01f600                __vector_dispatch_32
                0x00000001                ASSERT (((_vector_spacing == 0x0) || (SIZEOF (.vector_32) <= (_vector_spacing << 0x5))), function at exception vector 32 too large)

.vector_33      0x9d01f620        0x8
 *(.vector_33)
 .vector_33     0x9d01f620        0x8 f:/program files (x86)/microchip/xc32/v1.42/bin/bin/../../lib/gcc/pic32mx/4.8.3/../../../../pic32mx/lib\libpic32.a(vector33.o)
                0x9d01f620                __vector_dispatch_33
                0x00000001                ASSERT (((_vector_spacing == 0x0) || (SIZEOF (.vector_33) <= (_vector_spacing << 0x5))), function at exception vector 33 too large)

.vector_34      0x9d01f640        0x8
 *(.vector_34)
 .vector_34     0x9d01f640        0x8 f:/program files (x86)/microchip/xc32/v1.42/bin/bin/../../lib/gcc/pic32mx/4.8.3/../../../../pic32mx/lib\libpic32.a(vector34.o)
                0x9d01f640                __vector_dispatch_34
                0x00000001                ASSERT (((_vector_spacing == 0x0) || (SIZEOF (.vector_34) <= (_vector_spacing << 0x5))), function at exception vector 34 too large)

.vector_35      0x9d01f660        0x8
 *(.vector_35)
 .vector_35     0x9d01f660        0x8 f:/program files (x86)/microchip/xc32/v1.42/bin/bin/../../lib/gcc/pic32mx/4.8.3/../../../../pic32mx/lib\libpic32.a(vector35.o)
                0x9d01f660                __vector_dispatch_35
                0x00000001                ASSERT (((_vector_spacing == 0x0) || (SIZEOF (.vector_35) <= (_vector_spacing << 0x5))), function at exception vector 35 too large)

.vector_36      0x9d01f680        0x8
 *(.vector_36)
 .vector_36     0x9d01f680        0x8 f:/program files (x86)/microchip/xc32/v1.42/bin/bin/../../lib/gcc/pic32mx/4.8.3/../../../../pic32mx/lib\libpic32.a(vector36.o)
                0x9d01f680                __vector_dispatch_36
                0x00000001                ASSERT (((_vector_spacing == 0x0) || (SIZEOF (.vector_36) <= (_vector_spacing << 0x5))), function at exception vector 36 too large)

.vector_37      0x9d01f6a0        0x8
 *(.vector_37)
 .vector_37     0x9d01f6a0        0x8 f:/program files (x86)/microchip/xc32/v1.42/bin/bin/../../lib/gcc/pic32mx/4.8.3/../../../../pic32mx/lib\libpic32.a(vector37.o)
                0x9d01f6a0                __vector_dispatch_37
                0x00000001                ASSERT (((_vector_spacing == 0x0) || (SIZEOF (.vector_37) <= (_vector_spacing << 0x5))), function at exception vector 37 too large)

.vector_38      0x9d01f6c0        0x8
 *(.vector_38)
 .vector_38     0x9d01f6c0        0x8 f:/program files (x86)/microchip/xc32/v1.42/bin/bin/../../lib/gcc/pic32mx/4.8.3/../../../../pic32mx/lib\libpic32.a(vector38.o)
                0x9d01f6c0                __vector_dispatch_38
                0x00000001                ASSERT (((_vector_spacing == 0x0) || (SIZEOF (.vector_38) <= (_vector_spacing << 0x5))), function at exception vector 38 too large)

.vector_39      0x9d01f6e0        0x8
 *(.vector_39)
 .vector_39     0x9d01f6e0        0x8 f:/program files (x86)/microchip/xc32/v1.42/bin/bin/../../lib/gcc/pic32mx/4.8.3/../../../../pic32mx/lib\libpic32.a(vector39.o)
                0x9d01f6e0                __vector_dispatch_39
                0x00000001                ASSERT (((_vector_spacing == 0x0) || (SIZEOF (.vector_39) <= (_vector_spacing << 0x5))), function at exception vector 39 too large)

.vector_40      0x9d01f700        0x8
 *(.vector_40)
 .vector_40     0x9d01f700        0x8 f:/program files (x86)/microchip/xc32/v1.42/bin/bin/../../lib/gcc/pic32mx/4.8.3/../../../../pic32mx/lib\libpic32.a(vector40.o)
                0x9d01f700                __vector_dispatch_40
                0x00000001                ASSERT (((_vector_spacing == 0x0) || (SIZEOF (.vector_40) <= (_vector_spacing << 0x5))), function at exception vector 40 too large)

.vector_41      0x9d01f720        0x8
 *(.vector_41)
 .vector_41     0x9d01f720        0x8 f:/program files (x86)/microchip/xc32/v1.42/bin/bin/../../lib/gcc/pic32mx/4.8.3/../../../../pic32mx/lib\libpic32.a(vector41.o)
                0x9d01f720                __vector_dispatch_41
                0x00000001                ASSERT (((_vector_spacing == 0x0) || (SIZEOF (.vector_41) <= (_vector_spacing << 0x5))), function at exception vector 41 too large)

.vector_42      0x9d01f740        0x8
 *(.vector_42)
 .vector_42     0x9d01f740        0x8 f:/program files (x86)/microchip/xc32/v1.42/bin/bin/../../lib/gcc/pic32mx/4.8.3/../../../../pic32mx/lib\libpic32.a(vector42.o)
                0x9d01f740                __vector_dispatch_42
                0x00000001                ASSERT (((_vector_spacing == 0x0) || (SIZEOF (.vector_42) <= (_vector_spacing << 0x5))), function at exception vector 42 too large)

.vector_43      0x9d01f760        0x8
 *(.vector_43)
 .vector_43     0x9d01f760        0x8 f:/program files (x86)/microchip/xc32/v1.42/bin/bin/../../lib/gcc/pic32mx/4.8.3/../../../../pic32mx/lib\libpic32.a(vector43.o)
                0x9d01f760                __vector_dispatch_43
                0x00000001                ASSERT (((_vector_spacing == 0x0) || (SIZEOF (.vector_43) <= (_vector_spacing << 0x5))), function at exception vector 43 too large)

.vector_44      0x9d01f780        0x0
 *(.vector_44)
                0x00000001                ASSERT (((_vector_spacing == 0x0) || (SIZEOF (.vector_44) <= (_vector_spacing << 0x5))), function at exception vector 44 too large)

.vector_45      0x9d01f7a0        0x0
 *(.vector_45)
                0x00000001                ASSERT (((_vector_spacing == 0x0) || (SIZEOF (.vector_45) <= (_vector_spacing << 0x5))), function at exception vector 45 too large)

.vector_46      0x9d01f7c0        0x0
 *(.vector_46)
                0x00000001                ASSERT (((_vector_spacing == 0x0) || (SIZEOF (.vector_46) <= (_vector_spacing << 0x5))), function at exception vector 46 too large)

.vector_47      0x9d01f7e0        0x0
 *(.vector_47)
                0x00000001                ASSERT (((_vector_spacing == 0x0) || (SIZEOF (.vector_47) <= (_vector_spacing << 0x5))), function at exception vector 47 too large)

.vector_48      0x9d01f800        0x0
 *(.vector_48)
                0x00000001                ASSERT (((_vector_spacing == 0x0) || (SIZEOF (.vector_48) <= (_vector_spacing << 0x5))), function at exception vector 48 too large)

.vector_49      0x9d01f820        0x0
 *(.vector_49)
                0x00000001                ASSERT (((_vector_spacing == 0x0) || (SIZEOF (.vector_49) <= (_vector_spacing << 0x5))), function at exception vector 49 too large)

.vector_50      0x9d01f840        0x0
 *(.vector_50)
                0x00000001                ASSERT (((_vector_spacing == 0x0) || (SIZEOF (.vector_50) <= (_vector_spacing << 0x5))), function at exception vector 50 too large)

.vector_51      0x9d01f860        0x0
 *(.vector_51)
                0x00000001                ASSERT (((_vector_spacing == 0x0) || (SIZEOF (.vector_51) <= (_vector_spacing << 0x5))), function at exception vector 51 too large)

.vector_52      0x9d01f880        0x0
 *(.vector_52)
                0x00000001                ASSERT (((_vector_spacing == 0x0) || (SIZEOF (.vector_52) <= (_vector_spacing << 0x5))), function at exception vector 52 too large)

.vector_53      0x9d01f8a0        0x0
 *(.vector_53)
                0x00000001                ASSERT (((_vector_spacing == 0x0) || (SIZEOF (.vector_53) <= (_vector_spacing << 0x5))), function at exception vector 53 too large)

.vector_54      0x9d01f8c0        0x0
 *(.vector_54)
                0x00000001                ASSERT (((_vector_spacing == 0x0) || (SIZEOF (.vector_54) <= (_vector_spacing << 0x5))), function at exception vector 54 too large)

.vector_55      0x9d01f8e0        0x0
 *(.vector_55)
                0x00000001                ASSERT (((_vector_spacing == 0x0) || (SIZEOF (.vector_55) <= (_vector_spacing << 0x5))), function at exception vector 55 too large)

.vector_56      0x9d01f900        0x0
 *(.vector_56)
                0x00000001                ASSERT (((_vector_spacing == 0x0) || (SIZEOF (.vector_56) <= (_vector_spacing << 0x5))), function at exception vector 56 too large)

.vector_57      0x9d01f920        0x0
 *(.vector_57)
                0x00000001                ASSERT (((_vector_spacing == 0x0) || (SIZEOF (.vector_57) <= (_vector_spacing << 0x5))), function at exception vector 57 too large)

.vector_58      0x9d01f940        0x0
 *(.vector_58)
                0x00000001                ASSERT (((_vector_spacing == 0x0) || (SIZEOF (.vector_58) <= (_vector_spacing << 0x5))), function at exception vector 58 too large)

.vector_59      0x9d01f960        0x0
 *(.vector_59)
                0x00000001                ASSERT (((_vector_spacing == 0x0) || (SIZEOF (.vector_59) <= (_vector_spacing << 0x5))), function at exception vector 59 too large)

.vector_60      0x9d01f980        0x0
 *(.vector_60)
                0x00000001                ASSERT (((_vector_spacing == 0x0) || (SIZEOF (.vector_60) <= (_vector_spacing << 0x5))), function at exception vector 60 too large)

.vector_61      0x9d01f9a0        0x0
 *(.vector_61)
                0x00000001                ASSERT (((_vector_spacing == 0x0) || (SIZEOF (.vector_61) <= (_vector_spacing << 0x5))), function at exception vector 61 too large)

.vector_62      0x9d01f9c0        0x0
 *(.vector_62)
                0x00000001                ASSERT (((_vector_spacing == 0x0) || (SIZEOF (.vector_62) <= (_vector_spacing << 0x5))), function at exception vector 62 too large)

.vector_63      0x9d01f9e0        0x0
 *(.vector_63)
                0x00000001                ASSERT (((_vector_spacing == 0x0) || (SIZEOF (.vector_63) <= (_vector_spacing << 0x5))), function at exception vector 63 too large)

.startup
 *(.startup)

.text           0x9d000000        0x0
 *(.stub .gnu.linkonce.t.*)
 *(.text.*personality*)
 *(.mips16.fn.*)
 *(.mips16.call.*)
 *(.gnu.warning)
                0x9d000000                . = ALIGN (0x4)

.init           0x9d000000        0x0
 *crti.o(.init)
 *crtbegin.o(.init)
 *(EXCLUDE_FILE(*crtn.o *crtend?.o *crtend.o) .init)
 *crtend.o(.init)
 *crtn.o(.init)
                0x9d000000                . = ALIGN (0x4)

.fini           0x9d000000        0x0
 *(.fini)
                0x9d000000                . = ALIGN (0x4)

.preinit_array  0x9d000000        0x0
                0x9d000000                PROVIDE (__preinit_array_start, .)
 *(.preinit_array)
                0x9d000000                PROVIDE (__preinit_array_end, .)
                0x9d000000                . = ALIGN (0x4)

.init_array     0x9d000000        0x0
                0x9d000000                PROVIDE (__init_array_start, .)
 *(SORT(.init_array.*))
 *(.init_array)
                0x9d000000                PROVIDE (__init_array_end, .)
                0x9d000000                . = ALIGN (0x4)

.fini_array     0x9d000000        0x0
                0x9d000000                PROVIDE (__fini_array_start, .)
 *(SORT(.fini_array.*))
 *(.fini_array)
                0x9d000000                PROVIDE (__fini_array_end, .)
                0x9d000000                . = ALIGN (0x4)

.ctors          0x9d000000        0x0
 *crtbegin.o(.ctors)
 *crtbegin?.o(.ctors)
 *(EXCLUDE_FILE(*crtend?.o *crtend.o) .ctors)
 *(SORT(.ctors.*))
 *(.ctors)
                0x9d000000                . = ALIGN (0x4)

.dtors          0x9d000000        0x0
 *crtbegin.o(.dtors)
 *crtbegin?.o(.dtors)
 *(EXCLUDE_FILE(*crtend?.o *crtend.o) .dtors)
 *(SORT(.dtors.*))
 *(.dtors)
                0x9d000000                . = ALIGN (0x4)

.rodata         0x9d000000        0x0
 *(.gnu.linkonce.r.*)
 *(.rodata1)
                0x9d000000                . = ALIGN (0x4)

.sdata2         0x9fc00490        0x0
 *(.sdata2 .sdata2.* .gnu.linkonce.s2.*)
                0x9fc00490                . = ALIGN (0x4)

.sbss2          0x9fc00490        0x0
 *(.sbss2 .sbss2.* .gnu.linkonce.sb2.*)
                0x9fc00490                . = ALIGN (0x4)

.eh_frame_hdr
 *(.eh_frame_hdr)
                0x9fc00490                . = ALIGN (0x4)

.eh_frame
 *(.eh_frame)
                0x9fc00490                . = ALIGN (0x4)

.gcc_except_table
 *(.gcc_except_table .gcc_except_table.*)
                0x9fc00490                . = ALIGN (0x4)

.dbg_data       0xa0000000        0x0
                0xa0000000                . = (. + DEFINED (_DEBUGGER)?0x200:0x0)

.jcr            0xa0000000        0x0
 *(.jcr)
                0xa0000000                . = ALIGN (0x4)

.eh_frame
 *(.eh_frame)
                0xa0000000                . = ALIGN (0x4)

.gcc_except_table
 *(.gcc_except_table .gcc_except_table.*)
                0xa0000000                . = ALIGN (0x4)

.persist        0xa0000000        0x0
                0xa0000000                _persist_begin = .
 *(.persist .persist.*)
 *(.pbss .pbss.*)
                0xa0000000                . = ALIGN (0x4)
                0xa0000000                _persist_end = .

.data           0xa0000000        0x0
 *(.gnu.linkonce.d.*)
 *(.data1)
                0xa0000000                . = ALIGN (0x4)
                0xa0000000                . = .
                0xa0007ff0                _gp = (ALIGN (0x10) + 0x7ff0)

.got            0xa0000000        0x0
 *(.got.plt)
 *(.got)
                0xa0000000                . = ALIGN (0x4)

.sdata          0xa0000000        0x8
                0xa0000000                _sdata_begin = .
 *(.sdata .sdata.* .gnu.linkonce.s.*)
 .sdata         0xa0000000        0x4 build/default/production/_ext/1360937237/app.o
                0xa0000000                k
 .sdata         0xa0000004        0x4 f:/program files (x86)/microchip/xc32/v1.42/bin/bin/../../lib/gcc/pic32mx/4.8.3/../../../../pic32mx/lib\libpic32.a(xc32_uart.o)
                0xa0000004                __XC_UART
                0xa0000008                . = ALIGN (0x4)
                0xa0000008                _sdata_end = .

.lit8
 *(.lit8)

.lit4
 *(.lit4)
                0xa0000008                . = ALIGN (0x4)
                0xa0000008                _data_end = .
                0xa0000008                _bss_begin = .

.sbss           0xa0000008       0x40
                0xa0000008                _sbss_begin = .
 *(.dynsbss)
 *(.sbss .sbss.* .gnu.linkonce.sb.*)
 .sbss          0xa0000008        0xc build/default/production/_ext/1688732426/system_exceptions.o
 .sbss          0xa0000014       0x24 build/default/production/_ext/1360937237/app.o
                0xa0000014                prev_IIR
                0xa0000018                ave_IIR
                0xa000001c                ave_FIR
                0xa0000020                ave_MAF
                0xa0000024                sum_MAF
                0xa0000028                go
                0xa000002c                startTime
                0xa0000030                j
                0xa0000034                i
 *(.scommon)
 .scommon       0xa0000038        0x4 build/default/production/_ext/1360937237/app.o
                0xa0000038                len
 .scommon       0xa000003c        0x8 build/default/production/_ext/2015905298/sys_devcon.o
                0xa000003c                sysDevconObj
 .scommon       0xa0000044        0x2 build/default/production/_ext/240043509/usb_device_cdc.o
                0xa0000044                gUSBDeviceCdcCommonDataObj
                0xa0000046                _sbss_end = .
                0xa0000048                . = ALIGN (0x4)
 *fill*         0xa0000046        0x2 

.bss            0xa0000200      0x41c
 *(.dynbss)
 *(COMMON)
 COMMON         0xa0000200       0x6c build/default/production/_ext/1688732426/system_init.o
                0xa0000200                endPointTable
                0xa0000260                sysObj
 COMMON         0xa000026c      0x23c build/default/production/_ext/1360937237/app.o
                0xa000026c                msg
                0xa00002d0                readBuffer
                0xa0000310                appData
                0xa000033c                charArray
                0xa00003a0                dataOut
                0xa00003e0                shortArray
 COMMON         0xa00004a8       0xc8 build/default/production/_ext/1820355960/drv_usbfs.o
                0xa00004a8                gDrvUSBGroup
 COMMON         0xa0000570       0xac build/default/production/_ext/240043509/usb_device_cdc.o
                0xa0000570                gUSBDeviceCDCIRP
                0xa00005dc                gUSBDeviceCDCInstance
                0xa000061c                . = ALIGN ((. != 0x0)?0x4:0x1)
                0xa000061c                . = ALIGN (0x4)
                0xa000061c                _end = .
                0xa000061c                _bss_end = .
                0x00008000                _bmxdudba_address = 0x8000
                0x00008000                _bmxdupba_address = 0x8000

/DISCARD/
 *(.pdr)
 *(.rel.dyn)
 *(.note.GNU-stack)
 *(.note.GNU-stack)
 *(.gnu_debuglink)
 *(.gnu.lto_*)
 *(.discard)

.gptab.sdata
 *(.gptab.data)
 *(.gptab.sdata)

.gptab.sbss
 *(.gptab.bss)
 *(.gptab.sbss)

.mdebug.abi32   0xa000061c        0x0
 *(.mdebug.abi32)
 .mdebug.abi32  0xa000061c        0x0 build/default/production/_ext/639803181/sys_clk_static.o
 .mdebug.abi32  0xa000061c        0x0 build/default/production/_ext/822048611/sys_ports_static.o
 .mdebug.abi32  0xa000061c        0x0 build/default/production/_ext/1688732426/system_init.o
 .mdebug.abi32  0xa000061c        0x0 build/default/production/_ext/1688732426/system_interrupt.o
 .mdebug.abi32  0xa000061c        0x0 build/default/production/_ext/1688732426/system_exceptions.o
 .mdebug.abi32  0xa000061c        0x0 build/default/production/_ext/1688732426/system_tasks.o
 .mdebug.abi32  0xa000061c        0x0 build/default/production/_ext/1360937237/app.o
 .mdebug.abi32  0xa000061c        0x0 build/default/production/_ext/1360937237/main.o
 .mdebug.abi32  0xa000061c        0x0 build/default/production/i2c_master_noint.o
 .mdebug.abi32  0xa000061c        0x0 build/default/production/ILI9163C.o
 .mdebug.abi32  0xa000061c        0x0 build/default/production/_ext/1820355960/drv_usbfs.o
 .mdebug.abi32  0xa000061c        0x0 build/default/production/_ext/1820355960/drv_usbfs_device.o
 .mdebug.abi32  0xa000061c        0x0 build/default/production/_ext/2015905298/sys_devcon.o
 .mdebug.abi32  0xa000061c        0x0 build/default/production/_ext/2015905298/sys_devcon_pic32mx.o
 .mdebug.abi32  0xa000061c        0x0 build/default/production/_ext/1235250312/sys_int_pic32.o
 .mdebug.abi32  0xa000061c        0x0 build/default/production/_ext/240043509/usb_device.o
 .mdebug.abi32  0xa000061c        0x0 build/default/production/_ext/240043509/usb_device_cdc.o
 .mdebug.abi32  0xa000061c        0x0 build/default/production/_ext/240043509/usb_device_cdc_acm.o
 .mdebug.abi32  0xa000061c        0x0 f:/program files (x86)/microchip/xc32/v1.42/bin/bin/../../lib/gcc/pic32mx/4.8.3/../../../../pic32mx/lib\libpic32.a(default-bootstrap-exception-handler.o)
 .mdebug.abi32  0xa000061c        0x0 f:/program files (x86)/microchip/xc32/v1.42/bin/bin/../../lib/gcc/pic32mx/4.8.3/../../../../pic32mx/lib\libpic32.a(default-on-reset.o)
 .mdebug.abi32  0xa000061c        0x0 f:/program files (x86)/microchip/xc32/v1.42/bin/bin/../../lib/gcc/pic32mx/4.8.3/../../../../pic32mx/lib\libpic32.a(default-on-bootstrap.o)
 .mdebug.abi32  0xa000061c        0x0 f:/program files (x86)/microchip/xc32/v1.42/bin/bin/../../lib/gcc/pic32mx/4.8.3/../../../../pic32mx/lib\libpic32.a(defaultinterrupt.o)
 .mdebug.abi32  0xa000061c        0x0 f:/program files (x86)/microchip/xc32/v1.42/bin/bin/../../lib/gcc/pic32mx/4.8.3/../../../../pic32mx/lib\libc.a(sprintf_cdnopuxX.eo)
 .mdebug.abi32  0xa000061c        0x0 f:/program files (x86)/microchip/xc32/v1.42/bin/bin/../../lib/gcc/pic32mx/4.8.3/../../../../pic32mx/lib\libc.a(doprnt_cdnopuxX.eo)
 .mdebug.abi32  0xa000061c        0x0 f:/program files (x86)/microchip/xc32/v1.42/bin/bin/../../lib/gcc/pic32mx/4.8.3/../../../../pic32mx/lib\libc.a(_fputc_simple.o)
 .mdebug.abi32  0xa000061c        0x0 f:/program files (x86)/microchip/xc32/v1.42/bin/bin/../../lib/gcc/pic32mx/4.8.3/../../../../pic32mx/lib\libc.a(ctype.o)
 .mdebug.abi32  0xa000061c        0x0 f:/program files (x86)/microchip/xc32/v1.42/bin/bin/../../lib/gcc/pic32mx/4.8.3/../../../../pic32mx/lib\libc.a(_iob.o)
 .mdebug.abi32  0xa000061c        0x0 f:/program files (x86)/microchip/xc32/v1.42/bin/bin/../../lib/gcc/pic32mx/4.8.3/../../../../pic32mx/lib\libc.a(_flsbuf_simple.o)
 .mdebug.abi32  0xa000061c        0x0 f:/program files (x86)/microchip/xc32/v1.42/bin/bin/../../lib/gcc/pic32mx/4.8.3/../../../../pic32mx/lib\libpic32.a(write.o)
 .mdebug.abi32  0xa000061c        0x0 f:/program files (x86)/microchip/xc32/v1.42/bin/bin/../../lib/gcc/pic32mx/4.8.3/../../../../pic32mx/lib\libpic32.a(_mon_putc.o)
 .mdebug.abi32  0xa000061c        0x0 f:/program files (x86)/microchip/xc32/v1.42/bin/bin/../../lib/gcc/pic32mx/4.8.3/../../../../pic32mx/lib\libpic32.a(xc32_uart.o)
 .mdebug.abi32  0xa000061c        0x0 f:/program files (x86)/microchip/xc32/v1.42/bin/bin/../../lib/gcc/pic32mx/4.8.3\libgcc.a(_udivdi3.o)
 .mdebug.abi32  0xa000061c        0x0 f:/program files (x86)/microchip/xc32/v1.42/bin/bin/../../lib/gcc/pic32mx/4.8.3\libgcc.a(_umoddi3.o)

.mdebug.abiN32
 *(.mdebug.abiN32)

.mdebug.abi64
 *(.mdebug.abi64)

.mdebug.abiO64
 *(.mdebug.abiO64)

.mdebug.eabi32
 *(.mdebug.eabi32)

.mdebug.eabi64
 *(.mdebug.eabi64)

.gcc_compiled_long32
 *(.gcc_compiled_long32)

.gcc_compiled_long64
 *(.gcc_compiled_long64)

.stab
 *(.stab)

.stabstr
 *(.stabstr)

.stab.excl
 *(.stab.excl)

.stab.exclstr
 *(.stab.exclstr)

.stab.index
 *(.stab.index)

.stab.indexstr
 *(.stab.indexstr)

.comment        0x00000000       0x8a
 *(.comment)
 .comment       0x00000000       0x3c build/default/production/_ext/639803181/sys_clk_static.o
                                 0x3d (size before relaxing)
 .comment       0x00000000       0x3d build/default/production/_ext/822048611/sys_ports_static.o
 .comment       0x00000000       0x3d build/default/production/_ext/1688732426/system_init.o
 .comment       0x00000000       0x3d build/default/production/_ext/1688732426/system_interrupt.o
 .comment       0x00000000       0x3d build/default/production/_ext/1688732426/system_exceptions.o
 .comment       0x00000000       0x3d build/default/production/_ext/1688732426/system_tasks.o
 .comment       0x00000000       0x3d build/default/production/_ext/1360937237/app.o
 .comment       0x00000000       0x3d build/default/production/_ext/1360937237/main.o
 .comment       0x00000000       0x3d build/default/production/i2c_master_noint.o
 .comment       0x00000000       0x3d build/default/production/ILI9163C.o
 .comment       0x00000000       0x3d build/default/production/_ext/1820355960/drv_usbfs.o
 .comment       0x00000000       0x3d build/default/production/_ext/1820355960/drv_usbfs_device.o
 .comment       0x00000000       0x3d build/default/production/_ext/2015905298/sys_devcon.o
 .comment       0x00000000       0x3d build/default/production/_ext/2015905298/sys_devcon_pic32mx.o
 .comment       0x00000000       0x3d build/default/production/_ext/1235250312/sys_int_pic32.o
 .comment       0x00000000       0x3d build/default/production/_ext/240043509/usb_device.o
 .comment       0x00000000       0x3d build/default/production/_ext/240043509/usb_device_cdc.o
 .comment       0x00000000       0x3d build/default/production/_ext/240043509/usb_device_cdc_acm.o
 .comment       0x00000000       0x3d f:/program files (x86)/microchip/xc32/v1.42/bin/bin/../../lib/gcc/pic32mx/4.8.3/../../../../pic32mx/lib\libpic32.a(default-bootstrap-exception-handler.o)
 .comment       0x00000000       0x3d f:/program files (x86)/microchip/xc32/v1.42/bin/bin/../../lib/gcc/pic32mx/4.8.3/../../../../pic32mx/lib\libpic32.a(default-on-reset.o)
 .comment       0x00000000       0x3d f:/program files (x86)/microchip/xc32/v1.42/bin/bin/../../lib/gcc/pic32mx/4.8.3/../../../../pic32mx/lib\libpic32.a(default-on-bootstrap.o)
 .comment       0x00000000       0x3d f:/program files (x86)/microchip/xc32/v1.42/bin/bin/../../lib/gcc/pic32mx/4.8.3/../../../../pic32mx/lib\libpic32.a(defaultinterrupt.o)
 .comment       0x00000000       0x3d f:/program files (x86)/microchip/xc32/v1.42/bin/bin/../../lib/gcc/pic32mx/4.8.3/../../../../pic32mx/lib\libc.a(sprintf_cdnopuxX.eo)
 .comment       0x00000000       0x3d f:/program files (x86)/microchip/xc32/v1.42/bin/bin/../../lib/gcc/pic32mx/4.8.3/../../../../pic32mx/lib\libc.a(doprnt_cdnopuxX.eo)
 .comment       0x00000000       0x3d f:/program files (x86)/microchip/xc32/v1.42/bin/bin/../../lib/gcc/pic32mx/4.8.3/../../../../pic32mx/lib\libc.a(_fputc_simple.o)
 .comment       0x0000003c       0x4e f:/program files (x86)/microchip/xc32/v1.42/bin/bin/../../lib/gcc/pic32mx/4.8.3/../../../../pic32mx/lib\libc.a(ctype.o)
                                 0x8b (size before relaxing)
 .comment       0x00000000       0x3d f:/program files (x86)/microchip/xc32/v1.42/bin/bin/../../lib/gcc/pic32mx/4.8.3/../../../../pic32mx/lib\libc.a(_iob.o)
 .comment       0x00000000       0x3d f:/program files (x86)/microchip/xc32/v1.42/bin/bin/../../lib/gcc/pic32mx/4.8.3/../../../../pic32mx/lib\libc.a(_flsbuf_simple.o)
 .comment       0x00000000       0x3d f:/program files (x86)/microchip/xc32/v1.42/bin/bin/../../lib/gcc/pic32mx/4.8.3/../../../../pic32mx/lib\libpic32.a(write.o)
 .comment       0x00000000       0x3d f:/program files (x86)/microchip/xc32/v1.42/bin/bin/../../lib/gcc/pic32mx/4.8.3/../../../../pic32mx/lib\libpic32.a(_mon_putc.o)
 .comment       0x00000000       0x3d f:/program files (x86)/microchip/xc32/v1.42/bin/bin/../../lib/gcc/pic32mx/4.8.3/../../../../pic32mx/lib\libpic32.a(xc32_uart.o)
 .comment       0x00000000       0x3d f:/program files (x86)/microchip/xc32/v1.42/bin/bin/../../lib/gcc/pic32mx/4.8.3\libgcc.a(_udivdi3.o)
 .comment       0x00000000       0x3d f:/program files (x86)/microchip/xc32/v1.42/bin/bin/../../lib/gcc/pic32mx/4.8.3\libgcc.a(_umoddi3.o)

.debug
 *(.debug)

.line
 *(.line)

.debug_srcinfo
 *(.debug_srcinfo)

.debug_sfnames
 *(.debug_sfnames)

.debug_aranges  0x00000000      0x880
 *(.debug_aranges)
 .debug_aranges
                0x00000000       0x50 build/default/production/_ext/639803181/sys_clk_static.o
 .debug_aranges
                0x00000050      0x108 build/default/production/_ext/822048611/sys_ports_static.o
 .debug_aranges
                0x00000158       0x20 build/default/production/_ext/1688732426/system_init.o
 .debug_aranges
                0x00000178       0x20 build/default/production/_ext/1688732426/system_interrupt.o
 .debug_aranges
                0x00000198       0x20 build/default/production/_ext/1688732426/system_exceptions.o
 .debug_aranges
                0x000001b8       0x20 build/default/production/_ext/1688732426/system_tasks.o
 .debug_aranges
                0x000001d8       0x50 build/default/production/_ext/1360937237/app.o
 .debug_aranges
                0x00000228       0x20 build/default/production/_ext/1360937237/main.o
 .debug_aranges
                0x00000248       0x50 build/default/production/i2c_master_noint.o
 .debug_aranges
                0x00000298       0x60 build/default/production/ILI9163C.o
 .debug_aranges
                0x000002f8       0x70 build/default/production/_ext/1820355960/drv_usbfs.o
 .debug_aranges
                0x00000368       0xc0 build/default/production/_ext/1820355960/drv_usbfs_device.o
 .debug_aranges
                0x00000428       0x78 build/default/production/_ext/2015905298/sys_devcon.o
 .debug_aranges
                0x000004a0       0x20 build/default/production/_ext/2015905298/sys_devcon_pic32mx.o
 .debug_aranges
                0x000004c0       0x48 build/default/production/_ext/1235250312/sys_int_pic32.o
 .debug_aranges
                0x00000508      0x150 build/default/production/_ext/240043509/usb_device.o
 .debug_aranges
                0x00000658       0x88 build/default/production/_ext/240043509/usb_device_cdc.o
 .debug_aranges
                0x000006e0       0x20 build/default/production/_ext/240043509/usb_device_cdc_acm.o
 .debug_aranges
                0x00000700       0x20 f:/program files (x86)/microchip/xc32/v1.42/bin/bin/../../lib/gcc/pic32mx/4.8.3/../../../../pic32mx/lib\libpic32.a(default-bootstrap-exception-handler.o)
 .debug_aranges
                0x00000720       0x20 f:/program files (x86)/microchip/xc32/v1.42/bin/bin/../../lib/gcc/pic32mx/4.8.3/../../../../pic32mx/lib\libpic32.a(default-on-reset.o)
 .debug_aranges
                0x00000740       0x20 f:/program files (x86)/microchip/xc32/v1.42/bin/bin/../../lib/gcc/pic32mx/4.8.3/../../../../pic32mx/lib\libpic32.a(default-on-bootstrap.o)
 .debug_aranges
                0x00000760       0x20 f:/program files (x86)/microchip/xc32/v1.42/bin/bin/../../lib/gcc/pic32mx/4.8.3/../../../../pic32mx/lib\libpic32.a(defaultinterrupt.o)
 .debug_aranges
                0x00000780       0x20 f:/program files (x86)/microchip/xc32/v1.42/bin/bin/../../lib/gcc/pic32mx/4.8.3/../../../../pic32mx/lib\libc.a(sprintf_cdnopuxX.eo)
 .debug_aranges
                0x000007a0       0x20 f:/program files (x86)/microchip/xc32/v1.42/bin/bin/../../lib/gcc/pic32mx/4.8.3/../../../../pic32mx/lib\libc.a(doprnt_cdnopuxX.eo)
 .debug_aranges
                0x000007c0       0x20 f:/program files (x86)/microchip/xc32/v1.42/bin/bin/../../lib/gcc/pic32mx/4.8.3/../../../../pic32mx/lib\libc.a(_fputc_simple.o)
 .debug_aranges
                0x000007e0       0x20 f:/program files (x86)/microchip/xc32/v1.42/bin/bin/../../lib/gcc/pic32mx/4.8.3/../../../../pic32mx/lib\libc.a(_flsbuf_simple.o)
 .debug_aranges
                0x00000800       0x20 f:/program files (x86)/microchip/xc32/v1.42/bin/bin/../../lib/gcc/pic32mx/4.8.3/../../../../pic32mx/lib\libpic32.a(write.o)
 .debug_aranges
                0x00000820       0x20 f:/program files (x86)/microchip/xc32/v1.42/bin/bin/../../lib/gcc/pic32mx/4.8.3/../../../../pic32mx/lib\libpic32.a(_mon_putc.o)
 .debug_aranges
                0x00000840       0x20 f:/program files (x86)/microchip/xc32/v1.42/bin/bin/../../lib/gcc/pic32mx/4.8.3\libgcc.a(_udivdi3.o)
 .debug_aranges
                0x00000860       0x20 f:/program files (x86)/microchip/xc32/v1.42/bin/bin/../../lib/gcc/pic32mx/4.8.3\libgcc.a(_umoddi3.o)

.debug_pubnames
 *(.debug_pubnames)

.debug_info     0x00000000    0x2b3b5
 *(.debug_info .gnu.linkonce.wi.*)
 .debug_info    0x00000000     0x1928 build/default/production/_ext/639803181/sys_clk_static.o
 .debug_info    0x00001928     0x3fe2 build/default/production/_ext/822048611/sys_ports_static.o
 .debug_info    0x0000590a     0x4bc9 build/default/production/_ext/1688732426/system_init.o
 .debug_info    0x0000a4d3      0xa5d build/default/production/_ext/1688732426/system_interrupt.o
 .debug_info    0x0000af30     0x10b8 build/default/production/_ext/1688732426/system_exceptions.o
 .debug_info    0x0000bfe8      0xaba build/default/production/_ext/1688732426/system_tasks.o
 .debug_info    0x0000caa2     0x43bc build/default/production/_ext/1360937237/app.o
 .debug_info    0x00010e5e      0x196 build/default/production/_ext/1360937237/main.o
 .debug_info    0x00010ff4      0x58e build/default/production/i2c_master_noint.o
 .debug_info    0x00011582     0x10a2 build/default/production/ILI9163C.o
 .debug_info    0x00012624     0x35e3 build/default/production/_ext/1820355960/drv_usbfs.o
 .debug_info    0x00015c07     0x65b8 build/default/production/_ext/1820355960/drv_usbfs_device.o
 .debug_info    0x0001c1bf      0xf34 build/default/production/_ext/2015905298/sys_devcon.o
 .debug_info    0x0001d0f3      0x744 build/default/production/_ext/2015905298/sys_devcon_pic32mx.o
 .debug_info    0x0001d837     0x1288 build/default/production/_ext/1235250312/sys_int_pic32.o
 .debug_info    0x0001eabf     0x52c9 build/default/production/_ext/240043509/usb_device.o
 .debug_info    0x00023d88     0x4c34 build/default/production/_ext/240043509/usb_device_cdc.o
 .debug_info    0x000289bc     0x1292 build/default/production/_ext/240043509/usb_device_cdc_acm.o
 .debug_info    0x00029c4e       0xf5 f:/program files (x86)/microchip/xc32/v1.42/bin/bin/../../lib/gcc/pic32mx/4.8.3/../../../../pic32mx/lib\libpic32.a(default-bootstrap-exception-handler.o)
 .debug_info    0x00029d43       0xcf f:/program files (x86)/microchip/xc32/v1.42/bin/bin/../../lib/gcc/pic32mx/4.8.3/../../../../pic32mx/lib\libpic32.a(default-on-reset.o)
 .debug_info    0x00029e12       0xd7 f:/program files (x86)/microchip/xc32/v1.42/bin/bin/../../lib/gcc/pic32mx/4.8.3/../../../../pic32mx/lib\libpic32.a(default-on-bootstrap.o)
 .debug_info    0x00029ee9       0xe9 f:/program files (x86)/microchip/xc32/v1.42/bin/bin/../../lib/gcc/pic32mx/4.8.3/../../../../pic32mx/lib\libpic32.a(defaultinterrupt.o)
 .debug_info    0x00029fd2       0xd4 f:/program files (x86)/microchip/xc32/v1.42/bin/bin/../../lib/gcc/pic32mx/4.8.3/../../../../pic32mx/lib\libc.a(sprintf_cdnopuxX.eo)
 .debug_info    0x0002a0a6       0xd5 f:/program files (x86)/microchip/xc32/v1.42/bin/bin/../../lib/gcc/pic32mx/4.8.3/../../../../pic32mx/lib\libc.a(doprnt_cdnopuxX.eo)
 .debug_info    0x0002a17b       0xc6 f:/program files (x86)/microchip/xc32/v1.42/bin/bin/../../lib/gcc/pic32mx/4.8.3/../../../../pic32mx/lib\libc.a(_fputc_simple.o)
 .debug_info    0x0002a241       0xc9 f:/program files (x86)/microchip/xc32/v1.42/bin/bin/../../lib/gcc/pic32mx/4.8.3/../../../../pic32mx/lib\libc.a(_flsbuf_simple.o)
 .debug_info    0x0002a30a       0xc0 f:/program files (x86)/microchip/xc32/v1.42/bin/bin/../../lib/gcc/pic32mx/4.8.3/../../../../pic32mx/lib\libpic32.a(write.o)
 .debug_info    0x0002a3ca       0xc8 f:/program files (x86)/microchip/xc32/v1.42/bin/bin/../../lib/gcc/pic32mx/4.8.3/../../../../pic32mx/lib\libpic32.a(_mon_putc.o)
 .debug_info    0x0002a492      0x773 f:/program files (x86)/microchip/xc32/v1.42/bin/bin/../../lib/gcc/pic32mx/4.8.3\libgcc.a(_udivdi3.o)
 .debug_info    0x0002ac05      0x7b0 f:/program files (x86)/microchip/xc32/v1.42/bin/bin/../../lib/gcc/pic32mx/4.8.3\libgcc.a(_umoddi3.o)

.debug_abbrev   0x00000000     0x2d03
 *(.debug_abbrev)
 .debug_abbrev  0x00000000      0x27b build/default/production/_ext/639803181/sys_clk_static.o
 .debug_abbrev  0x0000027b      0x241 build/default/production/_ext/822048611/sys_ports_static.o
 .debug_abbrev  0x000004bc      0x363 build/default/production/_ext/1688732426/system_init.o
 .debug_abbrev  0x0000081f       0xb0 build/default/production/_ext/1688732426/system_interrupt.o
 .debug_abbrev  0x000008cf       0xb6 build/default/production/_ext/1688732426/system_exceptions.o
 .debug_abbrev  0x00000985       0xc3 build/default/production/_ext/1688732426/system_tasks.o
 .debug_abbrev  0x00000a48      0x354 build/default/production/_ext/1360937237/app.o
 .debug_abbrev  0x00000d9c       0x93 build/default/production/_ext/1360937237/main.o
 .debug_abbrev  0x00000e2f       0xfa build/default/production/i2c_master_noint.o
 .debug_abbrev  0x00000f29      0x16d build/default/production/ILI9163C.o
 .debug_abbrev  0x00001096      0x436 build/default/production/_ext/1820355960/drv_usbfs.o
 .debug_abbrev  0x000014cc      0x46b build/default/production/_ext/1820355960/drv_usbfs_device.o
 .debug_abbrev  0x00001937      0x285 build/default/production/_ext/2015905298/sys_devcon.o
 .debug_abbrev  0x00001bbc      0x162 build/default/production/_ext/2015905298/sys_devcon_pic32mx.o
 .debug_abbrev  0x00001d1e      0x1d0 build/default/production/_ext/1235250312/sys_int_pic32.o
 .debug_abbrev  0x00001eee      0x40c build/default/production/_ext/240043509/usb_device.o
 .debug_abbrev  0x000022fa      0x450 build/default/production/_ext/240043509/usb_device_cdc.o
 .debug_abbrev  0x0000274a      0x1aa build/default/production/_ext/240043509/usb_device_cdc_acm.o
 .debug_abbrev  0x000028f4       0x28 f:/program files (x86)/microchip/xc32/v1.42/bin/bin/../../lib/gcc/pic32mx/4.8.3/../../../../pic32mx/lib\libpic32.a(default-bootstrap-exception-handler.o)
 .debug_abbrev  0x0000291c       0x28 f:/program files (x86)/microchip/xc32/v1.42/bin/bin/../../lib/gcc/pic32mx/4.8.3/../../../../pic32mx/lib\libpic32.a(default-on-reset.o)
 .debug_abbrev  0x00002944       0x28 f:/program files (x86)/microchip/xc32/v1.42/bin/bin/../../lib/gcc/pic32mx/4.8.3/../../../../pic32mx/lib\libpic32.a(default-on-bootstrap.o)
 .debug_abbrev  0x0000296c       0x28 f:/program files (x86)/microchip/xc32/v1.42/bin/bin/../../lib/gcc/pic32mx/4.8.3/../../../../pic32mx/lib\libpic32.a(defaultinterrupt.o)
 .debug_abbrev  0x00002994       0x28 f:/program files (x86)/microchip/xc32/v1.42/bin/bin/../../lib/gcc/pic32mx/4.8.3/../../../../pic32mx/lib\libc.a(sprintf_cdnopuxX.eo)
 .debug_abbrev  0x000029bc       0x28 f:/program files (x86)/microchip/xc32/v1.42/bin/bin/../../lib/gcc/pic32mx/4.8.3/../../../../pic32mx/lib\libc.a(doprnt_cdnopuxX.eo)
 .debug_abbrev  0x000029e4       0x28 f:/program files (x86)/microchip/xc32/v1.42/bin/bin/../../lib/gcc/pic32mx/4.8.3/../../../../pic32mx/lib\libc.a(_fputc_simple.o)
 .debug_abbrev  0x00002a0c       0x28 f:/program files (x86)/microchip/xc32/v1.42/bin/bin/../../lib/gcc/pic32mx/4.8.3/../../../../pic32mx/lib\libc.a(_flsbuf_simple.o)
 .debug_abbrev  0x00002a34       0x28 f:/program files (x86)/microchip/xc32/v1.42/bin/bin/../../lib/gcc/pic32mx/4.8.3/../../../../pic32mx/lib\libpic32.a(write.o)
 .debug_abbrev  0x00002a5c       0x28 f:/program files (x86)/microchip/xc32/v1.42/bin/bin/../../lib/gcc/pic32mx/4.8.3/../../../../pic32mx/lib\libpic32.a(_mon_putc.o)
 .debug_abbrev  0x00002a84      0x138 f:/program files (x86)/microchip/xc32/v1.42/bin/bin/../../lib/gcc/pic32mx/4.8.3\libgcc.a(_udivdi3.o)
 .debug_abbrev  0x00002bbc      0x147 f:/program files (x86)/microchip/xc32/v1.42/bin/bin/../../lib/gcc/pic32mx/4.8.3\libgcc.a(_umoddi3.o)

.debug_line     0x00000000     0x5ea8
 *(.debug_line)
 .debug_line    0x00000000      0x450 build/default/production/_ext/639803181/sys_clk_static.o
 .debug_line    0x00000450      0x8cc build/default/production/_ext/822048611/sys_ports_static.o
 .debug_line    0x00000d1c      0x67d build/default/production/_ext/1688732426/system_init.o
 .debug_line    0x00001399      0x1d6 build/default/production/_ext/1688732426/system_interrupt.o
 .debug_line    0x0000156f      0x194 build/default/production/_ext/1688732426/system_exceptions.o
 .debug_line    0x00001703      0x282 build/default/production/_ext/1688732426/system_tasks.o
 .debug_line    0x00001985      0x445 build/default/production/_ext/1360937237/app.o
 .debug_line    0x00001dca       0xaa build/default/production/_ext/1360937237/main.o
 .debug_line    0x00001e74      0x13f build/default/production/i2c_master_noint.o
 .debug_line    0x00001fb3      0x1dd build/default/production/ILI9163C.o
 .debug_line    0x00002190      0x870 build/default/production/_ext/1820355960/drv_usbfs.o
 .debug_line    0x00002a00      0xed3 build/default/production/_ext/1820355960/drv_usbfs_device.o
 .debug_line    0x000038d3      0x59b build/default/production/_ext/2015905298/sys_devcon.o
 .debug_line    0x00003e6e      0x379 build/default/production/_ext/2015905298/sys_devcon_pic32mx.o
 .debug_line    0x000041e7      0x38c build/default/production/_ext/1235250312/sys_int_pic32.o
 .debug_line    0x00004573      0x8d9 build/default/production/_ext/240043509/usb_device.o
 .debug_line    0x00004e4c      0x66a build/default/production/_ext/240043509/usb_device_cdc.o
 .debug_line    0x000054b6      0x23f build/default/production/_ext/240043509/usb_device_cdc_acm.o
 .debug_line    0x000056f5       0xa9 f:/program files (x86)/microchip/xc32/v1.42/bin/bin/../../lib/gcc/pic32mx/4.8.3/../../../../pic32mx/lib\libpic32.a(default-bootstrap-exception-handler.o)
 .debug_line    0x0000579e       0x96 f:/program files (x86)/microchip/xc32/v1.42/bin/bin/../../lib/gcc/pic32mx/4.8.3/../../../../pic32mx/lib\libpic32.a(default-on-reset.o)
 .debug_line    0x00005834       0x9a f:/program files (x86)/microchip/xc32/v1.42/bin/bin/../../lib/gcc/pic32mx/4.8.3/../../../../pic32mx/lib\libpic32.a(default-on-bootstrap.o)
 .debug_line    0x000058ce       0xa8 f:/program files (x86)/microchip/xc32/v1.42/bin/bin/../../lib/gcc/pic32mx/4.8.3/../../../../pic32mx/lib\libpic32.a(defaultinterrupt.o)
 .debug_line    0x00005976       0x83 f:/program files (x86)/microchip/xc32/v1.42/bin/bin/../../lib/gcc/pic32mx/4.8.3/../../../../pic32mx/lib\libc.a(sprintf_cdnopuxX.eo)
 .debug_line    0x000059f9       0x82 f:/program files (x86)/microchip/xc32/v1.42/bin/bin/../../lib/gcc/pic32mx/4.8.3/../../../../pic32mx/lib\libc.a(doprnt_cdnopuxX.eo)
 .debug_line    0x00005a7b       0x81 f:/program files (x86)/microchip/xc32/v1.42/bin/bin/../../lib/gcc/pic32mx/4.8.3/../../../../pic32mx/lib\libc.a(_fputc_simple.o)
 .debug_line    0x00005afc        0x0 f:/program files (x86)/microchip/xc32/v1.42/bin/bin/../../lib/gcc/pic32mx/4.8.3/../../../../pic32mx/lib\libc.a(ctype.o)
 .debug_line    0x00005afc        0x0 f:/program files (x86)/microchip/xc32/v1.42/bin/bin/../../lib/gcc/pic32mx/4.8.3/../../../../pic32mx/lib\libc.a(_iob.o)
 .debug_line    0x00005afc       0x82 f:/program files (x86)/microchip/xc32/v1.42/bin/bin/../../lib/gcc/pic32mx/4.8.3/../../../../pic32mx/lib\libc.a(_flsbuf_simple.o)
 .debug_line    0x00005b7e       0x8b f:/program files (x86)/microchip/xc32/v1.42/bin/bin/../../lib/gcc/pic32mx/4.8.3/../../../../pic32mx/lib\libpic32.a(write.o)
 .debug_line    0x00005c09       0x8f f:/program files (x86)/microchip/xc32/v1.42/bin/bin/../../lib/gcc/pic32mx/4.8.3/../../../../pic32mx/lib\libpic32.a(_mon_putc.o)
 .debug_line    0x00005c98        0x0 f:/program files (x86)/microchip/xc32/v1.42/bin/bin/../../lib/gcc/pic32mx/4.8.3/../../../../pic32mx/lib\libpic32.a(xc32_uart.o)
 .debug_line    0x00005c98       0xff f:/program files (x86)/microchip/xc32/v1.42/bin/bin/../../lib/gcc/pic32mx/4.8.3\libgcc.a(_udivdi3.o)
 .debug_line    0x00005d97      0x111 f:/program files (x86)/microchip/xc32/v1.42/bin/bin/../../lib/gcc/pic32mx/4.8.3\libgcc.a(_umoddi3.o)

.debug_frame    0x00000000     0x118c
 *(.debug_frame)
 .debug_frame   0x00000000       0xa0 build/default/production/_ext/639803181/sys_clk_static.o
 .debug_frame   0x000000a0      0x1f0 build/default/production/_ext/822048611/sys_ports_static.o
 .debug_frame   0x00000290       0x28 build/default/production/_ext/1688732426/system_init.o
 .debug_frame   0x000002b8       0x64 build/default/production/_ext/1688732426/system_interrupt.o
 .debug_frame   0x0000031c       0x28 build/default/production/_ext/1688732426/system_exceptions.o
 .debug_frame   0x00000344       0x28 build/default/production/_ext/1688732426/system_tasks.o
 .debug_frame   0x0000036c       0xd0 build/default/production/_ext/1360937237/app.o
 .debug_frame   0x0000043c       0x28 build/default/production/_ext/1360937237/main.o
 .debug_frame   0x00000464       0x80 build/default/production/i2c_master_noint.o
 .debug_frame   0x000004e4       0xf0 build/default/production/ILI9163C.o
 .debug_frame   0x000005d4       0xe8 build/default/production/_ext/1820355960/drv_usbfs.o
 .debug_frame   0x000006bc      0x1f4 build/default/production/_ext/1820355960/drv_usbfs_device.o
 .debug_frame   0x000008b0       0xe8 build/default/production/_ext/2015905298/sys_devcon.o
 .debug_frame   0x00000998       0x28 build/default/production/_ext/2015905298/sys_devcon_pic32mx.o
 .debug_frame   0x000009c0       0x90 build/default/production/_ext/1235250312/sys_int_pic32.o
 .debug_frame   0x00000a50      0x3d8 build/default/production/_ext/240043509/usb_device.o
 .debug_frame   0x00000e28      0x15c build/default/production/_ext/240043509/usb_device_cdc.o
 .debug_frame   0x00000f84       0x28 build/default/production/_ext/240043509/usb_device_cdc_acm.o
 .debug_frame   0x00000fac       0x2c f:/program files (x86)/microchip/xc32/v1.42/bin/bin/../../lib/gcc/pic32mx/4.8.3/../../../../pic32mx/lib\libpic32.a(default-bootstrap-exception-handler.o)
 .debug_frame   0x00000fd8       0x20 f:/program files (x86)/microchip/xc32/v1.42/bin/bin/../../lib/gcc/pic32mx/4.8.3/../../../../pic32mx/lib\libpic32.a(default-on-reset.o)
 .debug_frame   0x00000ff8       0x20 f:/program files (x86)/microchip/xc32/v1.42/bin/bin/../../lib/gcc/pic32mx/4.8.3/../../../../pic32mx/lib\libpic32.a(default-on-bootstrap.o)
 .debug_frame   0x00001018       0x20 f:/program files (x86)/microchip/xc32/v1.42/bin/bin/../../lib/gcc/pic32mx/4.8.3/../../../../pic32mx/lib\libpic32.a(defaultinterrupt.o)
 .debug_frame   0x00001038       0x28 f:/program files (x86)/microchip/xc32/v1.42/bin/bin/../../lib/gcc/pic32mx/4.8.3/../../../../pic32mx/lib\libc.a(sprintf_cdnopuxX.eo)
 .debug_frame   0x00001060       0x38 f:/program files (x86)/microchip/xc32/v1.42/bin/bin/../../lib/gcc/pic32mx/4.8.3/../../../../pic32mx/lib\libc.a(doprnt_cdnopuxX.eo)
 .debug_frame   0x00001098       0x2c f:/program files (x86)/microchip/xc32/v1.42/bin/bin/../../lib/gcc/pic32mx/4.8.3/../../../../pic32mx/lib\libc.a(_fputc_simple.o)
 .debug_frame   0x000010c4       0x28 f:/program files (x86)/microchip/xc32/v1.42/bin/bin/../../lib/gcc/pic32mx/4.8.3/../../../../pic32mx/lib\libc.a(_flsbuf_simple.o)
 .debug_frame   0x000010ec       0x38 f:/program files (x86)/microchip/xc32/v1.42/bin/bin/../../lib/gcc/pic32mx/4.8.3/../../../../pic32mx/lib\libpic32.a(write.o)
 .debug_frame   0x00001124       0x28 f:/program files (x86)/microchip/xc32/v1.42/bin/bin/../../lib/gcc/pic32mx/4.8.3/../../../../pic32mx/lib\libpic32.a(_mon_putc.o)
 .debug_frame   0x0000114c       0x20 f:/program files (x86)/microchip/xc32/v1.42/bin/bin/../../lib/gcc/pic32mx/4.8.3\libgcc.a(_udivdi3.o)
 .debug_frame   0x0000116c       0x20 f:/program files (x86)/microchip/xc32/v1.42/bin/bin/../../lib/gcc/pic32mx/4.8.3\libgcc.a(_umoddi3.o)

.debug_str      0x00000000      0x94b
 *(.debug_str)
 .debug_str     0x00000000       0x46 build/default/production/_ext/639803181/sys_clk_static.o
 .debug_str     0x00000046       0xa1 build/default/production/_ext/822048611/sys_ports_static.o
 .debug_str     0x000000e7      0x119 build/default/production/_ext/1688732426/system_init.o
 .debug_str     0x00000200        0x0 build/default/production/_ext/1688732426/system_interrupt.o
 .debug_str     0x00000200        0x0 build/default/production/_ext/1688732426/system_exceptions.o
 .debug_str     0x00000200        0x0 build/default/production/_ext/1688732426/system_tasks.o
 .debug_str     0x00000200       0xaf build/default/production/_ext/1360937237/app.o
 .debug_str     0x000002af        0x0 build/default/production/_ext/1360937237/main.o
 .debug_str     0x000002af        0x0 build/default/production/i2c_master_noint.o
 .debug_str     0x000002af        0x0 build/default/production/ILI9163C.o
 .debug_str     0x000002af       0xa2 build/default/production/_ext/1820355960/drv_usbfs.o
 .debug_str     0x00000351      0x179 build/default/production/_ext/1820355960/drv_usbfs_device.o
 .debug_str     0x000004ca       0x16 build/default/production/_ext/2015905298/sys_devcon.o
 .debug_str     0x000004e0        0x6 build/default/production/_ext/2015905298/sys_devcon_pic32mx.o
 .debug_str     0x000004e6       0x2d build/default/production/_ext/1235250312/sys_int_pic32.o
 .debug_str     0x00000513      0x29f build/default/production/_ext/240043509/usb_device.o
 .debug_str     0x000007b2      0x18b build/default/production/_ext/240043509/usb_device_cdc.o
 .debug_str     0x0000093d        0xe build/default/production/_ext/240043509/usb_device_cdc_acm.o
 .debug_str     0x0000094b        0x0 f:/program files (x86)/microchip/xc32/v1.42/bin/bin/../../lib/gcc/pic32mx/4.8.3/../../../../pic32mx/lib\libpic32.a(default-bootstrap-exception-handler.o)
 .debug_str     0x0000094b        0x0 f:/program files (x86)/microchip/xc32/v1.42/bin/bin/../../lib/gcc/pic32mx/4.8.3/../../../../pic32mx/lib\libpic32.a(default-on-reset.o)
 .debug_str     0x0000094b        0x0 f:/program files (x86)/microchip/xc32/v1.42/bin/bin/../../lib/gcc/pic32mx/4.8.3/../../../../pic32mx/lib\libpic32.a(default-on-bootstrap.o)
 .debug_str     0x0000094b        0x0 f:/program files (x86)/microchip/xc32/v1.42/bin/bin/../../lib/gcc/pic32mx/4.8.3/../../../../pic32mx/lib\libpic32.a(defaultinterrupt.o)
 .debug_str     0x0000094b        0x0 f:/program files (x86)/microchip/xc32/v1.42/bin/bin/../../lib/gcc/pic32mx/4.8.3/../../../../pic32mx/lib\libc.a(sprintf_cdnopuxX.eo)
 .debug_str     0x0000094b        0x0 f:/program files (x86)/microchip/xc32/v1.42/bin/bin/../../lib/gcc/pic32mx/4.8.3/../../../../pic32mx/lib\libc.a(doprnt_cdnopuxX.eo)
 .debug_str     0x0000094b        0x0 f:/program files (x86)/microchip/xc32/v1.42/bin/bin/../../lib/gcc/pic32mx/4.8.3/../../../../pic32mx/lib\libc.a(_fputc_simple.o)
 .debug_str     0x0000094b        0x0 f:/program files (x86)/microchip/xc32/v1.42/bin/bin/../../lib/gcc/pic32mx/4.8.3/../../../../pic32mx/lib\libc.a(ctype.o)
 .debug_str     0x0000094b        0x0 f:/program files (x86)/microchip/xc32/v1.42/bin/bin/../../lib/gcc/pic32mx/4.8.3/../../../../pic32mx/lib\libc.a(_iob.o)
 .debug_str     0x0000094b        0x0 f:/program files (x86)/microchip/xc32/v1.42/bin/bin/../../lib/gcc/pic32mx/4.8.3/../../../../pic32mx/lib\libc.a(_flsbuf_simple.o)
 .debug_str     0x0000094b        0x0 f:/program files (x86)/microchip/xc32/v1.42/bin/bin/../../lib/gcc/pic32mx/4.8.3/../../../../pic32mx/lib\libpic32.a(write.o)
 .debug_str     0x0000094b        0x0 f:/program files (x86)/microchip/xc32/v1.42/bin/bin/../../lib/gcc/pic32mx/4.8.3/../../../../pic32mx/lib\libpic32.a(_mon_putc.o)
 .debug_str     0x0000094b        0x0 f:/program files (x86)/microchip/xc32/v1.42/bin/bin/../../lib/gcc/pic32mx/4.8.3/../../../../pic32mx/lib\libpic32.a(xc32_uart.o)
 .debug_str     0x0000094b        0x0 f:/program files (x86)/microchip/xc32/v1.42/bin/bin/../../lib/gcc/pic32mx/4.8.3\libgcc.a(_udivdi3.o)
 .debug_str     0x0000094b        0x0 f:/program files (x86)/microchip/xc32/v1.42/bin/bin/../../lib/gcc/pic32mx/4.8.3\libgcc.a(_umoddi3.o)

.debug_loc      0x00000000     0x88bd
 *(.debug_loc)
 .debug_loc     0x00000000       0x49 build/default/production/_ext/639803181/sys_clk_static.o
 .debug_loc     0x00000049      0xe83 build/default/production/_ext/822048611/sys_ports_static.o
 .debug_loc     0x00000ecc       0x21 build/default/production/_ext/1688732426/system_init.o
 .debug_loc     0x00000eed      0x4aa build/default/production/_ext/1360937237/app.o
 .debug_loc     0x00001397       0x21 build/default/production/i2c_master_noint.o
 .debug_loc     0x000013b8      0x3de build/default/production/ILI9163C.o
 .debug_loc     0x00001796      0x62c build/default/production/_ext/1820355960/drv_usbfs.o
 .debug_loc     0x00001dc2     0x2a2d build/default/production/_ext/1820355960/drv_usbfs_device.o
 .debug_loc     0x000047ef       0xf0 build/default/production/_ext/2015905298/sys_devcon.o
 .debug_loc     0x000048df       0x91 build/default/production/_ext/2015905298/sys_devcon_pic32mx.o
 .debug_loc     0x00004970       0x8d build/default/production/_ext/1235250312/sys_int_pic32.o
 .debug_loc     0x000049fd     0x1af3 build/default/production/_ext/240043509/usb_device.o
 .debug_loc     0x000064f0      0xda4 build/default/production/_ext/240043509/usb_device_cdc.o
 .debug_loc     0x00007294      0x182 build/default/production/_ext/240043509/usb_device_cdc_acm.o
 .debug_loc     0x00007416      0xa6a f:/program files (x86)/microchip/xc32/v1.42/bin/bin/../../lib/gcc/pic32mx/4.8.3\libgcc.a(_udivdi3.o)
 .debug_loc     0x00007e80      0xa3d f:/program files (x86)/microchip/xc32/v1.42/bin/bin/../../lib/gcc/pic32mx/4.8.3\libgcc.a(_umoddi3.o)

.debug_macinfo
 *(.debug_macinfo)

.debug_weaknames
 *(.debug_weaknames)

.debug_funcnames
 *(.debug_funcnames)

.debug_typenames
 *(.debug_typenames)

.debug_varnames
 *(.debug_varnames)

.debug_pubtypes
 *(.debug_pubtypes)

.debug_ranges   0x00000000      0x948
 *(.debug_ranges)
 .debug_ranges  0x00000000       0x40 build/default/production/_ext/639803181/sys_clk_static.o
 .debug_ranges  0x00000040       0xf8 build/default/production/_ext/822048611/sys_ports_static.o
 .debug_ranges  0x00000138       0x10 build/default/production/_ext/1688732426/system_init.o
 .debug_ranges  0x00000148       0x10 build/default/production/_ext/1688732426/system_interrupt.o
 .debug_ranges  0x00000158       0x10 build/default/production/_ext/1688732426/system_exceptions.o
 .debug_ranges  0x00000168       0x10 build/default/production/_ext/1688732426/system_tasks.o
 .debug_ranges  0x00000178       0x40 build/default/production/_ext/1360937237/app.o
 .debug_ranges  0x000001b8       0x10 build/default/production/_ext/1360937237/main.o
 .debug_ranges  0x000001c8       0x40 build/default/production/i2c_master_noint.o
 .debug_ranges  0x00000208       0x50 build/default/production/ILI9163C.o
 .debug_ranges  0x00000258       0x78 build/default/production/_ext/1820355960/drv_usbfs.o
 .debug_ranges  0x000002d0      0x1d8 build/default/production/_ext/1820355960/drv_usbfs_device.o
 .debug_ranges  0x000004a8       0x68 build/default/production/_ext/2015905298/sys_devcon.o
 .debug_ranges  0x00000510       0x10 build/default/production/_ext/2015905298/sys_devcon_pic32mx.o
 .debug_ranges  0x00000520       0x50 build/default/production/_ext/1235250312/sys_int_pic32.o
 .debug_ranges  0x00000570      0x140 build/default/production/_ext/240043509/usb_device.o
 .debug_ranges  0x000006b0       0x78 build/default/production/_ext/240043509/usb_device_cdc.o
 .debug_ranges  0x00000728       0x10 build/default/production/_ext/240043509/usb_device_cdc_acm.o
 .debug_ranges  0x00000738       0x10 f:/program files (x86)/microchip/xc32/v1.42/bin/bin/../../lib/gcc/pic32mx/4.8.3/../../../../pic32mx/lib\libpic32.a(default-bootstrap-exception-handler.o)
 .debug_ranges  0x00000748       0x10 f:/program files (x86)/microchip/xc32/v1.42/bin/bin/../../lib/gcc/pic32mx/4.8.3/../../../../pic32mx/lib\libpic32.a(default-on-reset.o)
 .debug_ranges  0x00000758       0x10 f:/program files (x86)/microchip/xc32/v1.42/bin/bin/../../lib/gcc/pic32mx/4.8.3/../../../../pic32mx/lib\libpic32.a(default-on-bootstrap.o)
 .debug_ranges  0x00000768       0x10 f:/program files (x86)/microchip/xc32/v1.42/bin/bin/../../lib/gcc/pic32mx/4.8.3/../../../../pic32mx/lib\libpic32.a(defaultinterrupt.o)
 .debug_ranges  0x00000778       0x10 f:/program files (x86)/microchip/xc32/v1.42/bin/bin/../../lib/gcc/pic32mx/4.8.3/../../../../pic32mx/lib\libc.a(sprintf_cdnopuxX.eo)
 .debug_ranges  0x00000788       0x10 f:/program files (x86)/microchip/xc32/v1.42/bin/bin/../../lib/gcc/pic32mx/4.8.3/../../../../pic32mx/lib\libc.a(doprnt_cdnopuxX.eo)
 .debug_ranges  0x00000798       0x10 f:/program files (x86)/microchip/xc32/v1.42/bin/bin/../../lib/gcc/pic32mx/4.8.3/../../../../pic32mx/lib\libc.a(_fputc_simple.o)
 .debug_ranges  0x000007a8       0x10 f:/program files (x86)/microchip/xc32/v1.42/bin/bin/../../lib/gcc/pic32mx/4.8.3/../../../../pic32mx/lib\libc.a(_flsbuf_simple.o)
 .debug_ranges  0x000007b8       0x10 f:/program files (x86)/microchip/xc32/v1.42/bin/bin/../../lib/gcc/pic32mx/4.8.3/../../../../pic32mx/lib\libpic32.a(write.o)
 .debug_ranges  0x000007c8       0x10 f:/program files (x86)/microchip/xc32/v1.42/bin/bin/../../lib/gcc/pic32mx/4.8.3/../../../../pic32mx/lib\libpic32.a(_mon_putc.o)
 .debug_ranges  0x000007d8       0x98 f:/program files (x86)/microchip/xc32/v1.42/bin/bin/../../lib/gcc/pic32mx/4.8.3\libgcc.a(_udivdi3.o)
 .debug_ranges  0x00000870       0xd8 f:/program files (x86)/microchip/xc32/v1.42/bin/bin/../../lib/gcc/pic32mx/4.8.3\libgcc.a(_umoddi3.o)

.gnu.attributes
                0x00000000       0x10
 *(.gnu.attributes)
 .gnu.attributes
                0x00000000       0x10 build/default/production/_ext/639803181/sys_clk_static.o
 .gnu.attributes
                0x00000010       0x10 build/default/production/_ext/822048611/sys_ports_static.o
 .gnu.attributes
                0x00000020       0x10 build/default/production/_ext/1688732426/system_init.o
 .gnu.attributes
                0x00000030       0x10 build/default/production/_ext/1688732426/system_interrupt.o
 .gnu.attributes
                0x00000040       0x10 build/default/production/_ext/1688732426/system_exceptions.o
 .gnu.attributes
                0x00000050       0x10 build/default/production/_ext/1688732426/system_tasks.o
 .gnu.attributes
                0x00000060       0x10 build/default/production/_ext/1360937237/app.o
 .gnu.attributes
                0x00000070       0x10 build/default/production/_ext/1360937237/main.o
 .gnu.attributes
                0x00000080       0x10 build/default/production/i2c_master_noint.o
 .gnu.attributes
                0x00000090       0x10 build/default/production/ILI9163C.o
 .gnu.attributes
                0x000000a0       0x10 build/default/production/_ext/1820355960/drv_usbfs.o
 .gnu.attributes
                0x000000b0       0x10 build/default/production/_ext/1820355960/drv_usbfs_device.o
 .gnu.attributes
                0x000000c0       0x10 build/default/production/_ext/2015905298/sys_devcon.o
 .gnu.attributes
                0x000000d0       0x10 build/default/production/_ext/2015905298/sys_devcon_pic32mx.o
 .gnu.attributes
                0x000000e0       0x10 build/default/production/_ext/1235250312/sys_int_pic32.o
 .gnu.attributes
                0x000000f0       0x10 build/default/production/_ext/240043509/usb_device.o
 .gnu.attributes
                0x00000100       0x10 build/default/production/_ext/240043509/usb_device_cdc.o
 .gnu.attributes
                0x00000110       0x10 build/default/production/_ext/240043509/usb_device_cdc_acm.o
 .gnu.attributes
                0x00000120       0x10 f:/program files (x86)/microchip/xc32/v1.42/bin/bin/../../lib/gcc/pic32mx/4.8.3/../../../../pic32mx/lib\libpic32.a(default-bootstrap-exception-handler.o)
 .gnu.attributes
                0x00000130       0x10 f:/program files (x86)/microchip/xc32/v1.42/bin/bin/../../lib/gcc/pic32mx/4.8.3/../../../../pic32mx/lib\libpic32.a(default-on-reset.o)
 .gnu.attributes
                0x00000140       0x10 f:/program files (x86)/microchip/xc32/v1.42/bin/bin/../../lib/gcc/pic32mx/4.8.3/../../../../pic32mx/lib\libpic32.a(default-on-bootstrap.o)
 .gnu.attributes
                0x00000150       0x10 f:/program files (x86)/microchip/xc32/v1.42/bin/bin/../../lib/gcc/pic32mx/4.8.3/../../../../pic32mx/lib\libpic32.a(defaultinterrupt.o)
 .gnu.attributes
                0x00000160       0x10 f:/program files (x86)/microchip/xc32/v1.42/bin/bin/../../lib/gcc/pic32mx/4.8.3/../../../../pic32mx/lib\libc.a(sprintf_cdnopuxX.eo)
 .gnu.attributes
                0x00000170       0x10 f:/program files (x86)/microchip/xc32/v1.42/bin/bin/../../lib/gcc/pic32mx/4.8.3/../../../../pic32mx/lib\libc.a(doprnt_cdnopuxX.eo)
 .gnu.attributes
                0x00000180       0x10 f:/program files (x86)/microchip/xc32/v1.42/bin/bin/../../lib/gcc/pic32mx/4.8.3/../../../../pic32mx/lib\libc.a(_fputc_simple.o)
 .gnu.attributes
                0x00000190       0x10 f:/program files (x86)/microchip/xc32/v1.42/bin/bin/../../lib/gcc/pic32mx/4.8.3/../../../../pic32mx/lib\libc.a(ctype.o)
 .gnu.attributes
                0x000001a0       0x10 f:/program files (x86)/microchip/xc32/v1.42/bin/bin/../../lib/gcc/pic32mx/4.8.3/../../../../pic32mx/lib\libc.a(_iob.o)
 .gnu.attributes
                0x000001b0       0x10 f:/program files (x86)/microchip/xc32/v1.42/bin/bin/../../lib/gcc/pic32mx/4.8.3/../../../../pic32mx/lib\libc.a(_flsbuf_simple.o)
 .gnu.attributes
                0x000001c0       0x10 f:/program files (x86)/microchip/xc32/v1.42/bin/bin/../../lib/gcc/pic32mx/4.8.3/../../../../pic32mx/lib\libpic32.a(write.o)
 .gnu.attributes
                0x000001d0       0x10 f:/program files (x86)/microchip/xc32/v1.42/bin/bin/../../lib/gcc/pic32mx/4.8.3/../../../../pic32mx/lib\libpic32.a(_mon_putc.o)
 .gnu.attributes
                0x000001e0       0x10 f:/program files (x86)/microchip/xc32/v1.42/bin/bin/../../lib/gcc/pic32mx/4.8.3/../../../../pic32mx/lib\libpic32.a(xc32_uart.o)
 .gnu.attributes
                0x000001f0       0x10 f:/program files (x86)/microchip/xc32/v1.42/bin/bin/../../lib/gcc/pic32mx/4.8.3\libgcc.a(_udivdi3.o)
 .gnu.attributes
                0x00000200       0x10 f:/program files (x86)/microchip/xc32/v1.42/bin/bin/../../lib/gcc/pic32mx/4.8.3\libgcc.a(_umoddi3.o)
LOAD f:/program files (x86)/microchip/xc32/v1.42/bin/bin/../../lib/gcc/pic32mx/4.8.3\libgcc.a
START GROUP
LOAD f:/program files (x86)/microchip/xc32/v1.42/bin/bin/../../lib/gcc/pic32mx/4.8.3/../../../../pic32mx/lib\libpic32.a
LOAD f:/program files (x86)/microchip/xc32/v1.42/bin/bin/../../lib/gcc/pic32mx/4.8.3/../../../../pic32mx/lib\libdebug.a
LOAD f:/program files (x86)/microchip/xc32/v1.42/bin/bin/../../lib/gcc/pic32mx/4.8.3/../../../../pic32mx/lib\libpic32.a
LOAD f:/program files (x86)/microchip/xc32/v1.42/bin/bin/../../lib/gcc/pic32mx/4.8.3/../../../../pic32mx/lib\libm.a
LOAD f:/program files (x86)/microchip/xc32/v1.42/bin/bin/../../lib/gcc/pic32mx/4.8.3/../../../../pic32mx/lib\libe.a
LOAD f:/program files (x86)/microchip/xc32/v1.42/bin/bin/../../lib/gcc/pic32mx/4.8.3/../../../../pic32mx/lib\libdsp.a
LOAD f:/program files (x86)/microchip/xc32/v1.42/bin/bin/../../lib/gcc/pic32mx/4.8.3\libgcc.a
LOAD f:/program files (x86)/microchip/xc32/v1.42/bin/bin/../../lib/gcc/pic32mx/4.8.3/../../../../pic32mx/lib\libc.a
LOAD f:/program files (x86)/microchip/xc32/v1.42/bin/bin/../../lib/gcc/pic32mx/4.8.3/../../../../pic32mx/lib\libc.a
LOAD f:/program files (x86)/microchip/xc32/v1.42/bin/bin/../../lib/gcc/pic32mx/4.8.3/../../../../pic32mx/lib\libpic32.a
END GROUP
LOAD f:/program files (x86)/microchip/xc32/v1.42/bin/bin/../../lib/gcc/pic32mx/4.8.3\libgcc.a
OUTPUT(dist/default/production/HW10.X.production.elf elf32-tradlittlemips)
LOAD stack
LOAD data_init

.reginfo        0x00000000       0x18
 .reginfo       0x00000000       0x18 f:/program files (x86)/microchip/xc32/v1.42/bin/bin/../../lib/gcc/pic32mx/4.8.3/../../../../pic32mx/lib/./proc/32MX250F128B/crt0_mips32r2.o

.stack          0xa0000638      0x400
 .stack         0xa0000638      0x400 stack

.bss            0xa0000048       0xb8
 .bss           0xa0000048       0xb8 build/default/production/_ext/240043509/usb_device.o

.data           0xa0000100       0x50
 .data          0xa0000100       0x50 build/default/production/_ext/1820355960/drv_usbfs_device.o
                0xa0000100                gDrvUSBFSDeviceInterface

.bss            0xa0000150       0x44
 .bss           0xa0000150       0x44 f:/program files (x86)/microchip/xc32/v1.42/bin/bin/../../lib/gcc/pic32mx/4.8.3/../../../../pic32mx/lib\libc.a(_iob.o)
                0xa0000150                _sobuf
                0xa0000170                _sibuf
                0xa0000190                _outdone

.data           0xa0000194       0x14
 .data          0xa0000194       0x14 build/default/production/_ext/1360937237/app.o
                0xa0000194                FIRWeight

.bss            0xa00001a8       0x14
 .bss           0xa00001a8       0x14 build/default/production/_ext/1360937237/app.o
                0xa00001a8                MAFArray

._debug_exception
                0xbfc00480       0x2c
 ._debug_exception
                0xbfc00480       0x2c f:/program files (x86)/microchip/xc32/v1.42/bin/bin/../../lib/gcc/pic32mx/4.8.3/../../../../pic32mx/lib\debug-exception-return.o
                0xbfc00480                __DbgExecReturn

.text._vfprintf_cdnopuxX
                0x9d000000      0xad4
 .text._vfprintf_cdnopuxX
                0x9d000000      0xad4 f:/program files (x86)/microchip/xc32/v1.42/bin/bin/../../lib/gcc/pic32mx/4.8.3/../../../../pic32mx/lib\libc.a(doprnt_cdnopuxX.eo)
                0x9d000000                _vfprintf_cdnopuxX

.text._DRV_USBFS_DEVICE_Tasks_ISR
                0x9d000ad4      0x7c8
 .text._DRV_USBFS_DEVICE_Tasks_ISR
                0x9d000ad4      0x7c8 build/default/production/_ext/1820355960/drv_usbfs_device.o
                0x9d000ad4                _DRV_USBFS_DEVICE_Tasks_ISR

.text.APP_Tasks
                0x9d00129c      0x51c
 .text.APP_Tasks
                0x9d00129c      0x51c build/default/production/_ext/1360937237/app.o
                0x9d00129c                APP_Tasks

.text           0x9d0017b8      0x8bc
 .text          0x9d0017b8      0x464 f:/program files (x86)/microchip/xc32/v1.42/bin/bin/../../lib/gcc/pic32mx/4.8.3\libgcc.a(_umoddi3.o)
                0x9d0017b8                __umoddi3
 .text          0x9d001c1c      0x458 f:/program files (x86)/microchip/xc32/v1.42/bin/bin/../../lib/gcc/pic32mx/4.8.3\libgcc.a(_udivdi3.o)
                0x9d001c1c                __udivdi3

.text.fpsubadd  0x9d002074      0x278
 .text.fpsubadd
                0x9d002074      0x278 f:/program files (x86)/microchip/xc32/v1.42/bin/bin/../../lib/gcc/pic32mx/4.8.3/../../../../pic32mx/lib\libm.a(fp32subadd.o)
                0x9d002074                fpsub
                0x9d002074                __subsf3
                0x9d00207c                __addsf3
                0x9d00207c                fpadd

.text._USB_DEVICE_ProcessStandardDeviceGetRequests
                0x9d0022ec      0x268
 .text._USB_DEVICE_ProcessStandardDeviceGetRequests
                0x9d0022ec      0x268 build/default/production/_ext/240043509/usb_device.o
                0x9d0022ec                _USB_DEVICE_ProcessStandardDeviceGetRequests

.text.DRV_USBFS_DEVICE_IRPSubmit
                0x9d002554      0x21c
 .text.DRV_USBFS_DEVICE_IRPSubmit
                0x9d002554      0x21c build/default/production/_ext/1820355960/drv_usbfs_device.o
                0x9d002554                DRV_USBFS_DEVICE_IRPSubmit

.text._USB_DEVICE_EventHandler
                0x9d002770      0x214
 .text._USB_DEVICE_EventHandler
                0x9d002770      0x214 build/default/production/_ext/240043509/usb_device.o
                0x9d002770                _USB_DEVICE_EventHandler

.text._USB_DEVICE_ProcessStandardDeviceSetRequests
                0x9d002984      0x214
 .text._USB_DEVICE_ProcessStandardDeviceSetRequests
                0x9d002984      0x214 build/default/production/_ext/240043509/usb_device.o
                0x9d002984                _USB_DEVICE_ProcessStandardDeviceSetRequests

.text.DRV_USBFS_DEVICE_EndpointEnable
                0x9d002b98      0x208
 .text.DRV_USBFS_DEVICE_EndpointEnable
                0x9d002b98      0x208 build/default/production/_ext/1820355960/drv_usbfs_device.o
                0x9d002b98                DRV_USBFS_DEVICE_EndpointEnable

.text._USB_DEVICE_ControlTransferHandler
                0x9d002da0      0x204
 .text._USB_DEVICE_ControlTransferHandler
                0x9d002da0      0x204 build/default/production/_ext/240043509/usb_device.o
                0x9d002da0                _USB_DEVICE_ControlTransferHandler

.text.DRV_USBFS_Initialize
                0x9d002fa4      0x1d8
 .text.DRV_USBFS_Initialize
                0x9d002fa4      0x1d8 build/default/production/_ext/1820355960/drv_usbfs.o
                0x9d002fa4                DRV_USBFS_Initialize

.text.USB_DEVICE_CDC_Write
                0x9d00317c      0x1d4
 .text.USB_DEVICE_CDC_Write
                0x9d00317c      0x1d4 build/default/production/_ext/240043509/usb_device_cdc.o
                0x9d00317c                USB_DEVICE_CDC_Write

.text.fp32mul   0x9d003350      0x1bc
 .text.fp32mul  0x9d003350      0x1bc f:/program files (x86)/microchip/xc32/v1.42/bin/bin/../../lib/gcc/pic32mx/4.8.3/../../../../pic32mx/lib\libm.a(fp32mul.o)
                0x9d003350                fpmul
                0x9d003350                __mulsf3

.text.DRV_USBFS_DEVICE_EndpointStallClear
                0x9d00350c      0x1b8
 .text.DRV_USBFS_DEVICE_EndpointStallClear
                0x9d00350c      0x1b8 build/default/production/_ext/1820355960/drv_usbfs_device.o
                0x9d00350c                DRV_USBFS_DEVICE_EndpointStallClear

.text.USB_DEVICE_CDC_Read
                0x9d0036c4      0x1b4
 .text.USB_DEVICE_CDC_Read
                0x9d0036c4      0x1b4 build/default/production/_ext/240043509/usb_device_cdc.o
                0x9d0036c4                USB_DEVICE_CDC_Read

.text.DRV_USBFS_DEVICE_EndpointStall
                0x9d003878      0x1ac
 .text.DRV_USBFS_DEVICE_EndpointStall
                0x9d003878      0x1ac build/default/production/_ext/1820355960/drv_usbfs_device.o
                0x9d003878                DRV_USBFS_DEVICE_EndpointStall

.text._USB_DEVICE_Ep0ReceiveCompleteCallback
                0x9d003a24      0x184
 .text._USB_DEVICE_Ep0ReceiveCompleteCallback
                0x9d003a24      0x184 build/default/production/_ext/240043509/usb_device.o
                0x9d003a24                _USB_DEVICE_Ep0ReceiveCompleteCallback

.rodata         0x9d003ba8      0x180
 .rodata        0x9d003ba8      0x180 build/default/production/_ext/1688732426/system_init.o
                0x9d003ba8                usbDevInitData
                0x9d003bdc                usbMasterDescriptor
                0x9d003c08                stringDescriptors
                0x9d003c14                sd002
                0x9d003c44                sd001
                0x9d003c78                sd000
                0x9d003c7c                fullSpeedConfigDescSet
                0x9d003c80                fullSpeedConfigurationDescriptor
                0x9d003cc4                deviceDescriptor
                0x9d003cd8                funcRegistrationTable
                0x9d003cec                cdcInit0
                0x9d003cf8                sysDevconInit
                0x9d003cfc                drvUSBInit

.text._USB_DEVICE_CDC_ACMSetUpPacketHandler
                0x9d003d28      0x178
 .text._USB_DEVICE_CDC_ACMSetUpPacketHandler
                0x9d003d28      0x178 build/default/production/_ext/240043509/usb_device_cdc_acm.o
                0x9d003d28                _USB_DEVICE_CDC_ACMSetUpPacketHandler

.text.USB_DEVICE_Tasks
                0x9d003ea0      0x170
 .text.USB_DEVICE_Tasks
                0x9d003ea0      0x170 build/default/production/_ext/240043509/usb_device.o
                0x9d003ea0                USB_DEVICE_Tasks

.text           0x9d004010      0x168
 .text          0x9d004010      0x168 f:/program files (x86)/microchip/xc32/v1.42/bin/bin/../../lib/gcc/pic32mx/4.8.3/../../../../pic32mx/lib\libpic32.a(memcpy.o)
                0x9d004010                memcpy

.text.DRV_USBFS_DEVICE_EndpointDisable
                0x9d004178      0x158
 .text.DRV_USBFS_DEVICE_EndpointDisable
                0x9d004178      0x158 build/default/production/_ext/1820355960/drv_usbfs_device.o
                0x9d004178                DRV_USBFS_DEVICE_EndpointDisable

.text.USB_DEVICE_Initialize
                0x9d0042d0      0x158
 .text.USB_DEVICE_Initialize
                0x9d0042d0      0x158 build/default/production/_ext/240043509/usb_device.o
                0x9d0042d0                USB_DEVICE_Initialize

.text._USB_DEVICE_CDC_Initialization
                0x9d004428      0x158
 .text._USB_DEVICE_CDC_Initialization
                0x9d004428      0x158 build/default/production/_ext/240043509/usb_device_cdc.o
                0x9d004428                _USB_DEVICE_CDC_Initialization

.text.fputc     0x9d004580      0x144
 .text.fputc    0x9d004580      0x144 f:/program files (x86)/microchip/xc32/v1.42/bin/bin/../../lib/gcc/pic32mx/4.8.3/../../../../pic32mx/lib\libc.a(_fputc_simple.o)
                0x9d004580                fputc

.text.DRV_USBFS_DEVICE_IRPCancel
                0x9d0046c4      0x140
 .text.DRV_USBFS_DEVICE_IRPCancel
                0x9d0046c4      0x140 build/default/production/_ext/1820355960/drv_usbfs_device.o
                0x9d0046c4                DRV_USBFS_DEVICE_IRPCancel

.text.DRV_USBFS_DEVICE_IRPCancelAll
                0x9d004804      0x13c
 .text.DRV_USBFS_DEVICE_IRPCancelAll
                0x9d004804      0x13c build/default/production/_ext/1820355960/drv_usbfs_device.o
                0x9d004804                DRV_USBFS_DEVICE_IRPCancelAll

.text._IntHandlerUSBInstance0
                0x9d004940      0x134
 .text._IntHandlerUSBInstance0
                0x9d004940      0x134 build/default/production/_ext/1688732426/system_interrupt.o
                0x9d004940                _IntHandlerUSBInstance0

.text._flsbuf   0x9d004a74      0x12c
 .text._flsbuf  0x9d004a74      0x12c f:/program files (x86)/microchip/xc32/v1.42/bin/bin/../../lib/gcc/pic32mx/4.8.3/../../../../pic32mx/lib\libc.a(_flsbuf_simple.o)
                0x9d004a74                _flsbuf

.rodata         0x9d004ba0      0x128
 .rodata        0x9d004ba0      0x128 build/default/production/_ext/1688732426/system_exceptions.o

.dinit          0x9d004cc8      0x110
 .dinit         0x9d004cc8      0x110 data_init

.text.APP_USBDeviceCDCEventHandler
                0x9d004dd8      0x104
 .text.APP_USBDeviceCDCEventHandler
                0x9d004dd8      0x104 build/default/production/_ext/1360937237/app.o
                0x9d004dd8                APP_USBDeviceCDCEventHandler

.rodata         0x9d004edc      0x104
 .rodata        0x9d004edc      0x104 f:/program files (x86)/microchip/xc32/v1.42/bin/bin/../../lib/gcc/pic32mx/4.8.3/../../../../pic32mx/lib\libc.a(ctype.o)
                0x9d004edc                _ctype

.text._USB_DEVICE_ConfigureDevice
                0x9d004fe0      0x100
 .text._USB_DEVICE_ConfigureDevice
                0x9d004fe0      0x100 build/default/production/_ext/240043509/usb_device.o
                0x9d004fe0                _USB_DEVICE_ConfigureDevice

.text._USB_DEVICE_ProcessStandardEndpointRequest
                0x9d0050e0      0x100
 .text._USB_DEVICE_ProcessStandardEndpointRequest
                0x9d0050e0      0x100 build/default/production/_ext/240043509/usb_device.o
                0x9d0050e0                _USB_DEVICE_ProcessStandardEndpointRequest

.text._USB_DEVICE_CDC_ControlTransferHandler
                0x9d0051e0       0xfc
 .text._USB_DEVICE_CDC_ControlTransferHandler
                0x9d0051e0       0xfc build/default/production/_ext/240043509/usb_device_cdc.o
                0x9d0051e0                _USB_DEVICE_CDC_ControlTransferHandler

.text.APP_USBDeviceEventHandler
                0x9d0052dc       0xf4
 .text.APP_USBDeviceEventHandler
                0x9d0052dc       0xf4 build/default/production/_ext/1360937237/app.o
                0x9d0052dc                APP_USBDeviceEventHandler

.text.APP_Initialize
                0x9d0053d0       0xe0
 .text.APP_Initialize
                0x9d0053d0       0xe0 build/default/production/_ext/1360937237/app.o
                0x9d0053d0                APP_Initialize
